05-29 13:39:07.455  7631  7651 D [ui]aux_conn: 2/doConnect: tag#aux_conn count#0
05-29 13:39:07.455  7631  7651 I [ui]aux_conn: 2/doConnect: start & bind service#Intent { cmp=cn.zhimawu/com.netease.nimlib.service.NimService$Aux }
05-29 13:39:07.466  7654  7654 W zygote  : Unexpected CPU variant for X86 using defaults: x86
05-29 13:39:07.469  7631  7631 W zygote  : Unable to resolve Lcom/netease/nimlib/sdk/auth/AuthServiceObserver; annotation class 6992
05-29 13:39:07.469  7631  7651 D [ui]AppForegroundWatcher: 2/add AppForegroundObserver
05-29 13:39:07.473  7631  7651 I [ui]ui  : 2/ObserverManager add AuthServiceObserver/observeOnlineStatus
05-29 13:39:07.476  7631  7651 D [ui]room: 2/chat room startup
05-29 13:39:07.477  7631  7651 I [ui]ui  : 2/main process init done!
05-29 13:39:07.480  7631  7631 D Demo.ScreenUtil: screenWidth=768 screenHeight=1184 density=2.0
05-29 13:39:07.480  7631  7631 D Demo.ScreenUtil: screenWidth=768 screenHeight=1184 density=2.0
05-29 13:39:07.478  7654  7654 I JDWP    : type=1400 audit(0.0:4732): avc: denied { connectto } for path=006A6477702D636F6E74726F6C scontext=u:r:untrusted_app_25:s0:c512,c768 tcontext=u:r:init:s0 tclass=unix_stream_socket permissive=1
05-29 13:39:07.480  7631  7631 D Demo.ScreenUtil: screenWidth=768 screenHeight=1184 density=2.0
05-29 13:39:07.480  7631  7631 D Demo.ScreenUtil: screenWidth=768 screenHeight=1184 density=2.0
05-29 13:39:07.488  7631  7631 I StickerManager: Sticker Manager init...
05-29 13:39:07.501  7631  7631 W zygote  : Unable to resolve Lcom/netease/nimlib/sdk/auth/AuthServiceObserver; annotation class 6992
05-29 13:39:07.503  7631  7651 I [ui]ui  : 372/ResponseFactoryUI register handlers done
05-29 13:39:07.505  7631  7670 I LoginSyncDataStatusObserver: 2/observe login sync data completed event on Application create
05-29 13:39:07.505  7631  7631 W zygote  : Unable to resolve Lcom/netease/nimlib/sdk/friend/FriendServiceObserve; annotation class 6992
05-29 13:39:07.508  7631  7631 W zygote  : Unable to resolve Lcom/netease/nimlib/sdk/uinfo/UserServiceObserve; annotation class 6992
05-29 13:39:07.509  7631  7670 I Log     : 374/shrink log success
05-29 13:39:07.510  7631  7651 I [ui]ui  : 2/ObserverManager add AuthServiceObserver/observeLoginSyncDataStatus
05-29 13:39:07.511  7631  7631 W zygote  : Unable to resolve Lcom/netease/nimlib/sdk/team/TeamServiceObserver; annotation class 6992
05-29 13:39:07.512  7631  7631 W zygote  : Unable to resolve Lcom/netease/nimlib/sdk/team/TeamServiceObserver; annotation class 6992
05-29 13:39:07.512  7631  7651 I [ui]ui  : 2/ObserverManager add FriendServiceObserve/observeFriendChangedNotify
05-29 13:39:07.513  7631  7631 W zygote  : Unable to resolve Lcom/netease/nimlib/sdk/team/TeamServiceObserver; annotation class 6992
05-29 13:39:07.515  7631  7631 W zygote  : Unable to resolve Lcom/netease/nimlib/sdk/team/TeamServiceObserver; annotation class 6992
05-29 13:39:07.515  7631  7651 I [ui]ui  : 2/ObserverManager add UserServiceObserve/observeUserInfoUpdate
05-29 13:39:07.516  7631  7631 W zygote  : Unable to resolve Lcom/netease/nimlib/sdk/chatroom/ChatRoomServiceObserver; annotation class 6992
05-29 13:39:07.517  7631  7651 I [ui]ui  : 2/ObserverManager add TeamServiceObserver/observeTeamUpdate
05-29 13:39:07.521  7654  7673 I vndksupport: sphal namespace is not configured for this process. Loading /system/lib/egl/libGLES_emulation.so from the current namespace instead.
05-29 13:39:07.526  7631  7651 I [ui]ui  : 2/ObserverManager add TeamServiceObserver/observeTeamRemove
05-29 13:39:07.527  7631  7651 I [ui]ui  : 2/ObserverManager add TeamServiceObserver/observeMemberUpdate
05-29 13:39:07.529  7631  7651 I [ui]ui  : 2/ObserverManager add TeamServiceObserver/observeMemberRemove
05-29 13:39:07.531  7631  7631 W zygote  : Unable to resolve Lcom/netease/nimlib/sdk/msg/MsgService; annotation class 2348
05-29 13:39:07.531  7631  7651 I [ui]ui  : 2/ObserverManager add ChatRoomServiceObserver/observeReceiveMessage
05-29 13:39:07.538  7631  7651 I [ui]TransExec: 370/execute Transaction: [id: 10,  method: MsgService/registerCustomAttachmentParser]
05-29 13:39:07.541  7631  7631 E SdkInfo : ChannelSDK gitCommit:8463f4db8f6ac2a556a99176f6f09c48d43a8192
05-29 13:39:07.541  7631  7631 E SdkInfo : ChannelSDK gitBranch:dev-tb-201706
05-29 13:39:07.547  7654  7673 I vndksupport: sphal namespace is not configured for this process. Loading /system/lib/egl/libEGL_emulation.so from the current namespace instead.
05-29 13:39:07.560  7654  7654 W Tinker.TinkerLoader: tryLoadPatchFiles:patch dir not exist:/data/user/0/cn.zhimawu/tinker
05-29 13:39:07.560  7654  7673 I vndksupport: sphal namespace is not configured for this process. Loading /system/lib/egl/libGLESv1_CM_emulation.so from the current namespace instead.
05-29 13:39:07.561  7654  7654 D Tinker.DefaultAppLike: onBaseContextAttached:
05-29 13:39:07.562  7654  7654 I MultiDex: VM with version 2.1.0 has multidex support
05-29 13:39:07.562  7654  7654 I MultiDex: Installing application
05-29 13:39:07.562  7654  7654 I MultiDex: VM has multidex support, MultiDex support library is disabled.
05-29 13:39:07.562  7654  7654 I Tinker.SamplePatchListener: application maxMemory:96
05-29 13:39:07.564  7654  7654 W Tinker.Tinker: tinker patch directory: /data/user/0/cn.zhimawu/tinker
05-29 13:39:07.573  7654  7654 I Tinker.Tinker: try to install tinker, isEnable: true, version: 1.9.8
05-29 13:39:07.575  7654  7654 I Tinker.TinkerLoadResult: parseTinkerResult loadCode:-2, process name:cn.zhimawu:core, main process:false, systemOTA:false, fingerPrint:Android/vbox86p/vbox86p:8.0.0/OPR6.170623.017/233:userdebug/test-keys, oatDir:null, useInterpretMode:false
05-29 13:39:07.575  7654  7654 W Tinker.TinkerLoadResult: can't find patch file, is ok, just return
05-29 13:39:07.575  7654  7654 I Tinker.DefaultLoadReporter: patch loadReporter onLoadResult: patch load result, path:/data/user/0/cn.zhimawu/tinker, code: -2, cost: 2ms
05-29 13:39:07.575  7654  7654 W Tinker.Tinker: tinker load fail!
05-29 13:39:07.580  7654  7654 I Tinker.ComponentHotplug: method install() is not invoked, ignore ensuring operations.
05-29 13:39:07.580  7654  7654 D Tinker.DefaultAppLike: onCreate
05-29 13:39:07.583  7654  7654 I MMKV    : page size:4096
05-29 13:39:07.583  7654  7654 I MMKV    : root dir: /data/user/0/cn.zhimawu/files/mmkv
05-29 13:39:07.586  7654  7673 I vndksupport: sphal namespace is not configured for this process. Loading /system/lib/egl/libGLESv2_emulation.so from the current namespace instead.
05-29 13:39:07.640  7654  7654 E SdkInfo : ChannelSDK gitCommit:8463f4db8f6ac2a556a99176f6f09c48d43a8192
05-29 13:39:07.640  7654  7654 E SdkInfo : ChannelSDK gitBranch:dev-tb-201706
05-29 13:39:07.643  7654  7654 I NimExternalStorage: use public storage, path=null
05-29 13:39:07.651  7654  7680 D [push]AppDir: 2/DATA /data/user/0/cn.zhimawu/86f9d87f967d3f3a4d445d6af5d7aca4
05-29 13:39:07.651  7654  7680 D [push]AppDir: 2/CACHE /data/user/0/cn.zhimawu/cache/86f9d87f967d3f3a4d445d6af5d7aca4
05-29 13:39:07.651  7654  7680 I [push]core: 2/********** SDK Push Process Start **** sessionId:88d0e875-7fca-4f82-a8f1-85396a88f6a0 **** reduced IM:false **** from:NimService ************
05-29 13:39:07.658  7654  7681 D NetworkSecurityConfig: No Network Security Config specified, using platform default
05-29 13:39:07.659  7654  7680 I [push]core: 2/fetch LBS on SDK init...
05-29 13:39:07.662  7654  7680 I Log     : 374/shrink log success
05-29 13:39:07.672  7654  7680 I [push]LBS: 2/load cached LBS link address, links count=0, def links count=1
05-29 13:39:07.674  7654  7680 I [push]LBS: 2/load cached nosdl address, links count=0
05-29 13:39:07.676  7654  7680 I [push]LBS: 375/get server address from LBS on background
05-29 13:39:07.677  7654  7680 D [push]LBS: 375/LBS http get, url=https://lbs.netease.im/lbs/conf.jsp?tp=1&sv=58&pv=1&k=86f9d87f967d3f3a4d445d6af5d7aca4
05-29 13:39:07.678  7654  7680 I [push]core: 2/push client startup
05-29 13:39:07.678  7654  7680 I [push]app: 2/app is background, uid=10070
05-29 13:39:07.679  7654  7680 I [push]core: 2/nim service startup
05-29 13:39:07.680  7654  7680 I [push]remote: 2/UI process bound! service=NimService
05-29 13:39:07.682  7654  7654 W Tinker.UpgradePatchRetry: onPatchRetryLoad retry is not main process, just return
05-29 13:39:07.683  7654  7680 E [push]LBS: 375/LBS http error, e=Unable to resolve host "lbs.netease.im": No address associated with hostname
05-29 13:39:07.687  7654  7680 E [push]LBS: 375/get server address from LBS failed, get null
05-29 13:39:07.689  7654  7680 I [push]core: 2/NimService onStartCommand from#1 flags#0 startId#1
05-29 13:39:07.690  7654  7680 D [push]service: 2/start repeating alarm
05-29 13:39:07.690  7654  7680 I [push]core: 2/NimService onStartCommand from#0 flags#0 startId#2
05-29 13:39:07.690  7654  7680 D [push]service: 2/start repeating alarm
05-29 13:39:07.690  7654  7680 I [push]core: 2/aux service startup
05-29 13:39:07.691  7654  7680 I [push]core: 2/AuxService onStartCommand flags#0 startId#1 sticky=true
05-29 13:39:07.706  7631  7631 I cn.zhimawu: type=1400 audit(0.0:4733): avc: denied { read } for name=".envelope" dev="sdb3" ino=82067 scontext=u:r:untrusted_app_25:s0:c512,c768 tcontext=u:object_r:system_data_file:s0:c512,c768 tclass=dir permissive=1
05-29 13:39:07.716  7631  7631 I hlj     : ┌────────────────────────────────────────────────────────────────────────────────────────────────────────────────
05-29 13:39:07.718  7631  7631 I hlj     : │ Thread: main
05-29 13:39:07.718  7631  7631 I hlj     : ├┄┄┄┄┄┄┄┄┄┄┄┄┄┄┄┄┄┄┄┄┄┄┄┄┄┄┄┄┄┄┄┄┄┄┄┄┄┄┄┄┄┄┄┄┄┄┄┄┄┄┄┄┄┄┄┄┄┄┄┄┄┄┄┄┄┄┄┄┄┄┄┄┄┄┄┄┄┄┄┄┄┄┄┄┄┄┄┄┄┄┄┄┄┄┄┄┄┄┄┄┄┄┄┄┄┄┄┄┄┄┄┄
05-29 13:39:07.718  7631  7631 I hlj     : │ ZhiMaWuApplication.onCreate  (null:3)
05-29 13:39:07.718  7631  7631 I hlj     : │    TinkerApplication.onCreate  (TinkerApplication.java:175)
05-29 13:39:07.718  7631  7631 I hlj     : │       SampleApplicationLike.onCreate  (SampleApplicationLike.java:241)
05-29 13:39:07.718  7631  7631 I hlj     : │          SampleApplicationLike.resetConfig  (SampleApplicationLike.java:499)
05-29 13:39:07.718  7631  7631 I hlj     : │             LogUtils.i  (LogUtils.java:100)
05-29 13:39:07.718  7631  7631 I hlj     : ├┄┄┄┄┄┄┄┄┄┄┄┄┄┄┄┄┄┄┄┄┄┄┄┄┄┄┄┄┄┄┄┄┄┄┄┄┄┄┄┄┄┄┄┄┄┄┄┄┄┄┄┄┄┄┄┄┄┄┄┄┄┄┄┄┄┄┄┄┄┄┄┄┄┄┄┄┄┄┄┄┄┄┄┄┄┄┄┄┄┄┄┄┄┄┄┄┄┄┄┄┄┄┄┄┄┄┄┄┄┄┄┄
05-29 13:39:07.718  7631  7631 I hlj     : │ channel:helijia
05-29 13:39:07.719  7631  7631 I hlj     : └────────────────────────────────────────────────────────────────────────────────────────────────────────────────
05-29 13:39:07.720  7631  7691 E BluetoothAdapter: Bluetooth binder is null
05-29 13:39:07.721  7631  7631 I MMKV    : loading [mmkv.default] with 101 size in total, file size is 4096
05-29 13:39:07.721  7631  7631 I MMKV    : loading [mmkv.default] with crc 3470698059 sequence 2
05-29 13:39:07.721  7631  7631 I MMKV    : loaded [mmkv.default] with 1 values
05-29 13:39:07.721  7631  7631 I hlj     : ┌────────────────────────────────────────────────────────────────────────────────────────────────────────────────
05-29 13:39:07.722  7631  7631 I hlj     : │ Thread: main
05-29 13:39:07.722  7631  7631 I hlj     : ├┄┄┄┄┄┄┄┄┄┄┄┄┄┄┄┄┄┄┄┄┄┄┄┄┄┄┄┄┄┄┄┄┄┄┄┄┄┄┄┄┄┄┄┄┄┄┄┄┄┄┄┄┄┄┄┄┄┄┄┄┄┄┄┄┄┄┄┄┄┄┄┄┄┄┄┄┄┄┄┄┄┄┄┄┄┄┄┄┄┄┄┄┄┄┄┄┄┄┄┄┄┄┄┄┄┄┄┄┄┄┄┄
05-29 13:39:07.722  7631  7631 I hlj     : │ TinkerApplication.onCreate  (TinkerApplication.java:175)
05-29 13:39:07.722  7631  7631 I hlj     : │    SampleApplicationLike.onCreate  (SampleApplicationLike.java:241)
05-29 13:39:07.722  7631  7631 I hlj     : │       SampleApplicationLike.resetConfig  (SampleApplicationLike.java:513)
05-29 13:39:07.723  7631  7631 I hlj     : │          Config.reset  (Config.java:292)
05-29 13:39:07.723  7631  7631 I hlj     : │             LogUtils.i  (LogUtils.java:100)
05-29 13:39:07.724  7631  7631 I hlj     : ├┄┄┄┄┄┄┄┄┄┄┄┄┄┄┄┄┄┄┄┄┄┄┄┄┄┄┄┄┄┄┄┄┄┄┄┄┄┄┄┄┄┄┄┄┄┄┄┄┄┄┄┄┄┄┄┄┄┄┄┄┄┄┄┄┄┄┄┄┄┄┄┄┄┄┄┄┄┄┄┄┄┄┄┄┄┄┄┄┄┄┄┄┄┄┄┄┄┄┄┄┄┄┄┄┄┄┄┄┄┄┄┄
05-29 13:39:07.724  7631  7631 I hlj     : │ ENV_TYPE=1
05-29 13:39:07.724  7631  7631 I hlj     : └────────────────────────────────────────────────────────────────────────────────────────────────────────────────
05-29 13:39:07.725  7631  7631 I hlj     : ┌────────────────────────────────────────────────────────────────────────────────────────────────────────────────
05-29 13:39:07.726  7631  7631 I hlj     : │ Thread: main
05-29 13:39:07.726  7631  7631 I hlj     : ├┄┄┄┄┄┄┄┄┄┄┄┄┄┄┄┄┄┄┄┄┄┄┄┄┄┄┄┄┄┄┄┄┄┄┄┄┄┄┄┄┄┄┄┄┄┄┄┄┄┄┄┄┄┄┄┄┄┄┄┄┄┄┄┄┄┄┄┄┄┄┄┄┄┄┄┄┄┄┄┄┄┄┄┄┄┄┄┄┄┄┄┄┄┄┄┄┄┄┄┄┄┄┄┄┄┄┄┄┄┄┄┄
05-29 13:39:07.726  7631  7631 I hlj     : │ TinkerApplication.onCreate  (TinkerApplication.java:175)
05-29 13:39:07.726  7631  7631 I hlj     : │    SampleApplicationLike.onCreate  (SampleApplicationLike.java:241)
05-29 13:39:07.726  7631  7631 I hlj     : │       SampleApplicationLike.resetConfig  (SampleApplicationLike.java:513)
05-29 13:39:07.726  7631  7631 I hlj     : │          Config.reset  (Config.java:357)
05-29 13:39:07.726  7631  7631 I hlj     : │             LogUtils.i  (LogUtils.java:100)
05-29 13:39:07.726  7631  7631 I hlj     : ├┄┄┄┄┄┄┄┄┄┄┄┄┄┄┄┄┄┄┄┄┄┄┄┄┄┄┄┄┄┄┄┄┄┄┄┄┄┄┄┄┄┄┄┄┄┄┄┄┄┄┄┄┄┄┄┄┄┄┄┄┄┄┄┄┄┄┄┄┄┄┄┄┄┄┄┄┄┄┄┄┄┄┄┄┄┄┄┄┄┄┄┄┄┄┄┄┄┄┄┄┄┄┄┄┄┄┄┄┄┄┄┄
05-29 13:39:07.727  7631  7631 I hlj     : │ reseturl to ::: rooturl: https://stg-app.helijia.com/ h5:https://stg-m.helijia.com/www/  monitor:https://bitest.helijia.com/a/b.jpg
05-29 13:39:07.727  7631  7631 I hlj     : └────────────────────────────────────────────────────────────────────────────────────────────────────────────────
05-29 13:39:07.728  7631  7631 I hlj     : ┌────────────────────────────────────────────────────────────────────────────────────────────────────────────────
05-29 13:39:07.729  7631  7631 I hlj     : │ Thread: main
05-29 13:39:07.729  7631  7631 I hlj     : ├┄┄┄┄┄┄┄┄┄┄┄┄┄┄┄┄┄┄┄┄┄┄┄┄┄┄┄┄┄┄┄┄┄┄┄┄┄┄┄┄┄┄┄┄┄┄┄┄┄┄┄┄┄┄┄┄┄┄┄┄┄┄┄┄┄┄┄┄┄┄┄┄┄┄┄┄┄┄┄┄┄┄┄┄┄┄┄┄┄┄┄┄┄┄┄┄┄┄┄┄┄┄┄┄┄┄┄┄┄┄┄┄
05-29 13:39:07.729  7631  7631 I hlj     : │ ZhiMaWuApplication.onCreate  (null:3)
05-29 13:39:07.729  7631  7631 I hlj     : │    TinkerApplication.onCreate  (TinkerApplication.java:175)
05-29 13:39:07.729  7631  7631 I hlj     : │       SampleApplicationLike.onCreate  (SampleApplicationLike.java:241)
05-29 13:39:07.729  7631  7631 I hlj     : │          SampleApplicationLike.resetConfig  (SampleApplicationLike.java:514)
05-29 13:39:07.730  7631  7631 I hlj     : │             LogUtils.i  (LogUtils.java:100)
05-29 13:39:07.730  7631  7631 I hlj     : ├┄┄┄┄┄┄┄┄┄┄┄┄┄┄┄┄┄┄┄┄┄┄┄┄┄┄┄┄┄┄┄┄┄┄┄┄┄┄┄┄┄┄┄┄┄┄┄┄┄┄┄┄┄┄┄┄┄┄┄┄┄┄┄┄┄┄┄┄┄┄┄┄┄┄┄┄┄┄┄┄┄┄┄┄┄┄┄┄┄┄┄┄┄┄┄┄┄┄┄┄┄┄┄┄┄┄┄┄┄┄┄┄
05-29 13:39:07.730  7631  7631 I hlj     : │ MESSAGE_PUSH_URL:https://stg-message.int.helijia.com/
05-29 13:39:07.730  7631  7631 I hlj     : └────────────────────────────────────────────────────────────────────────────────────────────────────────────────
05-29 13:39:07.742   384   384 I HwBinder:384_1: type=1400 audit(0.0:4734): avc: denied { sendto } for path="/dev/socket/logdw" scontext=u:r:hal_sensors_default:s0 tcontext=u:r:init:s0 tclass=unix_dgram_socket permissive=1
05-29 13:39:07.744   384   548 D Sensors : batch handle 1, but there is no batch sensor in genymotion
05-29 13:39:07.749  7631  7631 I TD_JAVA : Open tongdun sdk log
05-29 13:39:07.754   367   511 W ActivityManager: setHasOverlayUi called on unknown pid: 7249
05-29 13:39:07.760   367   486 E memtrack: Couldn't load memtrack module
05-29 13:39:07.760   367   486 W android.os.Debug: failed to get memory consumption info: -1
05-29 13:39:07.771  7631  7651 I [ui]main_conn: 2/onServiceConnected: binder#android.os.BinderProxy@f9674ab
05-29 13:39:07.773  7654  7680 I [push]remote: 378/IPC duplex channel established
05-29 13:39:07.776  7654  7680 I [push]sdk_config_push: 378/read sdk config from SP, sdk config=[1,1,1,1]
05-29 13:39:07.781  7631  7651 I [ui]sdk_config_ui: 371/read sdk config from push, sdk config=[1,1,1,1]
05-29 13:39:07.783  7631  7651 I [ui]aux_conn: 2/onServiceConnected: binder#android.os.BinderProxy@1ddf708
05-29 13:39:07.792  7631  7651 I [ui]InvocationMgr: 371/on notify: Transaction: [id: 11,  method: AuthServiceObserver/observeOtherClients]
05-29 13:39:07.794  7705  7705 I zygote  : Late-enabling -Xcheck:jni
05-29 13:39:07.800   367  1145 I ActivityManager: Start proc 7705:cn.zhimawu:remote/u0a70 for service cn.zhimawu/com.common.stat.server.RemoteService
05-29 13:39:07.810  7705  7705 W zygote  : Unexpected CPU variant for X86 using defaults: x86
05-29 13:39:07.817  1203  1271 W OpenGLRenderer: Incorrectly called buildLayer on View: ShortcutAndWidgetContainer, destroying layer...
05-29 13:39:07.818  7631  7631 W Tinker.UpgradePatchRetry: onPatchRetryLoad retry info not exist, just return
05-29 13:39:07.822  7631  7631 I work_thread: type=1400 audit(0.0:4741): avc: denied { remove_name } for name="um_pri.xml" dev="sdb3" ino=82098 scontext=u:r:untrusted_app_25:s0:c512,c768 tcontext=u:object_r:system_data_file:s0:c512,c768 tclass=dir permissive=1
05-29 13:39:07.822  7631  7631 I work_thread: type=1400 audit(0.0:4742): avc: denied { rename } for name="um_pri.xml" dev="sdb3" ino=82098 scontext=u:r:untrusted_app_25:s0:c512,c768 tcontext=u:object_r:system_data_file:s0:c512,c768 tclass=file permissive=1
05-29 13:39:07.834  7631  7631 I work_thread: type=1400 audit(0.0:4743): avc: denied { setattr } for name="um_pri.xml" dev="sdb3" ino=82195 scontext=u:r:untrusted_app_25:s0:c512,c768 tcontext=u:object_r:system_data_file:s0:c512,c768 tclass=file permissive=1
05-29 13:39:07.845  7631  7700 W zygote  : Skipping duplicate class check due to unrecognized classloader
05-29 13:39:07.846  7631  7631 I Thread-5: type=1400 audit(0.0:4745): avc: denied { open } for path="/dev/__properties__/u:object_r:serialno_prop:s0" dev="tmpfs" ino=7934 scontext=u:r:untrusted_app_25:s0:c512,c768 tcontext=u:object_r:serialno_prop:s0 tclass=file permissive=1
05-29 13:39:07.846  7631  7631 I Thread-5: type=1400 audit(0.0:4746): avc: denied { getattr } for path="/dev/__properties__/u:object_r:serialno_prop:s0" dev="tmpfs" ino=7934 scontext=u:r:untrusted_app_25:s0:c512,c768 tcontext=u:object_r:serialno_prop:s0 tclass=file permissive=1
05-29 13:39:07.846  7631  7631 I Thread-5: type=1400 audit(0.0:4747): avc: denied { read } for name="address" dev="sysfs" ino=7083 scontext=u:r:untrusted_app_25:s0:c512,c768 tcontext=u:object_r:sysfs:s0 tclass=file permissive=1
05-29 13:39:07.846  7631  7631 I Thread-5: type=1400 audit(0.0:4748): avc: denied { open } for path="/sys/devices/virtual/mac80211_hwsim/hwsim0/net/wlan0/address" dev="sysfs" ino=7083 scontext=u:r:untrusted_app_25:s0:c512,c768 tcontext=u:object_r:sysfs:s0 tclass=file permissive=1
05-29 13:39:07.846  7631  7631 I Thread-5: type=1400 audit(0.0:4749): avc: denied { getattr } for path="/sys/devices/virtual/mac80211_hwsim/hwsim0/net/wlan0/address" dev="sysfs" ino=7083 scontext=u:r:untrusted_app_25:s0:c512,c768 tcontext=u:object_r:sysfs:s0 tclass=file permissive=1
05-29 13:39:07.847  7631  7700 I TD_JAVA : Load fm-core success
05-29 13:39:07.848  7631  7700 I TD_JAVA : Tongdun sdk init success
05-29 13:39:07.848  7631  7700 I TD_JAVA : Tongdun sdk load success
05-29 13:39:07.858  7705  7728 I vndksupport: sphal namespace is not configured for this process. Loading /system/lib/egl/libGLES_emulation.so from the current namespace instead.
05-29 13:39:07.858  7705  7728 I vndksupport: sphal namespace is not configured for this process. Loading /system/lib/egl/libEGL_emulation.so from the current namespace instead.
05-29 13:39:07.861  7705  7728 I vndksupport: sphal namespace is not configured for this process. Loading /system/lib/egl/libGLESv1_CM_emulation.so from the current namespace instead.
05-29 13:39:07.866  7705  7728 I vndksupport: sphal namespace is not configured for this process. Loading /system/lib/egl/libGLESv2_emulation.so from the current namespace instead.
05-29 13:39:07.880   384   384 D Sensors : batch handle 1, but there is no batch sensor in genymotion
05-29 13:39:07.882  7705  7705 W Tinker.TinkerLoader: tryLoadPatchFiles:patch dir not exist:/data/user/0/cn.zhimawu/tinker
05-29 13:39:07.882  7631  7727 E SensorManager: sensor or listener is null
05-29 13:39:07.882  7631  7727 E SensorManager: sensor or listener is null
05-29 13:39:07.883  7705  7705 D Tinker.DefaultAppLike: onBaseContextAttached:
05-29 13:39:07.883  7705  7705 I MultiDex: VM with version 2.1.0 has multidex support
05-29 13:39:07.883  7705  7705 I MultiDex: Installing application
05-29 13:39:07.883  7705  7705 I MultiDex: VM has multidex support, MultiDex support library is disabled.
05-29 13:39:07.885  7705  7705 I Tinker.SamplePatchListener: application maxMemory:96
05-29 13:39:07.886  7705  7705 W Tinker.Tinker: tinker patch directory: /data/user/0/cn.zhimawu/tinker
05-29 13:39:07.887  7705  7705 I Tinker.Tinker: try to install tinker, isEnable: true, version: 1.9.8
05-29 13:39:07.888  7631  7702 W DeviceId: galaxy lib host missing meta-data,make sure you know the right way to integrate galaxy
05-29 13:39:07.888  7631  7702 I chatty  : uid=10070(u0_a70) Thread-7 identical 1 line
05-29 13:39:07.888  7631  7702 W DeviceId: galaxy lib host missing meta-data,make sure you know the right way to integrate galaxy
05-29 13:39:07.888  7705  7705 I Tinker.TinkerLoadResult: parseTinkerResult loadCode:-2, process name:cn.zhimawu:remote, main process:false, systemOTA:false, fingerPrint:Android/vbox86p/vbox86p:8.0.0/OPR6.170623.017/233:userdebug/test-keys, oatDir:null, useInterpretMode:false
05-29 13:39:07.888  7705  7705 W Tinker.TinkerLoadResult: can't find patch file, is ok, just return
05-29 13:39:07.888  7705  7705 I Tinker.DefaultLoadReporter: patch loadReporter onLoadResult: patch load result, path:/data/user/0/cn.zhimawu/tinker, code: -2, cost: 12ms
05-29 13:39:07.888  7705  7705 W Tinker.Tinker: tinker load fail!
05-29 13:39:07.889  7705  7705 I Tinker.ComponentHotplug: method install() is not invoked, ignore ensuring operations.
05-29 13:39:07.889  7705  7705 D Tinker.DefaultAppLike: onCreate
05-29 13:39:07.897  7705  7705 I MMKV    : page size:4096
05-29 13:39:07.897  7705  7705 I MMKV    : root dir: /data/user/0/cn.zhimawu/files/mmkv
05-29 13:39:07.907  7631  7711 I hlj     : ┌────────────────────────────────────────────────────────────────────────────────────────────────────────────────
05-29 13:39:07.909  7631  7711 I hlj     : │ Thread: IntentService[AppConfigIntentService]
05-29 13:39:07.909  7631  7711 I hlj     : ├┄┄┄┄┄┄┄┄┄┄┄┄┄┄┄┄┄┄┄┄┄┄┄┄┄┄┄┄┄┄┄┄┄┄┄┄┄┄┄┄┄┄┄┄┄┄┄┄┄┄┄┄┄┄┄┄┄┄┄┄┄┄┄┄┄┄┄┄┄┄┄┄┄┄┄┄┄┄┄┄┄┄┄┄┄┄┄┄┄┄┄┄┄┄┄┄┄┄┄┄┄┄┄┄┄┄┄┄┄┄┄┄
05-29 13:39:07.909  7631  7711 I hlj     : │ IntentService$ServiceHandler.handleMessage  (IntentService.java:68)
05-29 13:39:07.909  7631  7711 I hlj     : │    AppConfigIntentService.onHandleIntent  (AppConfigIntentService.java:140)
05-29 13:39:07.909  7631  7711 I hlj     : │       AppConfigIntentService.handleDnsSwitch  (AppConfigIntentService.java:448)
05-29 13:39:07.909  7631  7711 I hlj     : │          NetUtils.getTransactionSignature  (NetUtils.java:149)
05-29 13:39:07.909  7631  7711 I hlj     : │             LogUtils.i  (LogUtils.java:100)
05-29 13:39:07.909  7631  7711 I hlj     : ├┄┄┄┄┄┄┄┄┄┄┄┄┄┄┄┄┄┄┄┄┄┄┄┄┄┄┄┄┄┄┄┄┄┄┄┄┄┄┄┄┄┄┄┄┄┄┄┄┄┄┄┄┄┄┄┄┄┄┄┄┄┄┄┄┄┄┄┄┄┄┄┄┄┄┄┄┄┄┄┄┄┄┄┄┄┄┄┄┄┄┄┄┄┄┄┄┄┄┄┄┄┄┄┄┄┄┄┄┄┄┄┄
05-29 13:39:07.910  7631  7711 I hlj     : │ signature parameter is access_token=test&appVersion=4.21.0&bundleID=cn.zhimawu&channel=helijia&city=110100&deviceId=5793ac9ed7727d4471b814a4133d9530&deviceType=android&device_id=5793ac9ed7727d4471b814a4133d9530&device_type=android&name=httpdns_on&req_time=1559137147848&requestTime=1559137147848&sign_type=md5&test=test&timestamp=1559137147903&version=4.21.0
05-29 13:39:07.910  7631  7711 I hlj     : └────────────────────────────────────────────────────────────────────────────────────────────────────────────────
05-29 13:39:07.911  7631  7701 D JIGUANG-JPush: [JPushInterface] action:init - sdkVersion:3.1.8, buildId:428
05-29 13:39:07.918  7631  7702 I BaiduApiAuth: BaiduApiAuth SDK Version:1.0.22
05-29 13:39:07.919  7631  7701 D JIGUANG-JPush: [AndroidUtil] action:checkValidManifest
05-29 13:39:07.921  7705  7705 E SdkInfo : ChannelSDK gitCommit:8463f4db8f6ac2a556a99176f6f09c48d43a8192
05-29 13:39:07.921  7705  7705 E SdkInfo : ChannelSDK gitBranch:dev-tb-201706
05-29 13:39:07.932  7705  7705 W Tinker.UpgradePatchRetry: onPatchRetryLoad retry is not main process, just return
05-29 13:39:07.934  7631  7734 D JIGUANG-JCore: [JCoreGlobal] action:init - sdkVersion:1.2.6, buildId:101
05-29 13:39:07.936  7631  7738 W System.err: java.net.UnknownHostException: Unable to resolve host "stg-customer-api.helijia.com": No address associated with hostname
05-29 13:39:07.938  7631  7730 D NetworkSecurityConfig: No Network Security Config specified, using platform default
05-29 13:39:07.940  7631  7738 W System.err: 	at java.net.Inet6AddressImpl.lookupHostByName(Inet6AddressImpl.java:141)
05-29 13:39:07.940  7631  7738 W System.err: 	at java.net.Inet6AddressImpl.lookupAllHostAddr(Inet6AddressImpl.java:90)
05-29 13:39:07.940  7631  7738 W System.err: 	at java.net.InetAddress.getByName(InetAddress.java:743)
05-29 13:39:07.940  7631  7738 W System.err: 	at com.tencent.msdk.dns.MSDKDnsResolver.a(Unknown Source:1)
05-29 13:39:07.940  7631  7738 W System.err: 	at com.tencent.msdk.dns.g.run(Unknown Source:18)
05-29 13:39:07.944  7631  7738 W System.err: 	at java.lang.Thread.run(Thread.java:764)
05-29 13:39:07.944  7631  7738 W System.err: Caused by: android.system.GaiException: android_getaddrinfo failed: EAI_NODATA (No address associated with hostname)
05-29 13:39:07.944  7631  7738 W System.err: 	at libcore.io.Linux.android_getaddrinfo(Native Method)
05-29 13:39:07.944  7631  7738 W System.err: 	at libcore.io.ForwardingOs.android_getaddrinfo(ForwardingOs.java:58)
05-29 13:39:07.944  7631  7738 W System.err: 	at java.net.Inet6AddressImpl.lookupHostByName(Inet6AddressImpl.java:122)
05-29 13:39:07.944  7631  7738 W System.err: 	... 5 more
05-29 13:39:07.949  7631  7730 W System.err: java.net.UnknownHostException: Unable to resolve host "oth.update.mdt.qq.com": No address associated with hostname
05-29 13:39:07.949  7631  7730 W System.err: 	at java.net.Inet6AddressImpl.lookupHostByName(Inet6AddressImpl.java:111)
05-29 13:39:07.949  7631  7730 W System.err: 	at java.net.Inet6AddressImpl.lookupAllHostAddr(Inet6AddressImpl.java:90)
05-29 13:39:07.949  7631  7730 W System.err: 	at java.net.InetAddress.getAllByName(InetAddress.java:787)
05-29 13:39:07.949  7631  7730 W System.err: 	at com.android.okhttp.Dns$1.lookup(Dns.java:39)
05-29 13:39:07.949  7631  7730 W System.err: 	at com.android.okhttp.internal.http.RouteSelector.resetNextInetSocketAddress(RouteSelector.java:175)
05-29 13:39:07.949  7631  7730 W System.err: 	at com.android.okhttp.internal.http.RouteSelector.nextProxy(RouteSelector.java:141)
05-29 13:39:07.949  7631  7730 W System.err: 	at com.android.okhttp.internal.http.RouteSelector.next(RouteSelector.java:83)
05-29 13:39:07.949  7631  7730 W System.err: 	at com.android.okhttp.internal.http.StreamAllocation.findConnection(StreamAllocation.java:174)
05-29 13:39:07.949  7631  7730 W System.err: 	at com.android.okhttp.internal.http.StreamAllocation.findHealthyConnection(StreamAllocation.java:126)
05-29 13:39:07.949  7631  7730 W System.err: 	at com.android.okhttp.internal.http.StreamAllocation.newStream(StreamAllocation.java:95)
05-29 13:39:07.949  7631  7730 W System.err: 	at com.android.okhttp.internal.http.HttpEngine.connect(HttpEngine.java:281)
05-29 13:39:07.949  7631  7730 W System.err: 	at com.android.okhttp.internal.http.HttpEngine.sendRequest(HttpEngine.java:224)
05-29 13:39:07.951  7631  7730 W System.err: 	at com.android.okhttp.internal.huc.HttpURLConnectionImpl.execute(HttpURLConnectionImpl.java:461)
05-29 13:39:07.951  7631  7730 W System.err: 	at com.android.okhttp.internal.huc.HttpURLConnectionImpl.connect(HttpURLConnectionImpl.java:127)
05-29 13:39:07.952  7631  7730 W System.err: 	at com.android.okhttp.internal.huc.HttpURLConnectionImpl.getOutputStream(HttpURLConnectionImpl.java:258)
05-29 13:39:07.952  7631  7730 W System.err: 	at com.networkbench.agent.impl.instrumentation.NBSHttpURLConnectionExtension.getOutputStream(SourceFile:405)
05-29 13:39:07.952  7631  7730 W System.err: 	at com.tencent.beacon.cover.h.a(ProGuard:191)
05-29 13:39:07.952  7631  7730 W System.err: 	at com.tencent.beacon.cover.h.b(ProGuard:167)
05-29 13:39:07.952  7631  7730 W System.err: 	at com.tencent.beacon.cover.h.run(ProGuard:273)
05-29 13:39:07.952  7631  7730 W System.err: 	at java.lang.Thread.run(Thread.java:764)
05-29 13:39:07.960  7631  7735 W System.err: java.net.ConnectException: Failed to connect to /119.29.29.29:80
05-29 13:39:07.961  7631  7735 W System.err: 	at com.android.okhttp.internal.io.RealConnection.connectSocket(RealConnection.java:143)
05-29 13:39:07.961  7631  7735 W System.err: 	at com.android.okhttp.internal.io.RealConnection.connect(RealConnection.java:112)
05-29 13:39:07.961  7631  7735 W System.err: 	at com.android.okhttp.internal.http.StreamAllocation.findConnection(StreamAllocation.java:184)
05-29 13:39:07.962  7631  7735 W System.err: 	at com.android.okhttp.internal.http.StreamAllocation.findHealthyConnection(StreamAllocation.java:126)
05-29 13:39:07.962  7631  7735 W System.err: 	at com.android.okhttp.internal.http.StreamAllocation.newStream(StreamAllocation.java:95)
05-29 13:39:07.962  7631  7735 W System.err: 	at com.android.okhttp.internal.http.HttpEngine.connect(HttpEngine.java:281)
05-29 13:39:07.962  7631  7735 W System.err: 	at com.android.okhttp.internal.http.HttpEngine.sendRequest(HttpEngine.java:224)
05-29 13:39:07.962  7631  7735 W System.err: 	at com.android.okhttp.internal.huc.HttpURLConnectionImpl.execute(HttpURLConnectionImpl.java:461)
05-29 13:39:07.962  7631  7735 W System.err: 	at com.android.okhttp.internal.huc.HttpURLConnectionImpl.getResponse(HttpURLConnectionImpl.java:407)
05-29 13:39:07.962  7631  7735 W System.err: 	at com.android.okhttp.internal.huc.HttpURLConnectionImpl.getInputStream(HttpURLConnectionImpl.java:244)
05-29 13:39:07.962  7631  7735 W System.err: 	at com.networkbench.agent.impl.instrumentation.NBSHttpURLConnectionExtension.getInputStream(SourceFile:302)
05-29 13:39:07.962  7631  7735 W System.err: 	at com.tencent.msdk.dns.MSDKDnsResolver.b(Unknown Source:259)
05-29 13:39:07.962  7631  7735 W System.err: 	at com.tencent.msdk.dns.MSDKDnsResolver.a(Unknown Source:1)
05-29 13:39:07.962  7631  7735 W System.err: 	at com.tencent.msdk.dns.f.run(Unknown Source:18)
05-29 13:39:07.962  7631  7735 W System.err: 	at java.lang.Thread.run(Thread.java:764)
05-29 13:39:07.964  7631  7711 I hlj     : ┌────────────────────────────────────────────────────────────────────────────────────────────────────────────────
05-29 13:39:07.965  7744  7744 I zygote  : Late-enabling -Xcheck:jni
05-29 13:39:07.966  7631  7711 I hlj     : │ Thread: IntentService[AppConfigIntentService]
05-29 13:39:07.966  7631  7711 I hlj     : ├┄┄┄┄┄┄┄┄┄┄┄┄┄┄┄┄┄┄┄┄┄┄┄┄┄┄┄┄┄┄┄┄┄┄┄┄┄┄┄┄┄┄┄┄┄┄┄┄┄┄┄┄┄┄┄┄┄┄┄┄┄┄┄┄┄┄┄┄┄┄┄┄┄┄┄┄┄┄┄┄┄┄┄┄┄┄┄┄┄┄┄┄┄┄┄┄┄┄┄┄┄┄┄┄┄┄┄┄┄┄┄┄
05-29 13:39:07.966  7631  7711 I hlj     : │ AppConfigRepository.getIP  (AppConfigRepository.java:49)
05-29 13:39:07.966  7631  7711 I hlj     : │    OkHttpHttpDnsTencentInterceptor.WGGetHostByName  (OkHttpHttpDnsTencentInterceptor.java:65)
05-29 13:39:07.966  7631  7711 I hlj     : │       HLogerUtils.i  (HLogerUtils.java:20)
05-29 13:39:07.966  7631  7711 I hlj     : │          NetConfigUtils$setDebugConfig$1.i  (NetConfigUtils.kt:28)
05-29 13:39:07.967  7631  7711 I hlj     : │             LogUtils.i  (LogUtils.java:140)
05-29 13:39:07.967  7631  7711 I hlj     : ├┄┄┄┄┄┄┄┄┄┄┄┄┄┄┄┄┄┄┄┄┄┄┄┄┄┄┄┄┄┄┄┄┄┄┄┄┄┄┄┄┄┄┄┄┄┄┄┄┄┄┄┄┄┄┄┄┄┄┄┄┄┄┄┄┄┄┄┄┄┄┄┄┄┄┄┄┄┄┄┄┄┄┄┄┄┄┄┄┄┄┄┄┄┄┄┄┄┄┄┄┄┄┄┄┄┄┄┄┄┄┄┄
05-29 13:39:07.967  7631  7711 I hlj     : │ Final to user ips are:null
05-29 13:39:07.967  7631  7711 I hlj     : └────────────────────────────────────────────────────────────────────────────────────────────────────────────────
05-29 13:39:07.970   367  3557 I ActivityManager: Start proc 7744:cn.zhimawu:pushcore/u0a70 for content provider cn.zhimawu/cn.jpush.android.service.DataProvider
05-29 13:39:07.973  7631  7702 D phoneInfo: mAppSysOSAPI not null
05-29 13:39:07.973  7631  7702 D phoneInfo: Bundle[{screen_x=768, screen_y=1184, mb=Custom Phone8.0, os=Android26, sv=5.2.1, cpu=, glr=, glv=, net=0, pcn=cn.zhimawu, cuid=0F20F75A62BF86EE3E7B6909CABEED47|000000000000000, dpi_x=320, dpi_y=320, resid=02, channel=baidu, signature=[B@fe589f3}]
05-29 13:39:07.988  7744  7744 W zygote  : Unexpected CPU variant for X86 using defaults: x86
05-29 13:39:08.000  7631  7702 E PermissionCheck: permission check result is: -10
05-29 13:39:08.018  7744  7765 I vndksupport: sphal namespace is not configured for this process. Loading /system/lib/egl/libGLES_emulation.so from the current namespace instead.
05-29 13:39:08.019  7744  7765 I vndksupport: sphal namespace is not configured for this process. Loading /system/lib/egl/libEGL_emulation.so from the current namespace instead.
05-29 13:39:08.022  7631  7702 E SdkInfo : openIMCore gitcommit:d7f2fbd0415aeeff0e96db8b6c4cd660e12bab43
05-29 13:39:08.022  7631  7702 E SdkInfo : openIMCore gitBranch:dev-tb-201706
05-29 13:39:08.026  7744  7765 I vndksupport: sphal namespace is not configured for this process. Loading /system/lib/egl/libGLESv1_CM_emulation.so from the current namespace instead.
05-29 13:39:08.039  7744  7765 I vndksupport: sphal namespace is not configured for this process. Loading /system/lib/egl/libGLESv2_emulation.so from the current namespace instead.
05-29 13:39:08.046  7744  7744 W Tinker.TinkerLoader: tryLoadPatchFiles:patch dir not exist:/data/user/0/cn.zhimawu/tinker
05-29 13:39:08.048  7744  7744 D Tinker.DefaultAppLike: onBaseContextAttached:
05-29 13:39:08.050  7744  7744 I MultiDex: VM with version 2.1.0 has multidex support
05-29 13:39:08.050  7744  7744 I MultiDex: Installing application
05-29 13:39:08.050  7744  7744 I MultiDex: VM has multidex support, MultiDex support library is disabled.
05-29 13:39:08.055  7744  7744 I Tinker.SamplePatchListener: application maxMemory:96
05-29 13:39:08.059  7744  7744 W Tinker.Tinker: tinker patch directory: /data/user/0/cn.zhimawu/tinker
05-29 13:39:08.060  7744  7744 I Tinker.Tinker: try to install tinker, isEnable: true, version: 1.9.8
05-29 13:39:08.061  7744  7744 I Tinker.TinkerLoadResult: parseTinkerResult loadCode:-2, process name:cn.zhimawu:pushcore, main process:false, systemOTA:false, fingerPrint:Android/vbox86p/vbox86p:8.0.0/OPR6.170623.017/233:userdebug/test-keys, oatDir:null, useInterpretMode:false
05-29 13:39:08.061  7744  7744 W Tinker.TinkerLoadResult: can't find patch file, is ok, just return
05-29 13:39:08.061  7744  7744 I Tinker.DefaultLoadReporter: patch loadReporter onLoadResult: patch load result, path:/data/user/0/cn.zhimawu/tinker, code: -2, cost: 1ms
05-29 13:39:08.062  7744  7744 W Tinker.Tinker: tinker load fail!
05-29 13:39:08.068  7744  7744 I Tinker.ComponentHotplug: method install() is not invoked, ignore ensuring operations.
05-29 13:39:08.068  7744  7744 D Tinker.DefaultAppLike: onCreate
05-29 13:39:08.068   367  3557 W Binder  : Outgoing transactions from this process must be FLAG_ONEWAY
05-29 13:39:08.068   367  3557 W Binder  : java.lang.Throwable
05-29 13:39:08.068   367  3557 W Binder  : 	at android.os.BinderProxy.transact(Binder.java:736)
05-29 13:39:08.068   367  3557 W Binder  : 	at android.content.ContentProviderProxy.getType(ContentProviderNative.java:451)
05-29 13:39:08.068   367  3557 W Binder  : 	at com.android.server.am.ActivityManagerService.getProviderMimeType(ActivityManagerService.java:12170)
05-29 13:39:08.068   367  3557 W Binder  : 	at android.app.IActivityManager$Stub.onTransact(IActivityManager.java:1799)
05-29 13:39:08.068   367  3557 W Binder  : 	at com.android.server.am.ActivityManagerService.onTransact(ActivityManagerService.java:2992)
05-29 13:39:08.068   367  3557 W Binder  : 	at android.os.Binder.execTransact(Binder.java:674)
05-29 13:39:08.068  7631  7764 D TingYun : OkHttpInstrumentation2 - wrapping newCall
05-29 13:39:08.070  7631  7775 D TingYun : OkHttpInstrumentation2 - wrapping newCall
05-29 13:39:08.076  7744  7744 I MMKV    : page size:4096
05-29 13:39:08.076  7744  7744 I MMKV    : root dir: /data/user/0/cn.zhimawu/files/mmkv
05-29 13:39:08.078  7631  7651 I [ui]NOS_LBS: 2/load cached nos upload server addresses from SP, ip count=0, default ip count=1
05-29 13:39:08.100  7631  7631 E baidumapsdk: Authentication Error
05-29 13:39:08.100  7631  7631 E baidumapsdk: =============================================
05-29 13:39:08.100  7631  7631 E baidumapsdk: ----------------- 鉴权错误信息 ------------
05-29 13:39:08.100  7631  7631 E baidumapsdk: sha1;package:48:34:03:D9:F3:6E:28:D0:6B:4E:D6:98:A9:16:95:AD:1C:68:52:A1;cn.zhimawu
05-29 13:39:08.100  7631  7631 E baidumapsdk: key:KsGMXCk1t4D3nljli0WY23j6
05-29 13:39:08.100  7631  7631 E baidumapsdk: errorcode: -10 uid: -1 appid -1 msg: Current network is not available.
05-29 13:39:08.100  7631  7631 E baidumapsdk: 请仔细核查 SHA1、package与key申请信息是否对应，key是否删除，平台是否匹配
05-29 13:39:08.100  7631  7631 E baidumapsdk: errorcode为230时，请参考论坛链接：
05-29 13:39:08.100  7631  7631 E baidumapsdk: http://bbs.lbsyun.baidu.com/forum.php?mod=viewthread&tid=106461
05-29 13:39:08.100  7631  7631 E baidumapsdk: =============================================
05-29 13:39:08.113  7744  7744 E SdkInfo : ChannelSDK gitCommit:8463f4db8f6ac2a556a99176f6f09c48d43a8192
05-29 13:39:08.113  7744  7744 E SdkInfo : ChannelSDK gitBranch:dev-tb-201706
05-29 13:39:08.118  7744  7744 W Tinker.UpgradePatchRetry: onPatchRetryLoad retry is not main process, just return
05-29 13:39:08.124  7783  7783 I zygote  : Late-enabling -Xcheck:jni
05-29 13:39:08.131   367  1178 I ActivityManager: Start proc 7783:cn.zhimawu:TcmsService/u0a70 for service cn.zhimawu/com.alibaba.tcms.service.TCMSService
05-29 13:39:08.134  7783  7783 W zygote  : Unexpected CPU variant for X86 using defaults: x86
05-29 13:39:08.146  7631  7775 E hlj     : ┌────────────────────────────────────────────────────────────────────────────────────────────────────────────────
05-29 13:39:08.146  7631  7775 E hlj     : │ Thread: Retrofit-Idle
05-29 13:39:08.146  7631  7775 E hlj     : ├┄┄┄┄┄┄┄┄┄┄┄┄┄┄┄┄┄┄┄┄┄┄┄┄┄┄┄┄┄┄┄┄┄┄┄┄┄┄┄┄┄┄┄┄┄┄┄┄┄┄┄┄┄┄┄┄┄┄┄┄┄┄┄┄┄┄┄┄┄┄┄┄┄┄┄┄┄┄┄┄┄┄┄┄┄┄┄┄┄┄┄┄┄┄┄┄┄┄┄┄┄┄┄┄┄┄┄┄┄┄┄┄
05-29 13:39:08.146  7631  7775 E hlj     : │ OnSubscribeMap$MapSubscriber.onNext  (OnSubscribeMap.java:77)
05-29 13:39:08.146  7631  7775 E hlj     : │    OnSubscribeMap$MapSubscriber.onNext  (OnSubscribeMap.java:69)
05-29 13:39:08.146  7631  7775 E hlj     : │       RetryWithDelay$1.call  (RetryWithDelay.java:42)
05-29 13:39:08.146  7631  7775 E hlj     : │          RetryWithDelay$1.call  (RetryWithDelay.java:50)
05-29 13:39:08.146  7631  7775 E hlj     : │             LogUtils.e  (LogUtils.java:155)
05-29 13:39:08.148  7631  7775 E hlj     : ├┄┄┄┄┄┄┄┄┄┄┄┄┄┄┄┄┄┄┄┄┄┄┄┄┄┄┄┄┄┄┄┄┄┄┄┄┄┄┄┄┄┄┄┄┄┄┄┄┄┄┄┄┄┄┄┄┄┄┄┄┄┄┄┄┄┄┄┄┄┄┄┄┄┄┄┄┄┄┄┄┄┄┄┄┄┄┄┄┄┄┄┄┄┄┄┄┄┄┄┄┄┄┄┄┄┄┄┄┄┄┄┄
05-29 13:39:08.149  7631  7775 E hlj     : │ https://stg-customer-api.helijia.com/app-customer/patch/checkUpdate get error, it will try after 1000 millisecond, retry count 1
05-29 13:39:08.149  7631  7775 E hlj     : └────────────────────────────────────────────────────────────────────────────────────────────────────────────────
05-29 13:39:08.149  7631  7751 E hlj     : ┌────────────────────────────────────────────────────────────────────────────────────────────────────────────────
05-29 13:39:08.150  7631  7751 E hlj     : │ Thread: RxNewThreadScheduler-1
05-29 13:39:08.150  7631  7751 E hlj     : ├┄┄┄┄┄┄┄┄┄┄┄┄┄┄┄┄┄┄┄┄┄┄┄┄┄┄┄┄┄┄┄┄┄┄┄┄┄┄┄┄┄┄┄┄┄┄┄┄┄┄┄┄┄┄┄┄┄┄┄┄┄┄┄┄┄┄┄┄┄┄┄┄┄┄┄┄┄┄┄┄┄┄┄┄┄┄┄┄┄┄┄┄┄┄┄┄┄┄┄┄┄┄┄┄┄┄┄┄┄┄┄┄
05-29 13:39:08.150  7631  7751 E hlj     : │ OperatorMerge$MergeSubscriber.reportError  (OperatorMerge.java:266)
05-29 13:39:08.150  7631  7751 E hlj     : │    SafeSubscriber.onError  (SafeSubscriber.java:115)
05-29 13:39:08.150  7631  7751 E hlj     : │       SafeSubscriber._onError  (SafeSubscriber.java:153)
05-29 13:39:08.150  7631  7751 E hlj     : │          RxSubscriber.onError  (RxSubscriber.java:37)
05-29 13:39:08.150  7631  7751 E hlj     : │             LogUtils.e  (LogUtils.java:155)
05-29 13:39:08.150  7631  7751 E hlj     : ├┄┄┄┄┄┄┄┄┄┄┄┄┄┄┄┄┄┄┄┄┄┄┄┄┄┄┄┄┄┄┄┄┄┄┄┄┄┄┄┄┄┄┄┄┄┄┄┄┄┄┄┄┄┄┄┄┄┄┄┄┄┄┄┄┄┄┄┄┄┄┄┄┄┄┄┄┄┄┄┄┄┄┄┄┄┄┄┄┄┄┄┄┄┄┄┄┄┄┄┄┄┄┄┄┄┄┄┄┄┄┄┄
05-29 13:39:08.150  7631  7751 E hlj     : │ RetrofitError:NETWORK	:Unable to resolve host "stg-customer-api.helijia.com": No address associated with hostname	:https://stg-customer-api.helijia.com/app-customer/eswitch/getSwitch
05-29 13:39:08.150  7631  7751 E hlj     : └────────────────────────────────────────────────────────────────────────────────────────────────────────────────
05-29 13:39:08.151  7631  7734 D JIGUANG-JCore: [JCoreGlobal] manifest:channel - developer-default
05-29 13:39:08.164  7783  7800 I vndksupport: sphal namespace is not configured for this process. Loading /system/lib/egl/libGLES_emulation.so from the current namespace instead.
05-29 13:39:08.164  7783  7800 I vndksupport: sphal namespace is not configured for this process. Loading /system/lib/egl/libEGL_emulation.so from the current namespace instead.
05-29 13:39:08.173  7631  7769 D LogToFile: Log dir size(k):1972
05-29 13:39:08.178  7631  7734 D JIGUANG-JCore: [JCoreGlobal] metadata: appKey - 3067684f6b8a8316c3304756
05-29 13:39:08.178  7631  7734 D JIGUANG-JCore: [AndroidUtil] action:checkValidManifest
05-29 13:39:08.180  7631  7701 D JIGUANG-JPush: [JPushInterface] 检测到当前没有网络。长连接将在有网络时自动继续建立。
05-29 13:39:08.180  7631  7702 D JNIOnload@Native: com_alibaba_wxlib_jnilib_CallJNI_setDebug, flag:1
05-29 13:39:08.183  7631  7775 D TingYun : OkHttpInstrumentation2 - wrapping newCall
05-29 13:39:08.189  7631  7734 D JIGUANG-JCore: [JCoreServiceUtils] set Push/Alarm Receiver enabled
05-29 13:39:08.190  7631  7702 D XPushManager: appName:河狸家
05-29 13:39:08.195  7783  7800 I vndksupport: sphal namespace is not configured for this process. Loading /system/lib/egl/libGLESv1_CM_emulation.so from the current namespace instead.
05-29 13:39:08.201  7631  7775 E hlj     : ┌────────────────────────────────────────────────────────────────────────────────────────────────────────────────
05-29 13:39:08.202  7631  7775 E hlj     : │ Thread: Retrofit-Idle
05-29 13:39:08.202  7631  7775 E hlj     : ├┄┄┄┄┄┄┄┄┄┄┄┄┄┄┄┄┄┄┄┄┄┄┄┄┄┄┄┄┄┄┄┄┄┄┄┄┄┄┄┄┄┄┄┄┄┄┄┄┄┄┄┄┄┄┄┄┄┄┄┄┄┄┄┄┄┄┄┄┄┄┄┄┄┄┄┄┄┄┄┄┄┄┄┄┄┄┄┄┄┄┄┄┄┄┄┄┄┄┄┄┄┄┄┄┄┄┄┄┄┄┄┄
05-29 13:39:08.202  7631  7775 E hlj     : │ OnSubscribeMap$MapSubscriber.onNext  (OnSubscribeMap.java:77)
05-29 13:39:08.202  7631  7775 E hlj     : │    OnSubscribeMap$MapSubscriber.onNext  (OnSubscribeMap.java:69)
05-29 13:39:08.202  7631  7775 E hlj     : │       RetryWithDelay$1.call  (RetryWithDelay.java:42)
05-29 13:39:08.202  7631  7775 E hlj     : │          RetryWithDelay$1.call  (RetryWithDelay.java:50)
05-29 13:39:08.202  7631  7775 E hlj     : │             LogUtils.e  (LogUtils.java:155)
05-29 13:39:08.202  7631  7775 E hlj     : ├┄┄┄┄┄┄┄┄┄┄┄┄┄┄┄┄┄┄┄┄┄┄┄┄┄┄┄┄┄┄┄┄┄┄┄┄┄┄┄┄┄┄┄┄┄┄┄┄┄┄┄┄┄┄┄┄┄┄┄┄┄┄┄┄┄┄┄┄┄┄┄┄┄┄┄┄┄┄┄┄┄┄┄┄┄┄┄┄┄┄┄┄┄┄┄┄┄┄┄┄┄┄┄┄┄┄┄┄┄┄┄┄
05-29 13:39:08.202  7631  7775 E hlj     : │ https://stg-customer-api.helijia.com/app-customer/patch/checkUpdate get error, it will try after 1000 millisecond, retry count 2
05-29 13:39:08.202  7631  7775 E hlj     : └────────────────────────────────────────────────────────────────────────────────────────────────────────────────
05-29 13:39:08.202  7631  7702 D XPushManager: 非MIUI手机，不注册小米push
05-29 13:39:08.204  7631  7702 I [Thread-7] SysUtil: current context packageName:cn.zhimawu
05-29 13:39:08.204  7631  7702 I VConnManager: curProcessName:cn.zhimawu---main Process:cn.zhimawu
05-29 13:39:08.205  7631  7702 I ServiceChooseHelper: ClientRegInfo, 23185142 cn.zhimawu
05-29 13:39:08.205  7631  7702 I ServiceChooseHelper: SysUtil.sInetMode:3
05-29 13:39:08.205  7631  7702 I ServiceChooseHelper: startService, xpushnative://xpush/serviceStart code:0 conetxt.getPackageAppName:cn.zhimawu appname:cn.zhimawu tcmsservicename:com.alibaba.tcms.service.TCMSService
05-29 13:39:08.206  7631  7702 I VConnManager: start service---
05-29 13:39:08.206  7631  7702 I VConnListenerManager: key:com.alibaba.tcms.XPushManager$5---value:com.alibaba.tcms.XPushManager$5@bbbda6c
05-29 13:39:08.206  7631  7806 D VConnManager: _getPrivateChannelNo:null,force:true
05-29 13:39:08.207  7783  7783 W Tinker.TinkerLoader: tryLoadPatchFiles:patch dir not exist:/data/user/0/cn.zhimawu/tinker
05-29 13:39:08.209  7783  7783 D Tinker.DefaultAppLike: onBaseContextAttached:
05-29 13:39:08.209  7631  7775 D TingYun : OkHttpInstrumentation2 - wrapping newCall
05-29 13:39:08.209  7783  7783 I MultiDex: VM with version 2.1.0 has multidex support
05-29 13:39:08.209  7631  7702 I Native  : InetIO_nsetDebugFlag
05-29 13:39:08.209  7783  7783 I MultiDex: Installing application
05-29 13:39:08.210  7783  7783 I MultiDex: VM has multidex support, MultiDex support library is disabled.
05-29 13:39:08.210  7783  7783 I Tinker.SamplePatchListener: application maxMemory:96
05-29 13:39:08.211  7783  7783 W Tinker.Tinker: tinker patch directory: /data/user/0/cn.zhimawu/tinker
05-29 13:39:08.212  7783  7783 I Tinker.Tinker: try to install tinker, isEnable: true, version: 1.9.8
05-29 13:39:08.213  7783  7783 I Tinker.TinkerLoadResult: parseTinkerResult loadCode:-2, process name:cn.zhimawu:TcmsService, main process:false, systemOTA:false, fingerPrint:Android/vbox86p/vbox86p:8.0.0/OPR6.170623.017/233:userdebug/test-keys, oatDir:null, useInterpretMode:false
05-29 13:39:08.213  7783  7783 W Tinker.TinkerLoadResult: can't find patch file, is ok, just return
05-29 13:39:08.213  7783  7783 I Tinker.DefaultLoadReporter: patch loadReporter onLoadResult: patch load result, path:/data/user/0/cn.zhimawu/tinker, code: -2, cost: 10ms
05-29 13:39:08.214  7783  7783 W Tinker.Tinker: tinker load fail!
05-29 13:39:08.215  7783  7783 I Tinker.ComponentHotplug: method install() is not invoked, ignore ensuring operations.
05-29 13:39:08.215  7783  7783 D Tinker.DefaultAppLike: onCreate
05-29 13:39:08.219  7631  7702 D JNIOnload@Native: com_alibaba_wxlib_jnilib_CallJNI_setDebug, flag:1
05-29 13:39:08.219  7631  7702 I [Thread-7] IMChannel.api: prepare devType:82 envType:0 id:65version = 2.0.2_ANDROID_OPENIM
05-29 13:39:08.219  7631  7702 I [Thread-7] IMChannel.api: addServiceConnectListener
05-29 13:39:08.219  7631  7702 I [Thread-7] IMChannel.api: addCommuStateListener
05-29 13:39:08.225  7783  7783 I MMKV    : page size:4096
05-29 13:39:08.225  7783  7783 I MMKV    : root dir: /data/user/0/cn.zhimawu/files/mmkv
05-29 13:39:08.228  7783  7800 I vndksupport: sphal namespace is not configured for this process. Loading /system/lib/egl/libGLESv2_emulation.so from the current namespace instead.
05-29 13:39:08.230  7631  7810 D XPushManager: getClientId()
05-29 13:39:08.233  7631  7768 E hlj     : ┌────────────────────────────────────────────────────────────────────────────────────────────────────────────────
05-29 13:39:08.233  7631  7768 E hlj     : │ Thread: RxNewThreadScheduler-2
05-29 13:39:08.233  7631  7768 E hlj     : ├┄┄┄┄┄┄┄┄┄┄┄┄┄┄┄┄┄┄┄┄┄┄┄┄┄┄┄┄┄┄┄┄┄┄┄┄┄┄┄┄┄┄┄┄┄┄┄┄┄┄┄┄┄┄┄┄┄┄┄┄┄┄┄┄┄┄┄┄┄┄┄┄┄┄┄┄┄┄┄┄┄┄┄┄┄┄┄┄┄┄┄┄┄┄┄┄┄┄┄┄┄┄┄┄┄┄┄┄┄┄┄┄
05-29 13:39:08.233  7631  7768 E hlj     : │ OperatorMerge$MergeSubscriber.reportError  (OperatorMerge.java:266)
05-29 13:39:08.233  7631  7768 E hlj     : │    SafeSubscriber.onError  (SafeSubscriber.java:115)
05-29 13:39:08.234  7631  7702 I [Thread-7] UTWrapper: TBS not found e=com.taobao.statistic.TBS
05-29 13:39:08.234  7631  7702 I UTTAG   : 页面名称:onServiceConnected
05-29 13:39:08.234  7631  7702 I UTTAG   : 事件id:65144
05-29 13:39:08.234  7631  7702 I UTTAG   : 参数:inetIO=com.alibaba.mobileim.channel.service.InetIOImpl@b2918ed
05-29 13:39:08.234  7631  7702 I UTTAG   : 页面名称:onServiceConnect
05-29 13:39:08.234  7631  7702 I UTTAG   : 事件id:65144
05-29 13:39:08.234  7631  7702 I UTTAG   : 参数:onServiceConnect
05-29 13:39:08.234  7631  7702 I [Thread-7] IMChannel.api: notify serviceConnected appId:65
05-29 13:39:08.234  7631  7768 E hlj     : │       SafeSubscriber._onError  (SafeSubscriber.java:153)
05-29 13:39:08.234  7631  7768 E hlj     : │          RxSubscriber.onError  (RxSubscriber.java:37)
05-29 13:39:08.234  7631  7702 D [Thread-7] YWChannel: onServiceConnected
05-29 13:39:08.234  7631  7768 E hlj     : │             LogUtils.e  (LogUtils.java:155)
05-29 13:39:08.234  7631  7702 I UTTAG   : 页面名称:YWChannel.IServiceConnectListener
05-29 13:39:08.234  7631  7702 I UTTAG   : 事件id:65144
05-29 13:39:08.234  7631  7702 I UTTAG   : 参数:mServiceConnected = true
05-29 13:39:08.234  7631  7768 E hlj     : ├┄┄┄┄┄┄┄┄┄┄┄┄┄┄┄┄┄┄┄┄┄┄┄┄┄┄┄┄┄┄┄┄┄┄┄┄┄┄┄┄┄┄┄┄┄┄┄┄┄┄┄┄┄┄┄┄┄┄┄┄┄┄┄┄┄┄┄┄┄┄┄┄┄┄┄┄┄┄┄┄┄┄┄┄┄┄┄┄┄┄┄┄┄┄┄┄┄┄┄┄┄┄┄┄┄┄┄┄┄┄┄┄
05-29 13:39:08.234  7631  7768 E hlj     : │ RetrofitError:NETWORK	:Unable to resolve host "stg-customer-api.helijia.com": No address associated with hostname	:https://stg-customer-api.helijia.com/app-customer/patch/checkUpdate
05-29 13:39:08.234  7631  7768 E hlj     : └────────────────────────────────────────────────────────────────────────────────────────────────────────────────
05-29 13:39:08.235  7631  7768 E hlj     : ┌────────────────────────────────────────────────────────────────────────────────────────────────────────────────
05-29 13:39:08.235  7631  7768 E hlj     : │ Thread: RxNewThreadScheduler-2
05-29 13:39:08.235  7631  7768 E hlj     : ├┄┄┄┄┄┄┄┄┄┄┄┄┄┄┄┄┄┄┄┄┄┄┄┄┄┄┄┄┄┄┄┄┄┄┄┄┄┄┄┄┄┄┄┄┄┄┄┄┄┄┄┄┄┄┄┄┄┄┄┄┄┄┄┄┄┄┄┄┄┄┄┄┄┄┄┄┄┄┄┄┄┄┄┄┄┄┄┄┄┄┄┄┄┄┄┄┄┄┄┄┄┄┄┄┄┄┄┄┄┄┄┄
05-29 13:39:08.236  7631  7768 E hlj     : │ SafeSubscriber.onError  (SafeSubscriber.java:115)
05-29 13:39:08.236  7631  7768 E hlj     : │    SafeSubscriber._onError  (SafeSubscriber.java:153)
05-29 13:39:08.236  7631  7768 E hlj     : │       RxSubscriber.onError  (RxSubscriber.java:39)
