05-29 13:48:56.422   367   576 E SupplicantStaIfaceHal: ISupplicantStaIface.setBtCoexistenceMode failed: FAILURE_UNKNOWN, 
05-29 13:48:56.422   367   576 E SupplicantStaIfaceHal: ISupplicantStaIface.setSuspendModeEnabled failed: FAILURE_UNKNOWN, 
05-29 13:48:56.423   367  8184 D DhcpClient: Broadcasting DHCPDISCOVER
05-29 13:49:01.425   367  8184 I chatty  : uid=1000(system) DhcpClient identical 1 line
05-29 13:49:06.427   367  8184 D DhcpClient: Broadcasting DHCPDISCOVER
05-29 13:49:08.677   367   576 W AlarmManager: Unrecognized alarm listener com.android.server.wifi.WifiConfigStore$1@f19a5c7
05-29 13:49:08.678   367   486 E memtrack: Couldn't load memtrack module
05-29 13:49:08.678   367   486 W android.os.Debug: failed to get memory consumption info: -1
05-29 13:49:08.681   367   576 D WifiConfigStore: Writing to stores completed in 4 ms.
05-29 13:49:14.200   367  8184 D DhcpClient: Broadcasting DHCPDISCOVER
05-29 13:49:16.751   367   576 E WifiVendorHal: getTxPktFates(l.1941) failed {.code = ERROR_NOT_SUPPORTED, .description = }
05-29 13:49:16.751   367   576 E WifiVendorHal: getRxPktFates(l.1981) failed {.code = ERROR_NOT_SUPPORTED, .description = }
05-29 13:49:18.900   367   486 E memtrack: Couldn't load memtrack module
05-29 13:49:18.900   367   486 W android.os.Debug: failed to get memory consumption info: -1
05-29 13:49:31.663   367  8184 D DhcpClient: Broadcasting DHCPDISCOVER
05-29 13:49:32.402   367   577 D DhcpClient: doQuit
05-29 13:49:32.402   367  8184 D DhcpClient: onQuitting
05-29 13:49:32.403   326   326 I hostapd : wlan1: AP-STA-DISCONNECTED 02:00:00:00:00:00
05-29 13:49:32.403   736   736 I wpa_supplicant: wlan0: CTRL-EVENT-DISCONNECTED bssid=02:00:00:00:01:00 reason=3 locally_generated=1
05-29 13:49:32.403   736   736 E wpa_supplicant: nl80211: Failed to open /proc/sys/net/ipv4/conf/wlan0/drop_unicast_in_l2_multicast: No such file or directory
05-29 13:49:32.403   736   736 E wpa_supplicant: nl80211: Failed to set IPv4 unicast in multicast filter
05-29 13:49:32.403   736   736 E wpa_supplicant: nl80211: Failed to open /proc/sys/net/ipv4/conf/wlan0/drop_unicast_in_l2_multicast: No such file or directory
05-29 13:49:32.403   736   736 E wpa_supplicant: nl80211: Failed to set IPv4 unicast in multicast filter
05-29 13:49:32.405   318   348 E Netd    : Failed to destroy IPv6 sockets on fe80::ff:fe00:0: No such file or directory
05-29 13:49:32.405   318   348 E Netd    : Error destroying sockets: Unknown error -2
05-29 13:49:32.405   367  8186 D DhcpClient: Receive thread stopped
05-29 13:49:32.406   318   356 D CommandListener: Clearing all IP addresses on wlan0
05-29 13:49:32.421   367   576 E WifiVendorHal: getTxPktFates(l.1941) failed {.code = ERROR_NOT_SUPPORTED, .description = }
05-29 13:49:32.421   367   576 E WifiVendorHal: getRxPktFates(l.1981) failed {.code = ERROR_NOT_SUPPORTED, .description = }
05-29 13:49:32.422   367   576 E WifiVendorHal: stopRssiMonitoring(l.2115) failed {.code = ERROR_NOT_AVAILABLE, .description = }
05-29 13:49:32.422   367   576 E SupplicantStaIfaceHal: ISupplicantStaIface.setPowerSave failed: FAILURE_UNKNOWN, 
05-29 13:49:32.422   367   576 E SupplicantStaIfaceHal: ISupplicantStaIface.setBtCoexistenceMode failed: FAILURE_UNKNOWN, 
05-29 13:49:32.423   367   580 D ConnectivityService: NetworkAgentInfo [WIFI () - 142] EVENT_NETWORK_INFO_CHANGED, going from CONNECTING to DISCONNECTED
05-29 13:49:32.423   367   580 D ConnectivityService: NetworkAgentInfo [WIFI () - 142] got DISCONNECTED, was satisfying 0
05-29 13:49:32.427   367   576 E SupplicantStaIfaceHal: ISupplicantStaIface.setCountryCode failed: FAILURE_UNKNOWN, 
05-29 13:49:32.427   367   576 D WifiCountryCode: Failed to set country code to: US
05-29 13:49:32.427   367   576 D WifiStateMachine: Start Disconnecting Watchdog 43
05-29 13:49:32.428   367   576 E WifiVendorHal: stopRssiMonitoring(l.2115) failed {.code = ERROR_NOT_AVAILABLE, .description = }
05-29 13:49:32.429   367   576 E SupplicantStaIfaceHal: ISupplicantStaIface.setPowerSave failed: FAILURE_UNKNOWN, 
05-29 13:49:32.429   367   576 E SupplicantStaIfaceHal: ISupplicantStaIface.setBtCoexistenceMode failed: FAILURE_UNKNOWN, 
05-29 13:49:32.429   367   576 I WifiStateMachine: disconnectedstate enter
05-29 13:49:32.430   367   576 D WifiNetworkAgent: NetworkAgent: NetworkAgent channel lost
05-29 13:49:36.036   367  1146 D WificondControl: Scan result ready event
05-29 13:49:36.037   367   576 W WifiConfigManager: Looking up network with invalid networkId -1
05-29 13:49:36.038   367   576 W WifiConfigManager: Looking up network with invalid networkId -1
05-29 13:49:36.038   367   576 D WifiStateMachine: CMD_START_CONNECT sup state DisconnectedState my state DisconnectedState nid=0 roam=false
05-29 13:49:36.038   406   406 W wificond: Scan is not started. Ignore abort request
05-29 13:49:36.039   367   576 D SupplicantStaIfaceHal: connectToNetwork "AndroidWifi"NONE
05-29 13:49:36.039   367   576 D SupplicantStaIfaceHal: Network is already saved, will not trigger remove and add operation.
05-29 13:49:36.039   736   736 I wpa_supplicant: wlan0: SME: Trying to authenticate with 02:00:00:00:01:00 (SSID='AndroidWifi' freq=2447 MHz)
05-29 13:49:36.039   326   326 I hostapd : wlan1: STA 02:00:00:00:00:00 IEEE 802.11: authenticated
05-29 13:49:36.039   326   326 I hostapd : wlan1: STA 02:00:00:00:00:00 IEEE 802.11: authenticated
05-29 13:49:36.040   736   736 I wpa_supplicant: wlan0: Trying to associate with 02:00:00:00:01:00 (SSID='AndroidWifi' freq=2447 MHz)
05-29 13:49:36.044   326   326 I hostapd : wlan1: STA 02:00:00:00:00:00 IEEE 802.11: associated (aid 1)
05-29 13:49:36.044   326   326 I hostapd : wlan1: STA 02:00:00:00:00:00 IEEE 802.11: associated (aid 1)
05-29 13:49:36.044   326   326 I hostapd : wlan1: AP-STA-CONNECTED 02:00:00:00:00:00
05-29 13:49:36.044   736   736 I wpa_supplicant: wlan0: Associated with 02:00:00:00:01:00
05-29 13:49:36.044   736   736 I wpa_supplicant: wlan0: CTRL-EVENT-CONNECTED - Connection to 02:00:00:00:01:00 completed [id=0 id_str=%7B%22configKey%22%3A%22%5C%22AndroidWifi%5C%22NONE%22%2C%22creatorUid%22%3A%221000%22%7D]
05-29 13:49:36.044   736   736 I wpa_supplicant: wlan0: CTRL-EVENT-SUBNET-STATUS-UPDATE status=0
05-29 13:49:36.047   367   576 D ConnectivityService: registerNetworkAgent NetworkAgentInfo{ ni{[type: WIFI[], state: CONNECTING/CONNECTING, reason: (unspecified), extra: "AndroidWifi", failover: false, available: true, roaming: false, metered: false]}  network{143}  nethandle{614196759262}  lp{{LinkAddresses: []  Routes: [] DnsAddresses: [] Domains: null MTU: 0}}  nc{[ Transports: WIFI Capabilities: NOT_METERED&INTERNET&NOT_RESTRICTED&TRUSTED&NOT_VPN LinkUpBandwidth>=1048576Kbps LinkDnBandwidth>=1048576Kbps]}  Score{20}  everValidated{false}  lastValidated{false}  created{false} lingering{false} explicitlySelected{false} acceptUnvalidated{false} everCaptivePortalDetected{false} lastCaptivePortalDetected{false} }
05-29 13:49:36.047   367   580 D ConnectivityService: NetworkAgentInfo [WIFI () - 143] EVENT_NETWORK_INFO_CHANGED, going from null to CONNECTING
05-29 13:49:36.049   367   576 E SupplicantStaIfaceHal: ISupplicantStaIface.setPowerSave failed: FAILURE_UNKNOWN, 
05-29 13:49:36.049   367   576 E SupplicantStaIfaceHal: ISupplicantStaIface.setBtCoexistenceMode failed: FAILURE_UNKNOWN, 
05-29 13:49:36.051   367   576 E WifiVendorHal: getApfCapabilities(l.1497) failed {.code = ERROR_NOT_SUPPORTED, .description = }
05-29 13:49:36.053   367   576 E WifiVendorHal: configureNeighborDiscoveryOffload(l.2199) failed {.code = ERROR_NOT_SUPPORTED, .description = }
05-29 13:49:36.054   367   576 E SupplicantStaIfaceHal: ISupplicantStaIface.stopRxFilter failed: FAILURE_UNKNOWN, 
05-29 13:49:36.073  1471  8202 W System.err: java.net.UnknownHostException: Unable to resolve host "loc.map.baidu.com": No address associated with hostname
05-29 13:49:36.073  1471  8202 W System.err: 	at java.net.Inet6AddressImpl.lookupHostByName(Inet6AddressImpl.java:111)
05-29 13:49:36.073  1471  8202 W System.err: 	at java.net.Inet6AddressImpl.lookupAllHostAddr(Inet6AddressImpl.java:90)
05-29 13:49:36.073  1471  8202 W System.err: 	at java.net.InetAddress.getAllByName(InetAddress.java:787)
05-29 13:49:36.073  1471  8202 W System.err: 	at com.android.okhttp.Dns$1.lookup(Dns.java:39)
05-29 13:49:36.073  1471  8202 W System.err: 	at com.android.okhttp.internal.http.RouteSelector.resetNextInetSocketAddress(RouteSelector.java:175)
05-29 13:49:36.073  1471  8202 W System.err: 	at com.android.okhttp.internal.http.RouteSelector.nextProxy(RouteSelector.java:141)
05-29 13:49:36.073  1471  8202 W System.err: 	at com.android.okhttp.internal.http.RouteSelector.next(RouteSelector.java:83)
05-29 13:49:36.073  1471  8202 W System.err: 	at com.android.okhttp.internal.http.StreamAllocation.findConnection(StreamAllocation.java:174)
05-29 13:49:36.073  1471  8202 W System.err: 	at com.android.okhttp.internal.http.StreamAllocation.findHealthyConnection(StreamAllocation.java:126)
05-29 13:49:36.073  1471  8202 W System.err: 	at com.android.okhttp.internal.http.StreamAllocation.newStream(StreamAllocation.java:95)
05-29 13:49:36.073  1471  8202 W System.err: 	at com.android.okhttp.internal.http.HttpEngine.connect(HttpEngine.java:281)
05-29 13:49:36.073  1471  8202 W System.err: 	at com.android.okhttp.internal.http.HttpEngine.sendRequest(HttpEngine.java:224)
05-29 13:49:36.073  1471  8202 W System.err: 	at com.android.okhttp.internal.huc.HttpURLConnectionImpl.execute(HttpURLConnectionImpl.java:461)
05-29 13:49:36.073  1471  8202 W System.err: 	at com.android.okhttp.internal.huc.HttpURLConnectionImpl.connect(HttpURLConnectionImpl.java:127)
05-29 13:49:36.073  1471  8202 W System.err: 	at com.android.okhttp.internal.huc.HttpURLConnectionImpl.getOutputStream(HttpURLConnectionImpl.java:258)
05-29 13:49:36.073  1471  8202 W System.err: 	at com.android.okhttp.internal.huc.DelegatingHttpsURLConnection.getOutputStream(DelegatingHttpsURLConnection.java:218)
05-29 13:49:36.073  1471  8202 W System.err: 	at com.android.okhttp.internal.huc.HttpsURLConnectionImpl.getOutputStream(Unknown Source:0)
05-29 13:49:36.073  1471  8202 W System.err: 	at com.networkbench.agent.impl.instrumentation.NBSHttpsURLConnectionExtension.getOutputStream(SourceFile:395)
05-29 13:49:36.073  1471  8202 W System.err: 	at com.baidu.location.g.h.run(Unknown Source:205)
05-29 13:49:36.073  1471  8202 I baidu_location_service: https NetworkCommunicationException!
05-29 13:49:36.073   367   576 E SupplicantStaIfaceHal: ISupplicantStaIface.setBtCoexistenceMode failed: FAILURE_UNKNOWN, 
05-29 13:49:36.074   367   576 E SupplicantStaIfaceHal: ISupplicantStaIface.setSuspendModeEnabled failed: FAILURE_UNKNOWN, 
05-29 13:49:36.074   367  8204 D DhcpClient: Receive thread started
05-29 13:49:36.075   367  8200 D DhcpClient: Broadcasting DHCPDISCOVER
05-29 13:49:40.069  1927  2411 E ZLS-UPLOAD: /storage/emulated/0/Android/data/cn.zhimawu.shouyiren/files/cn.zhimawu.shouyiren/zls_uuid no exist
05-29 13:49:40.071  1927  2411 E ZLS-UPLOAD: /storage/emulated/0/Android/data/cn.zhimawu.shouyiren/files/cn.zhimawu.shouyiren/zls_uuid no exist
05-29 13:49:41.077   367  8200 D DhcpClient: Broadcasting DHCPDISCOVER
05-29 13:49:42.427   367   576 W AlarmManager: Unrecognized alarm listener com.android.server.wifi.WifiConfigStore$1@f19a5c7
05-29 13:49:42.432   367   576 D WifiConfigStore: Writing to stores completed in 5 ms.
05-29 13:49:46.077   367  8200 D DhcpClient: Broadcasting DHCPDISCOVER
05-29 13:49:54.221   367  8200 D DhcpClient: Broadcasting DHCPDISCOVER
05-29 13:49:56.396   367   576 E WifiVendorHal: getTxPktFates(l.1941) failed {.code = ERROR_NOT_SUPPORTED, .description = }
05-29 13:49:56.396   367   576 E WifiVendorHal: getRxPktFates(l.1981) failed {.code = ERROR_NOT_SUPPORTED, .description = }
05-29 13:49:59.024  7631  7877 V test    : 463/http request: https://nim.qiyukf.com/webapi/user/create.action?deviceid=93ed6c5adafd4a0bad48f9cc1766f8f1&appkey=b4efd9792bb291da0cbf8ef18f141381
05-29 13:49:59.029  7631  7877 W System.err: com.qiyukf.unicorn.f.b.b: post request error code is: 408
05-29 13:49:59.029  7631  7877 W System.err: 	at com.qiyukf.unicorn.f.b.a.b(Unknown Source:21)
05-29 13:49:59.029  7631  7877 W System.err: 	at com.qiyukf.unicorn.f.b.a.b(Unknown Source:4)
05-29 13:49:59.029  7631  7877 W System.err: 	at com.qiyukf.unicorn.f.c.a(Unknown Source:22)
05-29 13:49:59.029  7631  7877 W System.err: 	at com.qiyukf.unicorn.f.a$3.a(Unknown Source:6)
05-29 13:49:59.029  7631  7877 W System.err: 	at com.qiyukf.unicorn.j.a$1.run(Unknown Source:2)
05-29 13:49:59.029  7631  7877 W System.err: 	at android.os.Handler.handleCallback(Handler.java:789)
05-29 13:49:59.029  7631  7877 W System.err: 	at android.os.Handler.dispatchMessage(Handler.java:98)
05-29 13:49:59.029  7631  7877 W System.err: 	at android.os.Looper.loop(Looper.java:164)
05-29 13:49:59.029  7631  7877 W System.err: 	at android.os.HandlerThread.run(HandlerThread.java:65)
05-29 13:49:59.029  7631  7877 W System.err: Caused by: java.net.UnknownHostException: Unable to resolve host "nim.qiyukf.com": No address associated with hostname
05-29 13:49:59.029  7631  7877 W System.err: 	at java.net.Inet6AddressImpl.lookupHostByName(Inet6AddressImpl.java:111)
05-29 13:49:59.029  7631  7877 W System.err: 	at java.net.Inet6AddressImpl.lookupAllHostAddr(Inet6AddressImpl.java:90)
05-29 13:49:59.029  7631  7877 W System.err: 	at java.net.InetAddress.getAllByName(InetAddress.java:787)
05-29 13:49:59.029  7631  7877 W System.err: 	at com.android.okhttp.Dns$1.lookup(Dns.java:39)
05-29 13:49:59.029  7631  7877 W System.err: 	at com.android.okhttp.internal.http.RouteSelector.resetNextInetSocketAddress(RouteSelector.java:175)
05-29 13:49:59.029  7631  7877 W System.err: 	at com.android.okhttp.internal.http.RouteSelector.nextProxy(RouteSelector.java:141)
05-29 13:49:59.029  7631  7877 W System.err: 	at com.android.okhttp.internal.http.RouteSelector.next(RouteSelector.java:83)
05-29 13:49:59.029  7631  7877 W System.err: 	at com.android.okhttp.internal.http.StreamAllocation.findConnection(StreamAllocation.java:174)
05-29 13:49:59.029  7631  7877 W System.err: 	at com.android.okhttp.internal.http.StreamAllocation.findHealthyConnection(StreamAllocation.java:126)
05-29 13:49:59.029  7631  7877 W System.err: 	at com.android.okhttp.internal.http.StreamAllocation.newStream(StreamAllocation.java:95)
05-29 13:49:59.029  7631  7877 W System.err: 	at com.android.okhttp.internal.http.HttpEngine.connect(HttpEngine.java:281)
05-29 13:49:59.029  7631  7877 W System.err: 	at com.android.okhttp.internal.http.HttpEngine.sendRequest(HttpEngine.java:224)
05-29 13:49:59.029  7631  7877 W System.err: 	at com.android.okhttp.internal.huc.HttpURLConnectionImpl.execute(HttpURLConnectionImpl.java:461)
05-29 13:49:59.029  7631  7877 W System.err: 	at com.android.okhttp.internal.huc.HttpURLConnectionImpl.getResponse(HttpURLConnectionImpl.java:407)
05-29 13:49:59.029  7631  7877 W System.err: 	at com.android.okhttp.internal.huc.HttpURLConnectionImpl.getResponseCode(HttpURLConnectionImpl.java:538)
05-29 13:49:59.029  7631  7877 W System.err: 	at com.android.okhttp.internal.huc.DelegatingHttpsURLConnection.getResponseCode(DelegatingHttpsURLConnection.java:105)
05-29 13:49:59.029  7631  7877 W System.err: 	at com.android.okhttp.internal.huc.HttpsURLConnectionImpl.getResponseCode(Unknown Source:0)
05-29 13:49:59.029  7631  7877 W System.err: 	at com.networkbench.agent.impl.instrumentation.NBSHttpsURLConnectionExtension.getResponseCode(SourceFile:229)
05-29 13:49:59.029  7631  7877 W System.err: 	at com.qiyukf.basesdk.b.a.c.b.b(Unknown Source:13)
05-29 13:49:59.029  7631  7877 W System.err: 	at com.qiyukf.unicorn.f.b.a.b(Unknown Source:10)
05-29 13:49:59.029  7631  7877 W System.err: 	... 8 more
05-29 13:50:09.028   367  8200 D DhcpClient: Broadcasting DHCPDISCOVER
05-29 13:50:12.052   367   577 D DhcpClient: doQuit
05-29 13:50:12.053   326   326 I hostapd : wlan1: AP-STA-DISCONNECTED 02:00:00:00:00:00
05-29 13:50:12.053   736   736 I wpa_supplicant: wlan0: CTRL-EVENT-DISCONNECTED bssid=02:00:00:00:01:00 reason=3 locally_generated=1
05-29 13:50:12.053   367  8200 D DhcpClient: onQuitting
05-29 13:50:12.053   736   736 E wpa_supplicant: nl80211: Failed to open /proc/sys/net/ipv4/conf/wlan0/drop_unicast_in_l2_multicast: No such file or directory
05-29 13:50:12.053   736   736 E wpa_supplicant: nl80211: Failed to set IPv4 unicast in multicast filter
05-29 13:50:12.053   736   736 E wpa_supplicant: nl80211: Failed to open /proc/sys/net/ipv4/conf/wlan0/drop_unicast_in_l2_multicast: No such file or directory
05-29 13:50:12.053   736   736 E wpa_supplicant: nl80211: Failed to set IPv4 unicast in multicast filter
05-29 13:50:12.055   318   348 E Netd    : Failed to destroy IPv6 sockets on fe80::ff:fe00:0: No such file or directory
05-29 13:50:12.055   318   348 E Netd    : Error destroying sockets: Unknown error -2
05-29 13:50:12.056   318   356 D CommandListener: Clearing all IP addresses on wlan0
05-29 13:50:12.068   367  8204 D DhcpClient: Receive thread stopped
05-29 13:50:12.069   367   576 E WifiVendorHal: getTxPktFates(l.1941) failed {.code = ERROR_NOT_SUPPORTED, .description = }
05-29 13:50:12.070   367   576 E WifiVendorHal: getRxPktFates(l.1981) failed {.code = ERROR_NOT_SUPPORTED, .description = }
05-29 13:50:12.071   367   576 E WifiVendorHal: stopRssiMonitoring(l.2115) failed {.code = ERROR_NOT_AVAILABLE, .description = }
05-29 13:50:12.072   367   576 E SupplicantStaIfaceHal: ISupplicantStaIface.setPowerSave failed: FAILURE_UNKNOWN, 
05-29 13:50:12.072   367   576 E SupplicantStaIfaceHal: ISupplicantStaIface.setBtCoexistenceMode failed: FAILURE_UNKNOWN, 
05-29 13:50:12.073   367   580 D ConnectivityService: NetworkAgentInfo [WIFI () - 143] EVENT_NETWORK_INFO_CHANGED, going from CONNECTING to DISCONNECTED
05-29 13:50:12.073   367   580 D ConnectivityService: NetworkAgentInfo [WIFI () - 143] got DISCONNECTED, was satisfying 0
05-29 13:50:12.075   367   576 E SupplicantStaIfaceHal: ISupplicantStaIface.setCountryCode failed: FAILURE_UNKNOWN, 
05-29 13:50:12.075   367   576 D WifiCountryCode: Failed to set country code to: US
05-29 13:50:12.075   367   576 D WifiStateMachine: Start Disconnecting Watchdog 44
05-29 13:50:12.076   367   576 E WifiVendorHal: stopRssiMonitoring(l.2115) failed {.code = ERROR_NOT_AVAILABLE, .description = }
05-29 13:50:12.077   367   576 E SupplicantStaIfaceHal: ISupplicantStaIface.setPowerSave failed: FAILURE_UNKNOWN, 
05-29 13:50:12.078   367   576 E SupplicantStaIfaceHal: ISupplicantStaIface.setBtCoexistenceMode failed: FAILURE_UNKNOWN, 
05-29 13:50:12.078   367   576 I WifiStateMachine: disconnectedstate enter
05-29 13:50:12.081   367   576 D WifiNetworkAgent: NetworkAgent: NetworkAgent channel lost
05-29 13:50:15.677   367  1145 D WificondControl: Scan result ready event
05-29 13:50:15.679   367   576 W WifiConfigManager: Looking up network with invalid networkId -1
05-29 13:50:15.680   367   576 W WifiConfigManager: Looking up network with invalid networkId -1
05-29 13:50:15.680   367   576 D WifiStateMachine: CMD_START_CONNECT sup state DisconnectedState my state DisconnectedState nid=0 roam=false
05-29 13:50:15.680   406   406 W wificond: Scan is not started. Ignore abort request
05-29 13:50:15.681   367   576 D SupplicantStaIfaceHal: connectToNetwork "AndroidWifi"NONE
05-29 13:50:15.681   367   576 D SupplicantStaIfaceHal: Network is already saved, will not trigger remove and add operation.
05-29 13:50:15.681   736   736 I wpa_supplicant: wlan0: SME: Trying to authenticate with 02:00:00:00:01:00 (SSID='AndroidWifi' freq=2447 MHz)
05-29 13:50:15.682   326   326 I hostapd : wlan1: STA 02:00:00:00:00:00 IEEE 802.11: authenticated
05-29 13:50:15.682   326   326 I hostapd : wlan1: STA 02:00:00:00:00:00 IEEE 802.11: authenticated
05-29 13:50:15.682   736   736 I wpa_supplicant: wlan0: Trying to associate with 02:00:00:00:01:00 (SSID='AndroidWifi' freq=2447 MHz)
05-29 13:50:15.684   326   326 I hostapd : wlan1: STA 02:00:00:00:00:00 IEEE 802.11: associated (aid 1)
05-29 13:50:15.684   326   326 I hostapd : wlan1: STA 02:00:00:00:00:00 IEEE 802.11: associated (aid 1)
05-29 13:50:15.684   326   326 I hostapd : wlan1: AP-STA-CONNECTED 02:00:00:00:00:00
05-29 13:50:15.685   736   736 I wpa_supplicant: wlan0: Associated with 02:00:00:00:01:00
05-29 13:50:15.685   736   736 I wpa_supplicant: wlan0: CTRL-EVENT-CONNECTED - Connection to 02:00:00:00:01:00 completed [id=0 id_str=%7B%22configKey%22%3A%22%5C%22AndroidWifi%5C%22NONE%22%2C%22creatorUid%22%3A%221000%22%7D]
05-29 13:50:15.685   736   736 I wpa_supplicant: wlan0: CTRL-EVENT-SUBNET-STATUS-UPDATE status=0
05-29 13:50:15.689   367   576 D ConnectivityService: registerNetworkAgent NetworkAgentInfo{ ni{[type: WIFI[], state: CONNECTING/CONNECTING, reason: (unspecified), extra: "AndroidWifi", failover: false, available: true, roaming: false, metered: false]}  network{144}  nethandle{618491726558}  lp{{LinkAddresses: []  Routes: [] DnsAddresses: [] Domains: null MTU: 0}}  nc{[ Transports: WIFI Capabilities: NOT_METERED&INTERNET&NOT_RESTRICTED&TRUSTED&NOT_VPN LinkUpBandwidth>=1048576Kbps LinkDnBandwidth>=1048576Kbps]}  Score{20}  everValidated{false}  lastValidated{false}  created{false} lingering{false} explicitlySelected{false} acceptUnvalidated{false} everCaptivePortalDetected{false} lastCaptivePortalDetected{false} }
05-29 13:50:15.690   367   580 D ConnectivityService: NetworkAgentInfo [WIFI () - 144] EVENT_NETWORK_INFO_CHANGED, going from null to CONNECTING
05-29 13:50:15.691   367   576 E SupplicantStaIfaceHal: ISupplicantStaIface.setPowerSave failed: FAILURE_UNKNOWN, 
05-29 13:50:15.691   367   576 E SupplicantStaIfaceHal: ISupplicantStaIface.setBtCoexistenceMode failed: FAILURE_UNKNOWN, 
05-29 13:50:15.693   367   576 E WifiVendorHal: getApfCapabilities(l.1497) failed {.code = ERROR_NOT_SUPPORTED, .description = }
05-29 13:50:15.695   367   576 E WifiVendorHal: configureNeighborDiscoveryOffload(l.2199) failed {.code = ERROR_NOT_SUPPORTED, .description = }
05-29 13:50:15.696   367   576 E SupplicantStaIfaceHal: ISupplicantStaIface.stopRxFilter failed: FAILURE_UNKNOWN, 
05-29 13:50:15.715   367  8220 D DhcpClient: Receive thread started
05-29 13:50:15.715   367   576 E SupplicantStaIfaceHal: ISupplicantStaIface.setBtCoexistenceMode failed: FAILURE_UNKNOWN, 
05-29 13:50:15.716   367   576 E SupplicantStaIfaceHal: ISupplicantStaIface.setSuspendModeEnabled failed: FAILURE_UNKNOWN, 
05-29 13:50:15.718   367  8217 D DhcpClient: Broadcasting DHCPDISCOVER
05-29 13:50:20.718   367  8217 D DhcpClient: Broadcasting DHCPDISCOVER
05-29 13:50:22.074   367   576 W AlarmManager: Unrecognized alarm listener com.android.server.wifi.WifiConfigStore$1@f19a5c7
05-29 13:50:22.079   367   576 D WifiConfigStore: Writing to stores completed in 5 ms.
05-29 13:50:25.718   367  8217 D DhcpClient: Broadcasting DHCPDISCOVER
05-29 13:50:33.999   367  8217 D DhcpClient: Broadcasting DHCPDISCOVER
05-29 13:50:36.043   367   576 E WifiVendorHal: getTxPktFates(l.1941) failed {.code = ERROR_NOT_SUPPORTED, .description = }
05-29 13:50:36.044   367   576 E WifiVendorHal: getRxPktFates(l.1981) failed {.code = ERROR_NOT_SUPPORTED, .description = }
05-29 13:50:37.026  1471  8229 W System.err: java.net.UnknownHostException: Unable to resolve host "loc.map.baidu.com": No address associated with hostname
05-29 13:50:37.026  1471  8229 W System.err: 	at java.net.Inet6AddressImpl.lookupHostByName(Inet6AddressImpl.java:111)
05-29 13:50:37.026  1471  8229 W System.err: 	at java.net.Inet6AddressImpl.lookupAllHostAddr(Inet6AddressImpl.java:90)
05-29 13:50:37.026  1471  8229 W System.err: 	at java.net.InetAddress.getAllByName(InetAddress.java:787)
05-29 13:50:37.026  1471  8229 W System.err: 	at com.android.okhttp.Dns$1.lookup(Dns.java:39)
05-29 13:50:37.026  1471  8229 W System.err: 	at com.android.okhttp.internal.http.RouteSelector.resetNextInetSocketAddress(RouteSelector.java:175)
05-29 13:50:37.026  1471  8229 W System.err: 	at com.android.okhttp.internal.http.RouteSelector.nextProxy(RouteSelector.java:141)
05-29 13:50:37.026  1471  8229 W System.err: 	at com.android.okhttp.internal.http.RouteSelector.next(RouteSelector.java:83)
05-29 13:50:37.026  1471  8229 W System.err: 	at com.android.okhttp.internal.http.StreamAllocation.findConnection(StreamAllocation.java:174)
05-29 13:50:37.026  1471  8229 W System.err: 	at com.android.okhttp.internal.http.StreamAllocation.findHealthyConnection(StreamAllocation.java:126)
05-29 13:50:37.026  1471  8229 W System.err: 	at com.android.okhttp.internal.http.StreamAllocation.newStream(StreamAllocation.java:95)
05-29 13:50:37.026  1471  8229 W System.err: 	at com.android.okhttp.internal.http.HttpEngine.connect(HttpEngine.java:281)
05-29 13:50:37.026  1471  8229 W System.err: 	at com.android.okhttp.internal.http.HttpEngine.sendRequest(HttpEngine.java:224)
05-29 13:50:37.026  1471  8229 W System.err: 	at com.android.okhttp.internal.huc.HttpURLConnectionImpl.execute(HttpURLConnectionImpl.java:461)
05-29 13:50:37.026  1471  8229 W System.err: 	at com.android.okhttp.internal.huc.HttpURLConnectionImpl.connect(HttpURLConnectionImpl.java:127)
05-29 13:50:37.026  1471  8229 W System.err: 	at com.android.okhttp.internal.huc.HttpURLConnectionImpl.getOutputStream(HttpURLConnectionImpl.java:258)
05-29 13:50:37.026  1471  8229 W System.err: 	at com.android.okhttp.internal.huc.DelegatingHttpsURLConnection.getOutputStream(DelegatingHttpsURLConnection.java:218)
05-29 13:50:37.026  1471  8229 W System.err: 	at com.android.okhttp.internal.huc.HttpsURLConnectionImpl.getOutputStream(Unknown Source:0)
05-29 13:50:37.026  1471  8229 W System.err: 	at com.networkbench.agent.impl.instrumentation.NBSHttpsURLConnectionExtension.getOutputStream(SourceFile:395)
05-29 13:50:37.026  1471  8229 W System.err: 	at com.baidu.location.g.h.run(Unknown Source:205)
05-29 13:50:37.026  1471  8229 I baidu_location_service: https NetworkCommunicationException!
05-29 13:50:40.086  1927  2411 E ZLS-UPLOAD: /storage/emulated/0/Android/data/cn.zhimawu.shouyiren/files/cn.zhimawu.shouyiren/zls_uuid no exist
05-29 13:50:40.088  1927  2411 E ZLS-UPLOAD: /storage/emulated/0/Android/data/cn.zhimawu.shouyiren/files/cn.zhimawu.shouyiren/zls_uuid no exist
05-29 13:50:45.906  1297  3281 V core    : 186/network is not available
05-29 13:50:48.491   367  8217 D DhcpClient: Broadcasting DHCPDISCOVER
05-29 13:50:51.695   367   577 D DhcpClient: doQuit
05-29 13:50:51.695   367  8217 D DhcpClient: onQuitting
05-29 13:50:51.696   326   326 I hostapd : wlan1: AP-STA-DISCONNECTED 02:00:00:00:00:00
05-29 13:50:51.697   736   736 I wpa_supplicant: wlan0: CTRL-EVENT-DISCONNECTED bssid=02:00:00:00:01:00 reason=3 locally_generated=1
05-29 13:50:51.697   736   736 E wpa_supplicant: nl80211: Failed to open /proc/sys/net/ipv4/conf/wlan0/drop_unicast_in_l2_multicast: No such file or directory
05-29 13:50:51.697   736   736 E wpa_supplicant: nl80211: Failed to set IPv4 unicast in multicast filter
05-29 13:50:51.697   736   736 E wpa_supplicant: nl80211: Failed to open /proc/sys/net/ipv4/conf/wlan0/drop_unicast_in_l2_multicast: No such file or directory
05-29 13:50:51.697   736   736 E wpa_supplicant: nl80211: Failed to set IPv4 unicast in multicast filter
05-29 13:50:51.698   318   348 E Netd    : Failed to destroy IPv6 sockets on fe80::ff:fe00:0: No such file or directory
05-29 13:50:51.698   318   348 E Netd    : Error destroying sockets: Unknown error -2
05-29 13:50:51.699   318   356 D CommandListener: Clearing all IP addresses on wlan0
05-29 13:50:51.700   736   736 E wpa_supplicant: nl80211: Failed to open /proc/sys/net/ipv4/conf/wlan0/drop_unicast_in_l2_multicast: No such file or directory
05-29 13:50:51.700   736   736 E wpa_supplicant: nl80211: Failed to set IPv4 unicast in multicast filter
05-29 13:50:51.708   367  8220 D DhcpClient: Receive thread stopped
05-29 13:50:51.714   367   576 E WifiVendorHal: getTxPktFates(l.1941) failed {.code = ERROR_NOT_SUPPORTED, .description = }
05-29 13:50:51.714   367   576 E WifiVendorHal: getRxPktFates(l.1981) failed {.code = ERROR_NOT_SUPPORTED, .description = }
05-29 13:50:51.715   367   576 E WifiVendorHal: stopRssiMonitoring(l.2115) failed {.code = ERROR_NOT_AVAILABLE, .description = }
05-29 13:50:51.715   367   576 E SupplicantStaIfaceHal: ISupplicantStaIface.setPowerSave failed: FAILURE_UNKNOWN, 
05-29 13:50:51.716   367   576 E SupplicantStaIfaceHal: ISupplicantStaIface.setBtCoexistenceMode failed: FAILURE_UNKNOWN, 
05-29 13:50:51.716   367   580 D ConnectivityService: NetworkAgentInfo [WIFI () - 144] EVENT_NETWORK_INFO_CHANGED, going from CONNECTING to DISCONNECTED
05-29 13:50:51.716   367   580 D ConnectivityService: NetworkAgentInfo [WIFI () - 144] got DISCONNECTED, was satisfying 0
05-29 13:50:51.719   367   576 E SupplicantStaIfaceHal: ISupplicantStaIface.setCountryCode failed: FAILURE_UNKNOWN, 
05-29 13:50:51.719   367   576 D WifiCountryCode: Failed to set country code to: US
05-29 13:50:51.719   367   576 D WifiStateMachine: Start Disconnecting Watchdog 45
05-29 13:50:51.720   367   576 E WifiVendorHal: stopRssiMonitoring(l.2115) failed {.code = ERROR_NOT_AVAILABLE, .description = }
05-29 13:50:51.721   367   576 E SupplicantStaIfaceHal: ISupplicantStaIface.setPowerSave failed: FAILURE_UNKNOWN, 
05-29 13:50:51.721   367   576 E SupplicantStaIfaceHal: ISupplicantStaIface.setBtCoexistenceMode failed: FAILURE_UNKNOWN, 
05-29 13:50:51.722   367   576 I WifiStateMachine: disconnectedstate enter
05-29 13:50:51.723   367   576 D WifiNetworkAgent: NetworkAgent: NetworkAgent channel lost
05-29 13:50:55.324   367   379 D WificondControl: Scan result ready event
05-29 13:50:55.326   367   576 W WifiConfigManager: Looking up network with invalid networkId -1
05-29 13:50:55.326   367   576 W WifiConfigManager: Looking up network with invalid networkId -1
05-29 13:50:55.333  1927  2410 E ZLS-UPLOAD: /storage/emulated/0/Android/data/cn.zhimawu.shouyiren/files/cn.zhimawu.shouyiren/zls_uuid no exist
05-29 13:51:01.701   367   576 W AlarmManager: Unrecognized alarm listener com.android.server.wifi.WifiConfigStore$1@f19a5c7
05-29 13:51:01.706   367   576 D WifiConfigStore: Writing to stores completed in 5 ms.
05-29 13:51:03.340  1351  1730 D JIGUANG-JCore: [JiguangTcpManager] Action - restartNetworkingClient, pid:1351
05-29 13:51:03.340  1351  1730 I JIGUANG-JCore: [JiguangTcpManager] No network connection. Give up to start connection thread.
05-29 13:51:03.342  1351  3687 I JIGUANG-JCore: [ReportHelper] periodTasks...
05-29 13:51:03.342  1255  1255 D JIGUANG-JCore: [PushReceiver] onReceive - cn.jpush.android.intent.ACTION_REPORT_HISTORY
05-29 13:51:03.342  1255  1337 D JIGUANG-JPush: [PushReceiverCore] onReceive - cn.jpush.android.intent.ACTION_REPORT_HISTORY
05-29 13:51:15.328   367  1144 D WificondControl: Scan result ready event
05-29 13:51:15.330   367   576 W WifiConfigManager: Looking up network with invalid networkId -1
05-29 13:51:15.330   367   576 W WifiConfigManager: Looking up network with invalid networkId -1
05-29 13:51:15.706   367   576 E WifiVendorHal: getTxPktFates(l.1941) failed {.code = ERROR_NOT_SUPPORTED, .description = }
05-29 13:51:15.706   367   576 E WifiVendorHal: getRxPktFates(l.1981) failed {.code = ERROR_NOT_SUPPORTED, .description = }
05-29 13:51:18.929   367   486 E memtrack: Couldn't load memtrack module
05-29 13:51:18.929   367   486 W android.os.Debug: failed to get memory consumption info: -1
05-29 13:51:37.030  1471  8248 W System.err: java.net.UnknownHostException: Unable to resolve host "loc.map.baidu.com": No address associated with hostname
05-29 13:51:37.030  1471  8248 W System.err: 	at java.net.Inet6AddressImpl.lookupHostByName(Inet6AddressImpl.java:111)
05-29 13:51:37.030  1471  8248 W System.err: 	at java.net.Inet6AddressImpl.lookupAllHostAddr(Inet6AddressImpl.java:90)
05-29 13:51:37.030  1471  8248 W System.err: 	at java.net.InetAddress.getAllByName(InetAddress.java:787)
05-29 13:51:37.030  1471  8248 W System.err: 	at com.android.okhttp.Dns$1.lookup(Dns.java:39)
05-29 13:51:37.030  1471  8248 W System.err: 	at com.android.okhttp.internal.http.RouteSelector.resetNextInetSocketAddress(RouteSelector.java:175)
05-29 13:51:37.031  1471  8248 W System.err: 	at com.android.okhttp.internal.http.RouteSelector.nextProxy(RouteSelector.java:141)
05-29 13:51:37.031  1471  8248 W System.err: 	at com.android.okhttp.internal.http.RouteSelector.next(RouteSelector.java:83)
05-29 13:51:37.031  1471  8248 W System.err: 	at com.android.okhttp.internal.http.StreamAllocation.findConnection(StreamAllocation.java:174)
05-29 13:51:37.031  1471  8248 W System.err: 	at com.android.okhttp.internal.http.StreamAllocation.findHealthyConnection(StreamAllocation.java:126)
05-29 13:51:37.031  1471  8248 W System.err: 	at com.android.okhttp.internal.http.StreamAllocation.newStream(StreamAllocation.java:95)
05-29 13:51:37.031  1471  8248 W System.err: 	at com.android.okhttp.internal.http.HttpEngine.connect(HttpEngine.java:281)
05-29 13:51:37.031  1471  8248 W System.err: 	at com.android.okhttp.internal.http.HttpEngine.sendRequest(HttpEngine.java:224)
05-29 13:51:37.031  1471  8248 W System.err: 	at com.android.okhttp.internal.huc.HttpURLConnectionImpl.execute(HttpURLConnectionImpl.java:461)
05-29 13:51:37.031  1471  8248 W System.err: 	at com.android.okhttp.internal.huc.HttpURLConnectionImpl.connect(HttpURLConnectionImpl.java:127)
05-29 13:51:37.031  1471  8248 W System.err: 	at com.android.okhttp.internal.huc.HttpURLConnectionImpl.getOutputStream(HttpURLConnectionImpl.java:258)
05-29 13:51:37.031  1471  8248 W System.err: 	at com.android.okhttp.internal.huc.DelegatingHttpsURLConnection.getOutputStream(DelegatingHttpsURLConnection.java:218)
05-29 13:51:37.031  1471  8248 W System.err: 	at com.android.okhttp.internal.huc.HttpsURLConnectionImpl.getOutputStream(Unknown Source:0)
05-29 13:51:37.031  1471  8248 W System.err: 	at com.networkbench.agent.impl.instrumentation.NBSHttpsURLConnectionExtension.getOutputStream(SourceFile:395)
05-29 13:51:37.031  1471  8248 W System.err: 	at com.baidu.location.g.h.run(Unknown Source:205)
05-29 13:51:37.031  1471  8248 I baidu_location_service: https NetworkCommunicationException!
05-29 13:51:37.084   367  1128 D WificondControl: Scan result ready event
05-29 13:51:37.086   367   576 W WifiConfigManager: Looking up network with invalid networkId -1
05-29 13:51:37.086   367   576 W WifiConfigManager: Looking up network with invalid networkId -1
05-29 13:51:40.129  1927  2411 E ZLS-UPLOAD: /storage/emulated/0/Android/data/cn.zhimawu.shouyiren/files/cn.zhimawu.shouyiren/zls_uuid no exist
05-29 13:51:40.130  1927  2411 E ZLS-UPLOAD: /storage/emulated/0/Android/data/cn.zhimawu.shouyiren/files/cn.zhimawu.shouyiren/zls_uuid no exist
05-29 13:51:55.328   367  1180 D WificondControl: Scan result ready event
05-29 13:51:55.330   367   576 W WifiConfigManager: Looking up network with invalid networkId -1
05-29 13:51:55.330   367   576 W WifiConfigManager: Looking up network with invalid networkId -1
05-29 13:51:59.036  7631  7877 V test    : 463/http request: https://nim.qiyukf.com/webapi/user/create.action?deviceid=c34800b8381f423797d0e440ff671144&appkey=b4efd9792bb291da0cbf8ef18f141381
05-29 13:51:59.040  7631  7877 W System.err: com.qiyukf.unicorn.f.b.b: post request error code is: 408
05-29 13:51:59.040  7631  7877 W System.err: 	at com.qiyukf.unicorn.f.b.a.b(Unknown Source:21)
05-29 13:51:59.041  7631  7877 W System.err: 	at com.qiyukf.unicorn.f.b.a.b(Unknown Source:4)
05-29 13:51:59.041  7631  7877 W System.err: 	at com.qiyukf.unicorn.f.c.a(Unknown Source:22)
05-29 13:51:59.041  7631  7877 W System.err: 	at com.qiyukf.unicorn.f.a$3.a(Unknown Source:6)
05-29 13:51:59.041  7631  7877 W System.err: 	at com.qiyukf.unicorn.j.a$1.run(Unknown Source:2)
05-29 13:51:59.041  7631  7877 W System.err: 	at android.os.Handler.handleCallback(Handler.java:789)
05-29 13:51:59.041  7631  7877 W System.err: 	at android.os.Handler.dispatchMessage(Handler.java:98)
05-29 13:51:59.041  7631  7877 W System.err: 	at android.os.Looper.loop(Looper.java:164)
05-29 13:51:59.041  7631  7877 W System.err: 	at android.os.HandlerThread.run(HandlerThread.java:65)
05-29 13:51:59.041  7631  7877 W System.err: Caused by: java.net.UnknownHostException: Unable to resolve host "nim.qiyukf.com": No address associated with hostname
05-29 13:51:59.041  7631  7877 W System.err: 	at java.net.Inet6AddressImpl.lookupHostByName(Inet6AddressImpl.java:111)
05-29 13:51:59.041  7631  7877 W System.err: 	at java.net.Inet6AddressImpl.lookupAllHostAddr(Inet6AddressImpl.java:90)
05-29 13:51:59.041  7631  7877 W System.err: 	at java.net.InetAddress.getAllByName(InetAddress.java:787)
05-29 13:51:59.041  7631  7877 W System.err: 	at com.android.okhttp.Dns$1.lookup(Dns.java:39)
05-29 13:51:59.041  7631  7877 W System.err: 	at com.android.okhttp.internal.http.RouteSelector.resetNextInetSocketAddress(RouteSelector.java:175)
05-29 13:51:59.041  7631  7877 W System.err: 	at com.android.okhttp.internal.http.RouteSelector.nextProxy(RouteSelector.java:141)
05-29 13:51:59.041  7631  7877 W System.err: 	at com.android.okhttp.internal.http.RouteSelector.next(RouteSelector.java:83)
05-29 13:51:59.041  7631  7877 W System.err: 	at com.android.okhttp.internal.http.StreamAllocation.findConnection(StreamAllocation.java:174)
05-29 13:51:59.041  7631  7877 W System.err: 	at com.android.okhttp.internal.http.StreamAllocation.findHealthyConnection(StreamAllocation.java:126)
05-29 13:51:59.041  7631  7877 W System.err: 	at com.android.okhttp.internal.http.StreamAllocation.newStream(StreamAllocation.java:95)
05-29 13:51:59.041  7631  7877 W System.err: 	at com.android.okhttp.internal.http.HttpEngine.connect(HttpEngine.java:281)
05-29 13:51:59.041  7631  7877 W System.err: 	at com.android.okhttp.internal.http.HttpEngine.sendRequest(HttpEngine.java:224)
05-29 13:51:59.041  7631  7877 W System.err: 	at com.android.okhttp.internal.huc.HttpURLConnectionImpl.execute(HttpURLConnectionImpl.java:461)
05-29 13:51:59.041  7631  7877 W System.err: 	at com.android.okhttp.internal.huc.HttpURLConnectionImpl.getResponse(HttpURLConnectionImpl.java:407)
05-29 13:51:59.041  7631  7877 W System.err: 	at com.android.okhttp.internal.huc.HttpURLConnectionImpl.getResponseCode(HttpURLConnectionImpl.java:538)
05-29 13:51:59.041  7631  7877 W System.err: 	at com.android.okhttp.internal.huc.DelegatingHttpsURLConnection.getResponseCode(DelegatingHttpsURLConnection.java:105)
05-29 13:51:59.041  7631  7877 W System.err: 	at com.android.okhttp.internal.huc.HttpsURLConnectionImpl.getResponseCode(Unknown Source:0)
05-29 13:51:59.041  7631  7877 W System.err: 	at com.networkbench.agent.impl.instrumentation.NBSHttpsURLConnectionExtension.getResponseCode(SourceFile:229)
05-29 13:51:59.041  7631  7877 W System.err: 	at com.qiyukf.basesdk.b.a.c.b.b(Unknown Source:13)
05-29 13:51:59.041  7631  7877 W System.err: 	at com.qiyukf.unicorn.f.b.a.b(Unknown Source:10)
05-29 13:51:59.041  7631  7877 W System.err: 	... 8 more
05-29 13:51:59.042  7631  7637 I zygote  : Do full code cache collection, code=122KB, data=102KB
05-29 13:51:59.042  7631  7637 I zygote  : After code cache collection, code=113KB, data=71KB
05-29 13:52:08.401  1927  2409 E ZLS-LOCATION: context : [false,true,0,NET_NO] ; config : [CACHE_GPS] ; event : WaitEventTimeUpEvent
05-29 13:52:23.429  1927  2409 E ZLS-UPLOAD: /storage/emulated/0/Android/data/cn.zhimawu.shouyiren/files/cn.zhimawu.shouyiren/zls_uuid no exist
05-29 13:52:37.056  1471  8272 W System.err: java.net.UnknownHostException: Unable to resolve host "loc.map.baidu.com": No address associated with hostname
05-29 13:52:37.056  1471  8272 W System.err: 	at java.net.Inet6AddressImpl.lookupHostByName(Inet6AddressImpl.java:111)
05-29 13:52:37.056  1471  8272 W System.err: 	at java.net.Inet6AddressImpl.lookupAllHostAddr(Inet6AddressImpl.java:90)
05-29 13:52:37.056  1471  8272 W System.err: 	at java.net.InetAddress.getAllByName(InetAddress.java:787)
05-29 13:52:37.056  1471  8272 W System.err: 	at com.android.okhttp.Dns$1.lookup(Dns.java:39)
05-29 13:52:37.056  1471  8272 W System.err: 	at com.android.okhttp.internal.http.RouteSelector.resetNextInetSocketAddress(RouteSelector.java:175)
05-29 13:52:37.056  1471  8272 W System.err: 	at com.android.okhttp.internal.http.RouteSelector.nextProxy(RouteSelector.java:141)
05-29 13:52:37.056  1471  8272 W System.err: 	at com.android.okhttp.internal.http.RouteSelector.next(RouteSelector.java:83)
05-29 13:52:37.056  1471  8272 W System.err: 	at com.android.okhttp.internal.http.StreamAllocation.findConnection(StreamAllocation.java:174)
05-29 13:52:37.056  1471  8272 W System.err: 	at com.android.okhttp.internal.http.StreamAllocation.findHealthyConnection(StreamAllocation.java:126)
05-29 13:52:37.056  1471  8272 W System.err: 	at com.android.okhttp.internal.http.StreamAllocation.newStream(StreamAllocation.java:95)
05-29 13:52:37.056  1471  8272 W System.err: 	at com.android.okhttp.internal.http.HttpEngine.connect(HttpEngine.java:281)
05-29 13:52:37.056  1471  8272 W System.err: 	at com.android.okhttp.internal.http.HttpEngine.sendRequest(HttpEngine.java:224)
05-29 13:52:37.056  1471  8272 W System.err: 	at com.android.okhttp.internal.huc.HttpURLConnectionImpl.execute(HttpURLConnectionImpl.java:461)
05-29 13:52:37.056  1471  8272 W System.err: 	at com.android.okhttp.internal.huc.HttpURLConnectionImpl.connect(HttpURLConnectionImpl.java:127)
05-29 13:52:37.056  1471  8272 W System.err: 	at com.android.okhttp.internal.huc.HttpURLConnectionImpl.getOutputStream(HttpURLConnectionImpl.java:258)
05-29 13:52:37.056  1471  8272 W System.err: 	at com.android.okhttp.internal.huc.DelegatingHttpsURLConnection.getOutputStream(DelegatingHttpsURLConnection.java:218)
05-29 13:52:37.056  1471  8272 W System.err: 	at com.android.okhttp.internal.huc.HttpsURLConnectionImpl.getOutputStream(Unknown Source:0)
05-29 13:52:37.056  1471  8272 W System.err: 	at com.networkbench.agent.impl.instrumentation.NBSHttpsURLConnectionExtension.getOutputStream(SourceFile:395)
05-29 13:52:37.056  1471  8272 W System.err: 	at com.baidu.location.g.h.run(Unknown Source:205)
05-29 13:52:37.056  1471  8272 I baidu_location_service: https NetworkCommunicationException!
05-29 13:52:37.104   367   378 D WificondControl: Scan result ready event
05-29 13:52:37.105   367   576 W WifiConfigManager: Looking up network with invalid networkId -1
05-29 13:52:37.106   367   576 W WifiConfigManager: Looking up network with invalid networkId -1
05-29 13:52:40.170  1927  2411 E ZLS-UPLOAD: /storage/emulated/0/Android/data/cn.zhimawu.shouyiren/files/cn.zhimawu.shouyiren/zls_uuid no exist
05-29 13:52:40.172  1927  2411 E ZLS-UPLOAD: /storage/emulated/0/Android/data/cn.zhimawu.shouyiren/files/cn.zhimawu.shouyiren/zls_uuid no exist
05-29 13:53:18.956   367   486 E memtrack: Couldn't load memtrack module
05-29 13:53:18.956   367   486 W android.os.Debug: failed to get memory consumption info: -1
05-29 13:53:25.921  1297  3281 V core    : 186/network is not available
05-29 13:53:31.126   318   318 I netd    : type=1400 audit(0.0:4816): avc: denied { accept } for path="/dev/socket/dnsproxyd" scontext=u:r:netd:s0 tcontext=u:r:init:s0 tclass=unix_stream_socket permissive=1
05-29 13:53:37.021  1471  8290 W System.err: java.net.UnknownHostException: Unable to resolve host "loc.map.baidu.com": No address associated with hostname
05-29 13:53:37.021  1471  8290 W System.err: 	at java.net.Inet6AddressImpl.lookupHostByName(Inet6AddressImpl.java:111)
05-29 13:53:37.021  1471  8290 W System.err: 	at java.net.Inet6AddressImpl.lookupAllHostAddr(Inet6AddressImpl.java:90)
05-29 13:53:37.021  1471  8290 W System.err: 	at java.net.InetAddress.getAllByName(InetAddress.java:787)
05-29 13:53:37.021  1471  8290 W System.err: 	at com.android.okhttp.Dns$1.lookup(Dns.java:39)
05-29 13:53:37.021  1471  8290 W System.err: 	at com.android.okhttp.internal.http.RouteSelector.resetNextInetSocketAddress(RouteSelector.java:175)
05-29 13:53:37.021  1471  8290 W System.err: 	at com.android.okhttp.internal.http.RouteSelector.nextProxy(RouteSelector.java:141)
05-29 13:53:37.021  1471  8290 W System.err: 	at com.android.okhttp.internal.http.RouteSelector.next(RouteSelector.java:83)
05-29 13:53:37.021  1471  8290 W System.err: 	at com.android.okhttp.internal.http.StreamAllocation.findConnection(StreamAllocation.java:174)
05-29 13:53:37.021  1471  8290 W System.err: 	at com.android.okhttp.internal.http.StreamAllocation.findHealthyConnection(StreamAllocation.java:126)
05-29 13:53:37.021  1471  8290 W System.err: 	at com.android.okhttp.internal.http.StreamAllocation.newStream(StreamAllocation.java:95)
05-29 13:53:37.021  1471  8290 W System.err: 	at com.android.okhttp.internal.http.HttpEngine.connect(HttpEngine.java:281)
05-29 13:53:37.021  1471  8290 W System.err: 	at com.android.okhttp.internal.http.HttpEngine.sendRequest(HttpEngine.java:224)
05-29 13:53:37.021  1471  8290 W System.err: 	at com.android.okhttp.internal.huc.HttpURLConnectionImpl.execute(HttpURLConnectionImpl.java:461)
05-29 13:53:37.021  1471  8290 W System.err: 	at com.android.okhttp.internal.huc.HttpURLConnectionImpl.connect(HttpURLConnectionImpl.java:127)
05-29 13:53:37.021  1471  8290 W System.err: 	at com.android.okhttp.internal.huc.HttpURLConnectionImpl.getOutputStream(HttpURLConnectionImpl.java:258)
05-29 13:53:37.021  1471  8290 W System.err: 	at com.android.okhttp.internal.huc.DelegatingHttpsURLConnection.getOutputStream(DelegatingHttpsURLConnection.java:218)
05-29 13:53:37.021  1471  8290 W System.err: 	at com.android.okhttp.internal.huc.HttpsURLConnectionImpl.getOutputStream(Unknown Source:0)
05-29 13:53:37.021  1471  8290 W System.err: 	at com.networkbench.agent.impl.instrumentation.NBSHttpsURLConnectionExtension.getOutputStream(SourceFile:395)
05-29 13:53:37.021  1471  8290 W System.err: 	at com.baidu.location.g.h.run(Unknown Source:205)
05-29 13:53:37.021  1471  8290 I baidu_location_service: https NetworkCommunicationException!
05-29 13:53:37.097   367  1180 D WificondControl: Scan result ready event
05-29 13:53:37.098   367   576 W WifiConfigManager: Looking up network with invalid networkId -1
05-29 13:53:37.099   367   576 W WifiConfigManager: Looking up network with invalid networkId -1
05-29 13:53:38.553  7631  7631 D JIGUANG-JCore: [PushReceiver] onReceive - cn.jpush.android.intent.ACTION_REPORT_HISTORY
05-29 13:53:38.553  7631  7734 D JIGUANG-JPush: [PushReceiverCore] onReceive - cn.jpush.android.intent.ACTION_REPORT_HISTORY
05-29 13:53:40.217  1927  2411 E ZLS-UPLOAD: /storage/emulated/0/Android/data/cn.zhimawu.shouyiren/files/cn.zhimawu.shouyiren/zls_uuid no exist
05-29 13:53:40.218  1927  2411 E ZLS-UPLOAD: /storage/emulated/0/Android/data/cn.zhimawu.shouyiren/files/cn.zhimawu.shouyiren/zls_uuid no exist
05-29 13:53:48.962   367   486 E memtrack: Couldn't load memtrack module
05-29 13:53:48.962   367   486 W android.os.Debug: failed to get memory consumption info: -1
05-29 13:53:48.970   367   486 E memtrack: Couldn't load memtrack module
05-29 13:53:48.970   367   486 W android.os.Debug: failed to get memory consumption info: -1
05-29 13:53:59.017   367   486 E memtrack: Couldn't load memtrack module
05-29 13:53:59.017   367   486 W android.os.Debug: failed to get memory consumption info: -1
05-29 13:53:59.030   367   486 E memtrack: Couldn't load memtrack module
05-29 13:53:59.030   367   486 W android.os.Debug: failed to get memory consumption info: -1
05-29 13:53:59.035   367   486 E memtrack: Couldn't load memtrack module
05-29 13:53:59.035   367   486 W android.os.Debug: failed to get memory consumption info: -1
05-29 13:53:59.046   367   486 E memtrack: Couldn't load memtrack module
05-29 13:53:59.046   367   486 W android.os.Debug: failed to get memory consumption info: -1
05-29 13:53:59.055   367   486 E memtrack: Couldn't load memtrack module
05-29 13:53:59.055   367   486 W android.os.Debug: failed to get memory consumption info: -1
05-29 13:53:59.064   367   486 E memtrack: Couldn't load memtrack module
05-29 13:53:59.064   367   486 W android.os.Debug: failed to get memory consumption info: -1
05-29 13:53:59.071   367   486 E memtrack: Couldn't load memtrack module
05-29 13:53:59.071   367   486 W android.os.Debug: failed to get memory consumption info: -1
05-29 13:54:08.340   367   486 E memtrack: Couldn't load memtrack module
05-29 13:54:08.340   367   486 W android.os.Debug: failed to get memory consumption info: -1
05-29 13:54:09.070  7631  7877 V test    : 463/http request: https://nim.qiyukf.com/webapi/user/create.action?deviceid=5c828f5de0e9454fbd39a5ccda4de70f&appkey=b4efd9792bb291da0cbf8ef18f141381
05-29 13:54:09.074  7631  7877 W System.err: com.qiyukf.unicorn.f.b.b: post request error code is: 408
05-29 13:54:09.074  7631  7877 W System.err: 	at com.qiyukf.unicorn.f.b.a.b(Unknown Source:21)
05-29 13:54:09.074  7631  7877 W System.err: 	at com.qiyukf.unicorn.f.b.a.b(Unknown Source:4)
05-29 13:54:09.074  7631  7877 W System.err: 	at com.qiyukf.unicorn.f.c.a(Unknown Source:22)
05-29 13:54:09.074  7631  7877 W System.err: 	at com.qiyukf.unicorn.f.a$3.a(Unknown Source:6)
05-29 13:54:09.074  7631  7877 W System.err: 	at com.qiyukf.unicorn.j.a$1.run(Unknown Source:2)
05-29 13:54:09.074  7631  7877 W System.err: 	at android.os.Handler.handleCallback(Handler.java:789)
05-29 13:54:09.074  7631  7877 W System.err: 	at android.os.Handler.dispatchMessage(Handler.java:98)
05-29 13:54:09.074  7631  7877 W System.err: 	at android.os.Looper.loop(Looper.java:164)
05-29 13:54:09.074  7631  7877 W System.err: 	at android.os.HandlerThread.run(HandlerThread.java:65)
05-29 13:54:09.074  7631  7877 W System.err: Caused by: java.net.UnknownHostException: Unable to resolve host "nim.qiyukf.com": No address associated with hostname
05-29 13:54:09.075  7631  7877 W System.err: 	at java.net.Inet6AddressImpl.lookupHostByName(Inet6AddressImpl.java:111)
