05-29 13:40:31.915   367   576 E WifiVendorHal: getRxPktFates(l.1981) failed {.code = ERROR_NOT_SUPPORTED, .description = }
05-29 13:40:31.917   367   576 E WifiVendorHal: stopRssiMonitoring(l.2115) failed {.code = ERROR_NOT_AVAILABLE, .description = }
05-29 13:40:31.918   367   576 E SupplicantStaIfaceHal: ISupplicantStaIface.setPowerSave failed: FAILURE_UNKNOWN, 
05-29 13:40:31.919   367   576 E SupplicantStaIfaceHal: ISupplicantStaIface.setBtCoexistenceMode failed: FAILURE_UNKNOWN, 
05-29 13:40:31.919   367   580 D ConnectivityService: NetworkAgentInfo [WIFI () - 137] EVENT_NETWORK_INFO_CHANGED, going from CONNECTING to DISCONNECTED
05-29 13:40:31.919   367   580 D ConnectivityService: NetworkAgentInfo [WIFI () - 137] got DISCONNECTED, was satisfying 0
05-29 13:40:31.925   367   576 E SupplicantStaIfaceHal: ISupplicantStaIface.setCountryCode failed: FAILURE_UNKNOWN, 
05-29 13:40:31.925   367   576 D WifiCountryCode: Failed to set country code to: US
05-29 13:40:31.925   367   576 D WifiStateMachine: Start Disconnecting Watchdog 38
05-29 13:40:31.928   367   576 E WifiVendorHal: stopRssiMonitoring(l.2115) failed {.code = ERROR_NOT_AVAILABLE, .description = }
05-29 13:40:31.930   367   576 E SupplicantStaIfaceHal: ISupplicantStaIface.setPowerSave failed: FAILURE_UNKNOWN, 
05-29 13:40:31.930   367   576 E SupplicantStaIfaceHal: ISupplicantStaIface.setBtCoexistenceMode failed: FAILURE_UNKNOWN, 
05-29 13:40:31.930   367   576 I WifiStateMachine: disconnectedstate enter
05-29 13:40:31.931   367   576 D WifiNetworkAgent: NetworkAgent: NetworkAgent channel lost
05-29 13:40:35.524   367  1176 D WificondControl: Scan result ready event
05-29 13:40:35.527   367   576 W WifiConfigManager: Looking up network with invalid networkId -1
05-29 13:40:35.527   367   576 W WifiConfigManager: Looking up network with invalid networkId -1
05-29 13:40:35.527   367   576 D WifiStateMachine: CMD_START_CONNECT sup state DisconnectedState my state DisconnectedState nid=0 roam=false
05-29 13:40:35.528   406   406 W wificond: Scan is not started. Ignore abort request
05-29 13:40:35.528   367   576 D SupplicantStaIfaceHal: connectToNetwork "AndroidWifi"NONE
05-29 13:40:35.528   367   576 D SupplicantStaIfaceHal: Network is already saved, will not trigger remove and add operation.
05-29 13:40:35.529   736   736 I wpa_supplicant: wlan0: SME: Trying to authenticate with 02:00:00:00:01:00 (SSID='AndroidWifi' freq=2447 MHz)
05-29 13:40:35.530   326   326 I hostapd : wlan1: STA 02:00:00:00:00:00 IEEE 802.11: authenticated
05-29 13:40:35.530   326   326 I hostapd : wlan1: STA 02:00:00:00:00:00 IEEE 802.11: authenticated
05-29 13:40:35.530   736   736 I wpa_supplicant: wlan0: Trying to associate with 02:00:00:00:01:00 (SSID='AndroidWifi' freq=2447 MHz)
05-29 13:40:35.532   326   326 I hostapd : wlan1: STA 02:00:00:00:00:00 IEEE 802.11: associated (aid 1)
05-29 13:40:35.532   326   326 I hostapd : wlan1: STA 02:00:00:00:00:00 IEEE 802.11: associated (aid 1)
05-29 13:40:35.532   326   326 I hostapd : wlan1: AP-STA-CONNECTED 02:00:00:00:00:00
05-29 13:40:35.534   736   736 I wpa_supplicant: wlan0: Associated with 02:00:00:00:01:00
05-29 13:40:35.534   736   736 I wpa_supplicant: wlan0: CTRL-EVENT-CONNECTED - Connection to 02:00:00:00:01:00 completed [id=0 id_str=%7B%22configKey%22%3A%22%5C%22AndroidWifi%5C%22NONE%22%2C%22creatorUid%22%3A%221000%22%7D]
05-29 13:40:35.534   736   736 I wpa_supplicant: wlan0: CTRL-EVENT-SUBNET-STATUS-UPDATE status=0
05-29 13:40:35.537   367   576 D ConnectivityService: registerNetworkAgent NetworkAgentInfo{ ni{[type: WIFI[], state: CONNECTING/CONNECTING, reason: (unspecified), extra: "AndroidWifi", failover: false, available: true, roaming: false, metered: false]}  network{138}  nethandle{592721922782}  lp{{LinkAddresses: []  Routes: [] DnsAddresses: [] Domains: null MTU: 0}}  nc{[ Transports: WIFI Capabilities: NOT_METERED&INTERNET&NOT_RESTRICTED&TRUSTED&NOT_VPN LinkUpBandwidth>=1048576Kbps LinkDnBandwidth>=1048576Kbps]}  Score{20}  everValidated{false}  lastValidated{false}  created{false} lingering{false} explicitlySelected{false} acceptUnvalidated{false} everCaptivePortalDetected{false} lastCaptivePortalDetected{false} }
05-29 13:40:35.537   367   580 D ConnectivityService: NetworkAgentInfo [WIFI () - 138] EVENT_NETWORK_INFO_CHANGED, going from null to CONNECTING
05-29 13:40:35.538   367   576 E SupplicantStaIfaceHal: ISupplicantStaIface.setPowerSave failed: FAILURE_UNKNOWN, 
05-29 13:40:35.538   367   576 E SupplicantStaIfaceHal: ISupplicantStaIface.setBtCoexistenceMode failed: FAILURE_UNKNOWN, 
05-29 13:40:35.539   367   576 E WifiVendorHal: getApfCapabilities(l.1497) failed {.code = ERROR_NOT_SUPPORTED, .description = }
05-29 13:40:35.541   367   576 E WifiVendorHal: configureNeighborDiscoveryOffload(l.2199) failed {.code = ERROR_NOT_SUPPORTED, .description = }
05-29 13:40:35.541   367   576 E SupplicantStaIfaceHal: ISupplicantStaIface.stopRxFilter failed: FAILURE_UNKNOWN, 
05-29 13:40:35.556   367   576 E SupplicantStaIfaceHal: ISupplicantStaIface.setBtCoexistenceMode failed: FAILURE_UNKNOWN, 
05-29 13:40:35.556   367  7988 D DhcpClient: Receive thread started
05-29 13:40:35.557   367   576 E SupplicantStaIfaceHal: ISupplicantStaIface.setSuspendModeEnabled failed: FAILURE_UNKNOWN, 
05-29 13:40:35.558   367  7986 D DhcpClient: Broadcasting DHCPDISCOVER
05-29 13:40:35.575  1471  7989 W System.err: java.net.UnknownHostException: Unable to resolve host "loc.map.baidu.com": No address associated with hostname
05-29 13:40:35.575  1471  7989 W System.err: 	at java.net.Inet6AddressImpl.lookupHostByName(Inet6AddressImpl.java:111)
05-29 13:40:35.575  1471  7989 W System.err: 	at java.net.Inet6AddressImpl.lookupAllHostAddr(Inet6AddressImpl.java:90)
05-29 13:40:35.575  1471  7989 W System.err: 	at java.net.InetAddress.getAllByName(InetAddress.java:787)
05-29 13:40:35.575  1471  7989 W System.err: 	at com.android.okhttp.Dns$1.lookup(Dns.java:39)
05-29 13:40:35.575  1471  7989 W System.err: 	at com.android.okhttp.internal.http.RouteSelector.resetNextInetSocketAddress(RouteSelector.java:175)
05-29 13:40:35.575  1471  7989 W System.err: 	at com.android.okhttp.internal.http.RouteSelector.nextProxy(RouteSelector.java:141)
05-29 13:40:35.575  1471  7989 W System.err: 	at com.android.okhttp.internal.http.RouteSelector.next(RouteSelector.java:83)
05-29 13:40:35.575  1471  7989 W System.err: 	at com.android.okhttp.internal.http.StreamAllocation.findConnection(StreamAllocation.java:174)
05-29 13:40:35.575  1471  7989 W System.err: 	at com.android.okhttp.internal.http.StreamAllocation.findHealthyConnection(StreamAllocation.java:126)
05-29 13:40:35.575  1471  7989 W System.err: 	at com.android.okhttp.internal.http.StreamAllocation.newStream(StreamAllocation.java:95)
05-29 13:40:35.575  1471  7989 W System.err: 	at com.android.okhttp.internal.http.HttpEngine.connect(HttpEngine.java:281)
05-29 13:40:35.575  1471  7989 W System.err: 	at com.android.okhttp.internal.http.HttpEngine.sendRequest(HttpEngine.java:224)
05-29 13:40:35.575  1471  7989 W System.err: 	at com.android.okhttp.internal.huc.HttpURLConnectionImpl.execute(HttpURLConnectionImpl.java:461)
05-29 13:40:35.575  1471  7989 W System.err: 	at com.android.okhttp.internal.huc.HttpURLConnectionImpl.connect(HttpURLConnectionImpl.java:127)
05-29 13:40:35.575  1471  7989 W System.err: 	at com.android.okhttp.internal.huc.HttpURLConnectionImpl.getOutputStream(HttpURLConnectionImpl.java:258)
05-29 13:40:35.575  1471  7989 W System.err: 	at com.android.okhttp.internal.huc.DelegatingHttpsURLConnection.getOutputStream(DelegatingHttpsURLConnection.java:218)
05-29 13:40:35.575  1471  7989 W System.err: 	at com.android.okhttp.internal.huc.HttpsURLConnectionImpl.getOutputStream(Unknown Source:0)
05-29 13:40:35.575  1471  7989 W System.err: 	at com.networkbench.agent.impl.instrumentation.NBSHttpsURLConnectionExtension.getOutputStream(SourceFile:395)
05-29 13:40:35.575  1471  7989 W System.err: 	at com.baidu.location.g.h.run(Unknown Source:205)
05-29 13:40:35.575  1471  7989 I baidu_location_service: https NetworkCommunicationException!
05-29 13:40:38.835  7631  7877 V test    : 463/http request: https://nim.qiyukf.com/webapi/user/create.action?deviceid=2381355c95ed467090d042650d8a561e&appkey=b4efd9792bb291da0cbf8ef18f141381
05-29 13:40:38.841  7631  7877 W System.err: com.qiyukf.unicorn.f.b.b: post request error code is: 408
05-29 13:40:38.841  7631  7877 W System.err: 	at com.qiyukf.unicorn.f.b.a.b(Unknown Source:21)
05-29 13:40:38.841  7631  7877 W System.err: 	at com.qiyukf.unicorn.f.b.a.b(Unknown Source:4)
05-29 13:40:38.841  7631  7877 W System.err: 	at com.qiyukf.unicorn.f.c.a(Unknown Source:22)
05-29 13:40:38.841  7631  7877 W System.err: 	at com.qiyukf.unicorn.f.a$3.a(Unknown Source:6)
05-29 13:40:38.841  7631  7877 W System.err: 	at com.qiyukf.unicorn.j.a$1.run(Unknown Source:2)
05-29 13:40:38.841  7631  7877 W System.err: 	at android.os.Handler.handleCallback(Handler.java:789)
05-29 13:40:38.841  7631  7877 W System.err: 	at android.os.Handler.dispatchMessage(Handler.java:98)
05-29 13:40:38.841  7631  7877 W System.err: 	at android.os.Looper.loop(Looper.java:164)
05-29 13:40:38.841  7631  7877 W System.err: 	at android.os.HandlerThread.run(HandlerThread.java:65)
05-29 13:40:38.841  7631  7877 W System.err: Caused by: java.net.UnknownHostException: Unable to resolve host "nim.qiyukf.com": No address associated with hostname
05-29 13:40:38.841  7631  7877 W System.err: 	at java.net.Inet6AddressImpl.lookupHostByName(Inet6AddressImpl.java:111)
05-29 13:40:38.841  7631  7877 W System.err: 	at java.net.Inet6AddressImpl.lookupAllHostAddr(Inet6AddressImpl.java:90)
05-29 13:40:38.841  7631  7877 W System.err: 	at java.net.InetAddress.getAllByName(InetAddress.java:787)
05-29 13:40:38.841  7631  7877 W System.err: 	at com.android.okhttp.Dns$1.lookup(Dns.java:39)
05-29 13:40:38.841  7631  7877 W System.err: 	at com.android.okhttp.internal.http.RouteSelector.resetNextInetSocketAddress(RouteSelector.java:175)
05-29 13:40:38.841  7631  7877 W System.err: 	at com.android.okhttp.internal.http.RouteSelector.nextProxy(RouteSelector.java:141)
05-29 13:40:38.841  7631  7877 W System.err: 	at com.android.okhttp.internal.http.RouteSelector.next(RouteSelector.java:83)
05-29 13:40:38.841  7631  7877 W System.err: 	at com.android.okhttp.internal.http.StreamAllocation.findConnection(StreamAllocation.java:174)
05-29 13:40:38.841  7631  7877 W System.err: 	at com.android.okhttp.internal.http.StreamAllocation.findHealthyConnection(StreamAllocation.java:126)
05-29 13:40:38.841  7631  7877 W System.err: 	at com.android.okhttp.internal.http.StreamAllocation.newStream(StreamAllocation.java:95)
05-29 13:40:38.841  7631  7877 W System.err: 	at com.android.okhttp.internal.http.HttpEngine.connect(HttpEngine.java:281)
05-29 13:40:38.841  7631  7877 W System.err: 	at com.android.okhttp.internal.http.HttpEngine.sendRequest(HttpEngine.java:224)
05-29 13:40:38.841  7631  7877 W System.err: 	at com.android.okhttp.internal.huc.HttpURLConnectionImpl.execute(HttpURLConnectionImpl.java:461)
05-29 13:40:38.841  7631  7877 W System.err: 	at com.android.okhttp.internal.huc.HttpURLConnectionImpl.getResponse(HttpURLConnectionImpl.java:407)
05-29 13:40:38.841  7631  7877 W System.err: 	at com.android.okhttp.internal.huc.HttpURLConnectionImpl.getResponseCode(HttpURLConnectionImpl.java:538)
05-29 13:40:38.841  7631  7877 W System.err: 	at com.android.okhttp.internal.huc.DelegatingHttpsURLConnection.getResponseCode(DelegatingHttpsURLConnection.java:105)
05-29 13:40:38.841  7631  7877 W System.err: 	at com.android.okhttp.internal.huc.HttpsURLConnectionImpl.getResponseCode(Unknown Source:0)
05-29 13:40:38.841  7631  7877 W System.err: 	at com.networkbench.agent.impl.instrumentation.NBSHttpsURLConnectionExtension.getResponseCode(SourceFile:229)
05-29 13:40:38.841  7631  7877 W System.err: 	at com.qiyukf.basesdk.b.a.c.b.b(Unknown Source:13)
05-29 13:40:38.841  7631  7877 W System.err: 	at com.qiyukf.unicorn.f.b.a.b(Unknown Source:10)
05-29 13:40:38.841  7631  7877 W System.err: 	... 8 more
05-29 13:40:39.737  1927  2411 E ZLS-UPLOAD: /storage/emulated/0/Android/data/cn.zhimawu.shouyiren/files/cn.zhimawu.shouyiren/zls_uuid no exist
05-29 13:40:39.739  1927  2411 E ZLS-UPLOAD: /storage/emulated/0/Android/data/cn.zhimawu.shouyiren/files/cn.zhimawu.shouyiren/zls_uuid no exist
05-29 13:40:40.558   367  7986 D DhcpClient: Broadcasting DHCPDISCOVER
05-29 13:40:41.920   367   576 W AlarmManager: Unrecognized alarm listener com.android.server.wifi.WifiConfigStore$1@f19a5c7
05-29 13:40:41.924   367   576 D WifiConfigStore: Writing to stores completed in 4 ms.
05-29 13:40:45.567   367  7986 D DhcpClient: Broadcasting DHCPDISCOVER
05-29 13:40:52.858   367  7986 D DhcpClient: Broadcasting DHCPDISCOVER
05-29 13:40:55.877   367   576 E WifiVendorHal: getTxPktFates(l.1941) failed {.code = ERROR_NOT_SUPPORTED, .description = }
05-29 13:40:55.877   367   576 E WifiVendorHal: getRxPktFates(l.1981) failed {.code = ERROR_NOT_SUPPORTED, .description = }
05-29 13:41:07.665   367  7986 D DhcpClient: Broadcasting DHCPDISCOVER
05-29 13:41:11.541   367   577 D DhcpClient: doQuit
05-29 13:41:11.541   367  7986 D DhcpClient: onQuitting
05-29 13:41:11.542   326   326 I hostapd : wlan1: AP-STA-DISCONNECTED 02:00:00:00:00:00
05-29 13:41:11.542   736   736 I wpa_supplicant: wlan0: CTRL-EVENT-DISCONNECTED bssid=02:00:00:00:01:00 reason=3 locally_generated=1
05-29 13:41:11.543   736   736 E wpa_supplicant: nl80211: Failed to open /proc/sys/net/ipv4/conf/wlan0/drop_unicast_in_l2_multicast: No such file or directory
05-29 13:41:11.543   736   736 E wpa_supplicant: nl80211: Failed to set IPv4 unicast in multicast filter
05-29 13:41:11.543   736   736 E wpa_supplicant: nl80211: Failed to open /proc/sys/net/ipv4/conf/wlan0/drop_unicast_in_l2_multicast: No such file or directory
05-29 13:41:11.543   736   736 E wpa_supplicant: nl80211: Failed to set IPv4 unicast in multicast filter
05-29 13:41:11.544   318   348 E Netd    : Failed to destroy IPv6 sockets on fe80::ff:fe00:0: No such file or directory
05-29 13:41:11.544   318   348 E Netd    : Error destroying sockets: Unknown error -2
05-29 13:41:11.544   318   356 D CommandListener: Clearing all IP addresses on wlan0
05-29 13:41:11.552   367  7988 D DhcpClient: Receive thread stopped
05-29 13:41:11.554   367   576 E WifiVendorHal: getTxPktFates(l.1941) failed {.code = ERROR_NOT_SUPPORTED, .description = }
05-29 13:41:11.555   367   576 E WifiVendorHal: getRxPktFates(l.1981) failed {.code = ERROR_NOT_SUPPORTED, .description = }
05-29 13:41:11.556   367   576 E WifiVendorHal: stopRssiMonitoring(l.2115) failed {.code = ERROR_NOT_AVAILABLE, .description = }
05-29 13:41:11.557   367   576 E SupplicantStaIfaceHal: ISupplicantStaIface.setPowerSave failed: FAILURE_UNKNOWN, 
05-29 13:41:11.557   367   576 E SupplicantStaIfaceHal: ISupplicantStaIface.setBtCoexistenceMode failed: FAILURE_UNKNOWN, 
05-29 13:41:11.558   367   580 D ConnectivityService: NetworkAgentInfo [WIFI () - 138] EVENT_NETWORK_INFO_CHANGED, going from CONNECTING to DISCONNECTED
05-29 13:41:11.558   367   580 D ConnectivityService: NetworkAgentInfo [WIFI () - 138] got DISCONNECTED, was satisfying 0
05-29 13:41:11.559   367   576 E SupplicantStaIfaceHal: ISupplicantStaIface.setCountryCode failed: FAILURE_UNKNOWN, 
05-29 13:41:11.560   367   576 D WifiCountryCode: Failed to set country code to: US
05-29 13:41:11.560   367   576 D WifiStateMachine: Start Disconnecting Watchdog 39
05-29 13:41:11.562   367   576 E WifiVendorHal: stopRssiMonitoring(l.2115) failed {.code = ERROR_NOT_AVAILABLE, .description = }
05-29 13:41:11.562   367   576 E SupplicantStaIfaceHal: ISupplicantStaIface.setPowerSave failed: FAILURE_UNKNOWN, 
05-29 13:41:11.563   367   576 E SupplicantStaIfaceHal: ISupplicantStaIface.setBtCoexistenceMode failed: FAILURE_UNKNOWN, 
05-29 13:41:11.563   367   576 I WifiStateMachine: disconnectedstate enter
05-29 13:41:11.564   367   576 D WifiNetworkAgent: NetworkAgent: NetworkAgent channel lost
05-29 13:41:15.184   367  1146 D WificondControl: Scan result ready event
05-29 13:41:15.186   367   576 W WifiConfigManager: Looking up network with invalid networkId -1
05-29 13:41:15.187   367   576 W WifiConfigManager: Looking up network with invalid networkId -1
05-29 13:41:15.187   367   576 D WifiStateMachine: CMD_START_CONNECT sup state DisconnectedState my state DisconnectedState nid=0 roam=false
05-29 13:41:15.187   406   406 W wificond: Scan is not started. Ignore abort request
05-29 13:41:15.188   367   576 D SupplicantStaIfaceHal: connectToNetwork "AndroidWifi"NONE
05-29 13:41:15.188   367   576 D SupplicantStaIfaceHal: Network is already saved, will not trigger remove and add operation.
05-29 13:41:15.188   736   736 I wpa_supplicant: wlan0: SME: Trying to authenticate with 02:00:00:00:01:00 (SSID='AndroidWifi' freq=2447 MHz)
05-29 13:41:15.189   326   326 I hostapd : wlan1: STA 02:00:00:00:00:00 IEEE 802.11: authenticated
05-29 13:41:15.189   326   326 I hostapd : wlan1: STA 02:00:00:00:00:00 IEEE 802.11: authenticated
05-29 13:41:15.189   736   736 I wpa_supplicant: wlan0: Trying to associate with 02:00:00:00:01:00 (SSID='AndroidWifi' freq=2447 MHz)
05-29 13:41:15.196   326   326 I hostapd : wlan1: STA 02:00:00:00:00:00 IEEE 802.11: associated (aid 1)
05-29 13:41:15.196   326   326 I hostapd : wlan1: STA 02:00:00:00:00:00 IEEE 802.11: associated (aid 1)
05-29 13:41:15.196   326   326 I hostapd : wlan1: AP-STA-CONNECTED 02:00:00:00:00:00
05-29 13:41:15.197  1927  2410 E ZLS-UPLOAD: /storage/emulated/0/Android/data/cn.zhimawu.shouyiren/files/cn.zhimawu.shouyiren/zls_uuid no exist
05-29 13:41:15.197   736   736 I wpa_supplicant: wlan0: Associated with 02:00:00:00:01:00
05-29 13:41:15.197   736   736 I wpa_supplicant: wlan0: CTRL-EVENT-CONNECTED - Connection to 02:00:00:00:01:00 completed [id=0 id_str=%7B%22configKey%22%3A%22%5C%22AndroidWifi%5C%22NONE%22%2C%22creatorUid%22%3A%221000%22%7D]
05-29 13:41:15.197   736   736 I wpa_supplicant: wlan0: CTRL-EVENT-SUBNET-STATUS-UPDATE status=0
05-29 13:41:15.199   367   576 D ConnectivityService: registerNetworkAgent NetworkAgentInfo{ ni{[type: WIFI[], state: CONNECTING/CONNECTING, reason: (unspecified), extra: "AndroidWifi", failover: false, available: true, roaming: false, metered: false]}  network{139}  nethandle{597016890078}  lp{{LinkAddresses: []  Routes: [] DnsAddresses: [] Domains: null MTU: 0}}  nc{[ Transports: WIFI Capabilities: NOT_METERED&INTERNET&NOT_RESTRICTED&TRUSTED&NOT_VPN LinkUpBandwidth>=1048576Kbps LinkDnBandwidth>=1048576Kbps]}  Score{20}  everValidated{false}  lastValidated{false}  created{false} lingering{false} explicitlySelected{false} acceptUnvalidated{false} everCaptivePortalDetected{false} lastCaptivePortalDetected{false} }
05-29 13:41:15.199   367   580 D ConnectivityService: NetworkAgentInfo [WIFI () - 139] EVENT_NETWORK_INFO_CHANGED, going from null to CONNECTING
05-29 13:41:15.201   367   576 E SupplicantStaIfaceHal: ISupplicantStaIface.setPowerSave failed: FAILURE_UNKNOWN, 
05-29 13:41:15.202   367   576 E SupplicantStaIfaceHal: ISupplicantStaIface.setBtCoexistenceMode failed: FAILURE_UNKNOWN, 
05-29 13:41:15.203   367   576 E WifiVendorHal: getApfCapabilities(l.1497) failed {.code = ERROR_NOT_SUPPORTED, .description = }
05-29 13:41:15.208   367   576 E WifiVendorHal: configureNeighborDiscoveryOffload(l.2199) failed {.code = ERROR_NOT_SUPPORTED, .description = }
05-29 13:41:15.208   367   576 E SupplicantStaIfaceHal: ISupplicantStaIface.stopRxFilter failed: FAILURE_UNKNOWN, 
05-29 13:41:15.224   367  8005 D DhcpClient: Receive thread started
05-29 13:41:15.225   367   576 E SupplicantStaIfaceHal: ISupplicantStaIface.setBtCoexistenceMode failed: FAILURE_UNKNOWN, 
05-29 13:41:15.225   367   576 E SupplicantStaIfaceHal: ISupplicantStaIface.setSuspendModeEnabled failed: FAILURE_UNKNOWN, 
05-29 13:41:15.227   367  8003 D DhcpClient: Broadcasting DHCPDISCOVER
05-29 13:41:18.766   367   486 E memtrack: Couldn't load memtrack module
05-29 13:41:18.766   367   486 W android.os.Debug: failed to get memory consumption info: -1
05-29 13:41:20.227   367  8003 D DhcpClient: Broadcasting DHCPDISCOVER
05-29 13:41:21.558   367   576 W AlarmManager: Unrecognized alarm listener com.android.server.wifi.WifiConfigStore$1@f19a5c7
05-29 13:41:21.562   367   576 D WifiConfigStore: Writing to stores completed in 4 ms.
05-29 13:41:23.046   390   390 I lmkd    : type=1400 audit(0.0:4813): avc: denied { read } for path="socket:[14429]" dev="sockfs" ino=14429 scontext=u:r:lmkd:s0 tcontext=u:r:init:s0 tclass=unix_stream_socket permissive=1
05-29 13:41:23.148  1351  3687 I JIGUANG-JCore: [ReportHelper] periodTasks...
05-29 13:41:23.150  1255  1255 D JIGUANG-JCore: [PushReceiver] onReceive - cn.jpush.android.intent.ACTION_REPORT_HISTORY
05-29 13:41:23.150  1351  1730 D JIGUANG-JCore: [JiguangTcpManager] Action - restartNetworkingClient, pid:1351
05-29 13:41:23.151  1351  1730 I JIGUANG-JCore: [JiguangTcpManager] No network connection. Give up to start connection thread.
05-29 13:41:23.151  1255  1337 D JIGUANG-JPush: [PushReceiverCore] onReceive - cn.jpush.android.intent.ACTION_REPORT_HISTORY
05-29 13:41:25.229   367  8003 D DhcpClient: Broadcasting DHCPDISCOVER
05-29 13:41:28.852  7631  7877 V test    : 463/http request: https://nim.qiyukf.com/webapi/user/create.action?deviceid=4760fbe975e84497b796692e9e90beb9&appkey=b4efd9792bb291da0cbf8ef18f141381
05-29 13:41:28.857  7631  7877 W System.err: com.qiyukf.unicorn.f.b.b: post request error code is: 408
05-29 13:41:28.857  7631  7877 W System.err: 	at com.qiyukf.unicorn.f.b.a.b(Unknown Source:21)
05-29 13:41:28.857  7631  7877 W System.err: 	at com.qiyukf.unicorn.f.b.a.b(Unknown Source:4)
05-29 13:41:28.857  7631  7877 W System.err: 	at com.qiyukf.unicorn.f.c.a(Unknown Source:22)
05-29 13:41:28.857  7631  7877 W System.err: 	at com.qiyukf.unicorn.f.a$3.a(Unknown Source:6)
05-29 13:41:28.857  7631  7877 W System.err: 	at com.qiyukf.unicorn.j.a$1.run(Unknown Source:2)
05-29 13:41:28.857  7631  7877 W System.err: 	at android.os.Handler.handleCallback(Handler.java:789)
05-29 13:41:28.857  7631  7877 W System.err: 	at android.os.Handler.dispatchMessage(Handler.java:98)
05-29 13:41:28.857  7631  7877 W System.err: 	at android.os.Looper.loop(Looper.java:164)
05-29 13:41:28.857  7631  7877 W System.err: 	at android.os.HandlerThread.run(HandlerThread.java:65)
05-29 13:41:28.857  7631  7877 W System.err: Caused by: java.net.UnknownHostException: Unable to resolve host "nim.qiyukf.com": No address associated with hostname
05-29 13:41:28.857  7631  7877 W System.err: 	at java.net.Inet6AddressImpl.lookupHostByName(Inet6AddressImpl.java:111)
05-29 13:41:28.857  7631  7877 W System.err: 	at java.net.Inet6AddressImpl.lookupAllHostAddr(Inet6AddressImpl.java:90)
05-29 13:41:28.857  7631  7877 W System.err: 	at java.net.InetAddress.getAllByName(InetAddress.java:787)
05-29 13:41:28.857  7631  7877 W System.err: 	at com.android.okhttp.Dns$1.lookup(Dns.java:39)
05-29 13:41:28.857  7631  7877 W System.err: 	at com.android.okhttp.internal.http.RouteSelector.resetNextInetSocketAddress(RouteSelector.java:175)
05-29 13:41:28.857  7631  7877 W System.err: 	at com.android.okhttp.internal.http.RouteSelector.nextProxy(RouteSelector.java:141)
05-29 13:41:28.857  7631  7877 W System.err: 	at com.android.okhttp.internal.http.RouteSelector.next(RouteSelector.java:83)
05-29 13:41:28.857  7631  7877 W System.err: 	at com.android.okhttp.internal.http.StreamAllocation.findConnection(StreamAllocation.java:174)
05-29 13:41:28.857  7631  7877 W System.err: 	at com.android.okhttp.internal.http.StreamAllocation.findHealthyConnection(StreamAllocation.java:126)
05-29 13:41:28.858  7631  7877 W System.err: 	at com.android.okhttp.internal.http.StreamAllocation.newStream(StreamAllocation.java:95)
05-29 13:41:28.858  7631  7877 W System.err: 	at com.android.okhttp.internal.http.HttpEngine.connect(HttpEngine.java:281)
05-29 13:41:28.858  7631  7877 W System.err: 	at com.android.okhttp.internal.http.HttpEngine.sendRequest(HttpEngine.java:224)
05-29 13:41:28.858  7631  7877 W System.err: 	at com.android.okhttp.internal.huc.HttpURLConnectionImpl.execute(HttpURLConnectionImpl.java:461)
05-29 13:41:28.858  7631  7877 W System.err: 	at com.android.okhttp.internal.huc.HttpURLConnectionImpl.getResponse(HttpURLConnectionImpl.java:407)
05-29 13:41:28.858  7631  7877 W System.err: 	at com.android.okhttp.internal.huc.HttpURLConnectionImpl.getResponseCode(HttpURLConnectionImpl.java:538)
05-29 13:41:28.858  7631  7877 W System.err: 	at com.android.okhttp.internal.huc.DelegatingHttpsURLConnection.getResponseCode(DelegatingHttpsURLConnection.java:105)
05-29 13:41:28.858  7631  7877 W System.err: 	at com.android.okhttp.internal.huc.HttpsURLConnectionImpl.getResponseCode(Unknown Source:0)
05-29 13:41:28.858  7631  7877 W System.err: 	at com.networkbench.agent.impl.instrumentation.NBSHttpsURLConnectionExtension.getResponseCode(SourceFile:229)
05-29 13:41:28.858  7631  7877 W System.err: 	at com.qiyukf.basesdk.b.a.c.b.b(Unknown Source:13)
05-29 13:41:28.858  7631  7877 W System.err: 	at com.qiyukf.unicorn.f.b.a.b(Unknown Source:10)
05-29 13:41:28.858  7631  7877 W System.err: 	... 8 more
05-29 13:41:33.291   367  8003 D DhcpClient: Broadcasting DHCPDISCOVER
05-29 13:41:35.530   367   576 E WifiVendorHal: getTxPktFates(l.1941) failed {.code = ERROR_NOT_SUPPORTED, .description = }
05-29 13:41:35.530   367   576 E WifiVendorHal: getRxPktFates(l.1981) failed {.code = ERROR_NOT_SUPPORTED, .description = }
05-29 13:41:37.046  1471  8018 W System.err: java.net.UnknownHostException: Unable to resolve host "loc.map.baidu.com": No address associated with hostname
05-29 13:41:37.046  1471  8018 W System.err: 	at java.net.Inet6AddressImpl.lookupHostByName(Inet6AddressImpl.java:111)
05-29 13:41:37.046  1471  8018 W System.err: 	at java.net.Inet6AddressImpl.lookupAllHostAddr(Inet6AddressImpl.java:90)
05-29 13:41:37.046  1471  8018 W System.err: 	at java.net.InetAddress.getAllByName(InetAddress.java:787)
05-29 13:41:37.046  1471  8018 W System.err: 	at com.android.okhttp.Dns$1.lookup(Dns.java:39)
05-29 13:41:37.046  1471  8018 W System.err: 	at com.android.okhttp.internal.http.RouteSelector.resetNextInetSocketAddress(RouteSelector.java:175)
05-29 13:41:37.046  1471  8018 W System.err: 	at com.android.okhttp.internal.http.RouteSelector.nextProxy(RouteSelector.java:141)
05-29 13:41:37.046  1471  8018 W System.err: 	at com.android.okhttp.internal.http.RouteSelector.next(RouteSelector.java:83)
05-29 13:41:37.046  1471  8018 W System.err: 	at com.android.okhttp.internal.http.StreamAllocation.findConnection(StreamAllocation.java:174)
05-29 13:41:37.046  1471  8018 W System.err: 	at com.android.okhttp.internal.http.StreamAllocation.findHealthyConnection(StreamAllocation.java:126)
05-29 13:41:37.046  1471  8018 W System.err: 	at com.android.okhttp.internal.http.StreamAllocation.newStream(StreamAllocation.java:95)
05-29 13:41:37.046  1471  8018 W System.err: 	at com.android.okhttp.internal.http.HttpEngine.connect(HttpEngine.java:281)
05-29 13:41:37.046  1471  8018 W System.err: 	at com.android.okhttp.internal.http.HttpEngine.sendRequest(HttpEngine.java:224)
05-29 13:41:37.046  1471  8018 W System.err: 	at com.android.okhttp.internal.huc.HttpURLConnectionImpl.execute(HttpURLConnectionImpl.java:461)
05-29 13:41:37.046  1471  8018 W System.err: 	at com.android.okhttp.internal.huc.HttpURLConnectionImpl.connect(HttpURLConnectionImpl.java:127)
05-29 13:41:37.046  1471  8018 W System.err: 	at com.android.okhttp.internal.huc.HttpURLConnectionImpl.getOutputStream(HttpURLConnectionImpl.java:258)
05-29 13:41:37.046  1471  8018 W System.err: 	at com.android.okhttp.internal.huc.DelegatingHttpsURLConnection.getOutputStream(DelegatingHttpsURLConnection.java:218)
05-29 13:41:37.046  1471  8018 W System.err: 	at com.android.okhttp.internal.huc.HttpsURLConnectionImpl.getOutputStream(Unknown Source:0)
05-29 13:41:37.046  1471  8018 W System.err: 	at com.networkbench.agent.impl.instrumentation.NBSHttpsURLConnectionExtension.getOutputStream(SourceFile:395)
05-29 13:41:37.046  1471  8018 W System.err: 	at com.baidu.location.g.h.run(Unknown Source:205)
05-29 13:41:37.046  1471  8018 I baidu_location_service: https NetworkCommunicationException!
05-29 13:41:38.273  1927  2409 E ZLS-LOCATION: context : [false,true,0,NET_NO] ; config : [CACHE_GPS] ; event : WaitEventTimeUpEvent
05-29 13:41:39.782  1927  2411 E ZLS-UPLOAD: /storage/emulated/0/Android/data/cn.zhimawu.shouyiren/files/cn.zhimawu.shouyiren/zls_uuid no exist
05-29 13:41:39.785  1927  2411 E ZLS-UPLOAD: /storage/emulated/0/Android/data/cn.zhimawu.shouyiren/files/cn.zhimawu.shouyiren/zls_uuid no exist
05-29 13:41:47.947   367  8003 D DhcpClient: Broadcasting DHCPDISCOVER
05-29 13:41:48.777   367   486 E memtrack: Couldn't load memtrack module
05-29 13:41:48.777   367   486 W android.os.Debug: failed to get memory consumption info: -1
05-29 13:41:48.789   367   486 E memtrack: Couldn't load memtrack module
05-29 13:41:48.789   367   486 W android.os.Debug: failed to get memory consumption info: -1
05-29 13:41:48.796   367   486 E memtrack: Couldn't load memtrack module
05-29 13:41:48.796   367   486 W android.os.Debug: failed to get memory consumption info: -1
05-29 13:41:48.804   367   486 E memtrack: Couldn't load memtrack module
05-29 13:41:48.804   367   486 W android.os.Debug: failed to get memory consumption info: -1
05-29 13:41:51.205   367   577 D DhcpClient: doQuit
05-29 13:41:51.205   367  8003 D DhcpClient: onQuitting
05-29 13:41:51.207   326   326 I hostapd : wlan1: AP-STA-DISCONNECTED 02:00:00:00:00:00
05-29 13:41:51.207   736   736 I wpa_supplicant: wlan0: CTRL-EVENT-DISCONNECTED bssid=02:00:00:00:01:00 reason=3 locally_generated=1
05-29 13:41:51.207   736   736 E wpa_supplicant: nl80211: Failed to open /proc/sys/net/ipv4/conf/wlan0/drop_unicast_in_l2_multicast: No such file or directory
05-29 13:41:51.207   736   736 E wpa_supplicant: nl80211: Failed to set IPv4 unicast in multicast filter
05-29 13:41:51.209   318   348 E Netd    : Failed to destroy IPv6 sockets on fe80::ff:fe00:0: No such file or directory
05-29 13:41:51.209   318   348 E Netd    : Error destroying sockets: Unknown error -2
05-29 13:41:51.209   736   736 E wpa_supplicant: nl80211: Failed to open /proc/sys/net/ipv4/conf/wlan0/drop_unicast_in_l2_multicast: No such file or directory
05-29 13:41:51.209   736   736 E wpa_supplicant: nl80211: Failed to set IPv4 unicast in multicast filter
05-29 13:41:51.210   318   356 D CommandListener: Clearing all IP addresses on wlan0
05-29 13:41:51.210   736   736 E wpa_supplicant: nl80211: Failed to open /proc/sys/net/ipv4/conf/wlan0/drop_unicast_in_l2_multicast: No such file or directory
05-29 13:41:51.210   736   736 E wpa_supplicant: nl80211: Failed to set IPv4 unicast in multicast filter
05-29 13:41:51.220   367  8005 D DhcpClient: Receive thread stopped
05-29 13:41:51.222   367   576 E WifiVendorHal: getTxPktFates(l.1941) failed {.code = ERROR_NOT_SUPPORTED, .description = }
05-29 13:41:51.223   367   576 E WifiVendorHal: getRxPktFates(l.1981) failed {.code = ERROR_NOT_SUPPORTED, .description = }
05-29 13:41:51.223   367   576 E WifiVendorHal: stopRssiMonitoring(l.2115) failed {.code = ERROR_NOT_AVAILABLE, .description = }
05-29 13:41:51.223   367   576 E SupplicantStaIfaceHal: ISupplicantStaIface.setPowerSave failed: FAILURE_UNKNOWN, 
05-29 13:41:51.224   367   576 E SupplicantStaIfaceHal: ISupplicantStaIface.setBtCoexistenceMode failed: FAILURE_UNKNOWN, 
05-29 13:41:51.224   367   580 D ConnectivityService: NetworkAgentInfo [WIFI () - 139] EVENT_NETWORK_INFO_CHANGED, going from CONNECTING to DISCONNECTED
05-29 13:41:51.224   367   580 D ConnectivityService: NetworkAgentInfo [WIFI () - 139] got DISCONNECTED, was satisfying 0
05-29 13:41:51.228   367   576 E SupplicantStaIfaceHal: ISupplicantStaIface.setCountryCode failed: FAILURE_UNKNOWN, 
05-29 13:41:51.228   367   576 D WifiCountryCode: Failed to set country code to: US
05-29 13:41:51.228   367   576 D WifiStateMachine: Start Disconnecting Watchdog 40
05-29 13:41:51.230   367   576 E WifiVendorHal: stopRssiMonitoring(l.2115) failed {.code = ERROR_NOT_AVAILABLE, .description = }
05-29 13:41:51.230   367   576 E SupplicantStaIfaceHal: ISupplicantStaIface.setPowerSave failed: FAILURE_UNKNOWN, 
05-29 13:41:51.230   367   576 E SupplicantStaIfaceHal: ISupplicantStaIface.setBtCoexistenceMode failed: FAILURE_UNKNOWN, 
05-29 13:41:51.231   367   576 I WifiStateMachine: disconnectedstate enter
05-29 13:41:51.232   367   576 D WifiNetworkAgent: NetworkAgent: NetworkAgent channel lost
05-29 13:41:53.317  1927  2409 E ZLS-UPLOAD: /storage/emulated/0/Android/data/cn.zhimawu.shouyiren/files/cn.zhimawu.shouyiren/zls_uuid no exist
05-29 13:41:54.833   367  1145 D WificondControl: Scan result ready event
05-29 13:41:54.835   367   576 W WifiConfigManager: Looking up network with invalid networkId -1
05-29 13:41:54.835   367   576 W WifiConfigManager: Looking up network with invalid networkId -1
05-29 13:42:01.210   367   576 W AlarmManager: Unrecognized alarm listener com.android.server.wifi.WifiConfigStore$1@f19a5c7
05-29 13:42:01.214   367   576 D WifiConfigStore: Writing to stores completed in 4 ms.
05-29 13:42:14.824   367  1128 D WificondControl: Scan result ready event
05-29 13:42:14.826   367   576 W WifiConfigManager: Looking up network with invalid networkId -1
05-29 13:42:14.826   367   576 W WifiConfigManager: Looking up network with invalid networkId -1
05-29 13:42:15.215   367   576 E WifiVendorHal: getTxPktFates(l.1941) failed {.code = ERROR_NOT_SUPPORTED, .description = }
05-29 13:42:15.215   367   576 E WifiVendorHal: getRxPktFates(l.1981) failed {.code = ERROR_NOT_SUPPORTED, .description = }
05-29 13:42:28.863  7631  7877 V test    : 463/http request: https://nim.qiyukf.com/webapi/user/create.action?deviceid=3fc3b453059b49b18505feb2b01fc725&appkey=b4efd9792bb291da0cbf8ef18f141381
05-29 13:42:28.869  7631  7877 W System.err: com.qiyukf.unicorn.f.b.b: post request error code is: 408
05-29 13:42:28.869  7631  7877 W System.err: 	at com.qiyukf.unicorn.f.b.a.b(Unknown Source:21)
05-29 13:42:28.869  7631  7877 W System.err: 	at com.qiyukf.unicorn.f.b.a.b(Unknown Source:4)
05-29 13:42:28.869  7631  7877 W System.err: 	at com.qiyukf.unicorn.f.c.a(Unknown Source:22)
05-29 13:42:28.869  7631  7877 W System.err: 	at com.qiyukf.unicorn.f.a$3.a(Unknown Source:6)
05-29 13:42:28.869  7631  7877 W System.err: 	at com.qiyukf.unicorn.j.a$1.run(Unknown Source:2)
05-29 13:42:28.869  7631  7877 W System.err: 	at android.os.Handler.handleCallback(Handler.java:789)
05-29 13:42:28.869  7631  7877 W System.err: 	at android.os.Handler.dispatchMessage(Handler.java:98)
05-29 13:42:28.869  7631  7877 W System.err: 	at android.os.Looper.loop(Looper.java:164)
05-29 13:42:28.869  7631  7877 W System.err: 	at android.os.HandlerThread.run(HandlerThread.java:65)
05-29 13:42:28.869  7631  7877 W System.err: Caused by: java.net.UnknownHostException: Unable to resolve host "nim.qiyukf.com": No address associated with hostname
05-29 13:42:28.869  7631  7877 W System.err: 	at java.net.Inet6AddressImpl.lookupHostByName(Inet6AddressImpl.java:111)
05-29 13:42:28.869  7631  7877 W System.err: 	at java.net.Inet6AddressImpl.lookupAllHostAddr(Inet6AddressImpl.java:90)
05-29 13:42:28.869  7631  7877 W System.err: 	at java.net.InetAddress.getAllByName(InetAddress.java:787)
05-29 13:42:28.869  7631  7877 W System.err: 	at com.android.okhttp.Dns$1.lookup(Dns.java:39)
05-29 13:42:28.869  7631  7877 W System.err: 	at com.android.okhttp.internal.http.RouteSelector.resetNextInetSocketAddress(RouteSelector.java:175)
05-29 13:42:28.869  7631  7877 W System.err: 	at com.android.okhttp.internal.http.RouteSelector.nextProxy(RouteSelector.java:141)
05-29 13:42:28.869  7631  7877 W System.err: 	at com.android.okhttp.internal.http.RouteSelector.next(RouteSelector.java:83)
05-29 13:42:28.869  7631  7877 W System.err: 	at com.android.okhttp.internal.http.StreamAllocation.findConnection(StreamAllocation.java:174)
05-29 13:42:28.870  7631  7877 W System.err: 	at com.android.okhttp.internal.http.StreamAllocation.findHealthyConnection(StreamAllocation.java:126)
05-29 13:42:28.870  7631  7877 W System.err: 	at com.android.okhttp.internal.http.StreamAllocation.newStream(StreamAllocation.java:95)
05-29 13:42:28.870  7631  7877 W System.err: 	at com.android.okhttp.internal.http.HttpEngine.connect(HttpEngine.java:281)
05-29 13:42:28.870  7631  7877 W System.err: 	at com.android.okhttp.internal.http.HttpEngine.sendRequest(HttpEngine.java:224)
05-29 13:42:28.870  7631  7877 W System.err: 	at com.android.okhttp.internal.huc.HttpURLConnectionImpl.execute(HttpURLConnectionImpl.java:461)
05-29 13:42:28.870  7631  7877 W System.err: 	at com.android.okhttp.internal.huc.HttpURLConnectionImpl.getResponse(HttpURLConnectionImpl.java:407)
05-29 13:42:28.870  7631  7877 W System.err: 	at com.android.okhttp.internal.huc.HttpURLConnectionImpl.getResponseCode(HttpURLConnectionImpl.java:538)
05-29 13:42:28.870  7631  7877 W System.err: 	at com.android.okhttp.internal.huc.DelegatingHttpsURLConnection.getResponseCode(DelegatingHttpsURLConnection.java:105)
05-29 13:42:28.870  7631  7877 W System.err: 	at com.android.okhttp.internal.huc.HttpsURLConnectionImpl.getResponseCode(Unknown Source:0)
05-29 13:42:28.870  7631  7877 W System.err: 	at com.networkbench.agent.impl.instrumentation.NBSHttpsURLConnectionExtension.getResponseCode(SourceFile:229)
05-29 13:42:28.870  7631  7877 W System.err: 	at com.qiyukf.basesdk.b.a.c.b.b(Unknown Source:13)
05-29 13:42:28.870  7631  7877 W System.err: 	at com.qiyukf.unicorn.f.b.a.b(Unknown Source:10)
05-29 13:42:28.870  7631  7877 W System.err: 	... 8 more
05-29 13:42:37.049  1471  8039 W System.err: java.net.UnknownHostException: Unable to resolve host "loc.map.baidu.com": No address associated with hostname
05-29 13:42:37.049  1471  8039 W System.err: 	at java.net.Inet6AddressImpl.lookupHostByName(Inet6AddressImpl.java:111)
05-29 13:42:37.049  1471  8039 W System.err: 	at java.net.Inet6AddressImpl.lookupAllHostAddr(Inet6AddressImpl.java:90)
05-29 13:42:37.049  1471  8039 W System.err: 	at java.net.InetAddress.getAllByName(InetAddress.java:787)
05-29 13:42:37.049  1471  8039 W System.err: 	at com.android.okhttp.Dns$1.lookup(Dns.java:39)
05-29 13:42:37.049  1471  8039 W System.err: 	at com.android.okhttp.internal.http.RouteSelector.resetNextInetSocketAddress(RouteSelector.java:175)
05-29 13:42:37.049  1471  8039 W System.err: 	at com.android.okhttp.internal.http.RouteSelector.nextProxy(RouteSelector.java:141)
05-29 13:42:37.049  1471  8039 W System.err: 	at com.android.okhttp.internal.http.RouteSelector.next(RouteSelector.java:83)
05-29 13:42:37.049  1471  8039 W System.err: 	at com.android.okhttp.internal.http.StreamAllocation.findConnection(StreamAllocation.java:174)
05-29 13:42:37.049  1471  8039 W System.err: 	at com.android.okhttp.internal.http.StreamAllocation.findHealthyConnection(StreamAllocation.java:126)
05-29 13:42:37.049  1471  8039 W System.err: 	at com.android.okhttp.internal.http.StreamAllocation.newStream(StreamAllocation.java:95)
05-29 13:42:37.049  1471  8039 W System.err: 	at com.android.okhttp.internal.http.HttpEngine.connect(HttpEngine.java:281)
05-29 13:42:37.049  1471  8039 W System.err: 	at com.android.okhttp.internal.http.HttpEngine.sendRequest(HttpEngine.java:224)
05-29 13:42:37.049  1471  8039 W System.err: 	at com.android.okhttp.internal.huc.HttpURLConnectionImpl.execute(HttpURLConnectionImpl.java:461)
05-29 13:42:37.049  1471  8039 W System.err: 	at com.android.okhttp.internal.huc.HttpURLConnectionImpl.connect(HttpURLConnectionImpl.java:127)
05-29 13:42:37.049  1471  8039 W System.err: 	at com.android.okhttp.internal.huc.HttpURLConnectionImpl.getOutputStream(HttpURLConnectionImpl.java:258)
05-29 13:42:37.049  1471  8039 W System.err: 	at com.android.okhttp.internal.huc.DelegatingHttpsURLConnection.getOutputStream(DelegatingHttpsURLConnection.java:218)
05-29 13:42:37.049  1471  8039 W System.err: 	at com.android.okhttp.internal.huc.HttpsURLConnectionImpl.getOutputStream(Unknown Source:0)
05-29 13:42:37.049  1471  8039 W System.err: 	at com.networkbench.agent.impl.instrumentation.NBSHttpsURLConnectionExtension.getOutputStream(SourceFile:395)
05-29 13:42:37.049  1471  8039 W System.err: 	at com.baidu.location.g.h.run(Unknown Source:205)
05-29 13:42:37.049  1471  8039 I baidu_location_service: https NetworkCommunicationException!
05-29 13:42:37.085   367  1179 D WificondControl: Scan result ready event
05-29 13:42:37.087   367   576 W WifiConfigManager: Looking up network with invalid networkId -1
05-29 13:42:37.087   367   576 W WifiConfigManager: Looking up network with invalid networkId -1
05-29 13:42:37.094  1927  1950 I zygote  : Do partial code cache collection, code=121KB, data=91KB
05-29 13:42:37.095  1927  1950 I zygote  : After code cache collection, code=121KB, data=91KB
05-29 13:42:37.095  1927  1950 I zygote  : Increasing code cache capacity to 512KB
05-29 13:42:39.831  1927  2411 E ZLS-UPLOAD: /storage/emulated/0/Android/data/cn.zhimawu.shouyiren/files/cn.zhimawu.shouyiren/zls_uuid no exist
05-29 13:42:39.832  1927  2411 E ZLS-UPLOAD: /storage/emulated/0/Android/data/cn.zhimawu.shouyiren/files/cn.zhimawu.shouyiren/zls_uuid no exist
05-29 13:42:45.862  1297  3281 V core    : 186/network is not available
05-29 13:42:54.836   367   379 D WificondControl: Scan result ready event
05-29 13:42:54.837   367   576 W WifiConfigManager: Looking up network with invalid networkId -1
05-29 13:42:54.838   367   576 W WifiConfigManager: Looking up network with invalid networkId -1
05-29 13:42:54.847  1841  1860 I zygote  : Do full code cache collection, code=117KB, data=95KB
05-29 13:42:54.847  1841  1860 I zygote  : After code cache collection, code=89KB, data=70KB
05-29 13:43:18.803   367   486 E memtrack: Couldn't load memtrack module
05-29 13:43:18.803   367   486 W android.os.Debug: failed to get memory consumption info: -1
05-29 13:43:37.051  1471  8061 W System.err: java.net.UnknownHostException: Unable to resolve host "loc.map.baidu.com": No address associated with hostname
05-29 13:43:37.051  1471  8061 W System.err: 	at java.net.Inet6AddressImpl.lookupHostByName(Inet6AddressImpl.java:111)
05-29 13:43:37.051  1471  8061 W System.err: 	at java.net.Inet6AddressImpl.lookupAllHostAddr(Inet6AddressImpl.java:90)
05-29 13:43:37.051  1471  8061 W System.err: 	at java.net.InetAddress.getAllByName(InetAddress.java:787)
05-29 13:43:37.051  1471  8061 W System.err: 	at com.android.okhttp.Dns$1.lookup(Dns.java:39)
05-29 13:43:37.051  1471  8061 W System.err: 	at com.android.okhttp.internal.http.RouteSelector.resetNextInetSocketAddress(RouteSelector.java:175)
05-29 13:43:37.051  1471  8061 W System.err: 	at com.android.okhttp.internal.http.RouteSelector.nextProxy(RouteSelector.java:141)
05-29 13:43:37.051  1471  8061 W System.err: 	at com.android.okhttp.internal.http.RouteSelector.next(RouteSelector.java:83)
05-29 13:43:37.051  1471  8061 W System.err: 	at com.android.okhttp.internal.http.StreamAllocation.findConnection(StreamAllocation.java:174)
05-29 13:43:37.051  1471  8061 W System.err: 	at com.android.okhttp.internal.http.StreamAllocation.findHealthyConnection(StreamAllocation.java:126)
05-29 13:43:37.051  1471  8061 W System.err: 	at com.android.okhttp.internal.http.StreamAllocation.newStream(StreamAllocation.java:95)
05-29 13:43:37.051  1471  8061 W System.err: 	at com.android.okhttp.internal.http.HttpEngine.connect(HttpEngine.java:281)
05-29 13:43:37.051  1471  8061 W System.err: 	at com.android.okhttp.internal.http.HttpEngine.sendRequest(HttpEngine.java:224)
05-29 13:43:37.051  1471  8061 W System.err: 	at com.android.okhttp.internal.huc.HttpURLConnectionImpl.execute(HttpURLConnectionImpl.java:461)
05-29 13:43:37.051  1471  8061 W System.err: 	at com.android.okhttp.internal.huc.HttpURLConnectionImpl.connect(HttpURLConnectionImpl.java:127)
05-29 13:43:37.051  1471  8061 W System.err: 	at com.android.okhttp.internal.huc.HttpURLConnectionImpl.getOutputStream(HttpURLConnectionImpl.java:258)
05-29 13:43:37.051  1471  8061 W System.err: 	at com.android.okhttp.internal.huc.DelegatingHttpsURLConnection.getOutputStream(DelegatingHttpsURLConnection.java:218)
05-29 13:43:37.051  1471  8061 W System.err: 	at com.android.okhttp.internal.huc.HttpsURLConnectionImpl.getOutputStream(Unknown Source:0)
05-29 13:43:37.051  1471  8061 W System.err: 	at com.networkbench.agent.impl.instrumentation.NBSHttpsURLConnectionExtension.getOutputStream(SourceFile:395)
05-29 13:43:37.051  1471  8061 W System.err: 	at com.baidu.location.g.h.run(Unknown Source:205)
05-29 13:43:37.051  1471  8061 I baidu_location_service: https NetworkCommunicationException!
05-29 13:43:37.080   367  1144 D WificondControl: Scan result ready event
05-29 13:43:37.082   367   576 W WifiConfigManager: Looking up network with invalid networkId -1
05-29 13:43:37.082   367   576 W WifiConfigManager: Looking up network with invalid networkId -1
05-29 13:43:38.885  7631  7877 V test    : 463/http request: https://nim.qiyukf.com/webapi/user/create.action?deviceid=63234be00b474645aede4b8653443a61&appkey=b4efd9792bb291da0cbf8ef18f141381
05-29 13:43:38.891  7631  7877 W System.err: com.qiyukf.unicorn.f.b.b: post request error code is: 408
05-29 13:43:38.891  7631  7877 W System.err: 	at com.qiyukf.unicorn.f.b.a.b(Unknown Source:21)
05-29 13:43:38.891  7631  7877 W System.err: 	at com.qiyukf.unicorn.f.b.a.b(Unknown Source:4)
05-29 13:43:38.891  7631  7877 W System.err: 	at com.qiyukf.unicorn.f.c.a(Unknown Source:22)
05-29 13:43:38.891  7631  7877 W System.err: 	at com.qiyukf.unicorn.f.a$3.a(Unknown Source:6)
05-29 13:43:38.891  7631  7877 W System.err: 	at com.qiyukf.unicorn.j.a$1.run(Unknown Source:2)
05-29 13:43:38.891  7631  7877 W System.err: 	at android.os.Handler.handleCallback(Handler.java:789)
05-29 13:43:38.891  7631  7877 W System.err: 	at android.os.Handler.dispatchMessage(Handler.java:98)
05-29 13:43:38.891  7631  7877 W System.err: 	at android.os.Looper.loop(Looper.java:164)
05-29 13:43:38.891  7631  7877 W System.err: 	at android.os.HandlerThread.run(HandlerThread.java:65)
05-29 13:43:38.891  7631  7877 W System.err: Caused by: java.net.UnknownHostException: Unable to resolve host "nim.qiyukf.com": No address associated with hostname
05-29 13:43:38.891  7631  7877 W System.err: 	at java.net.Inet6AddressImpl.lookupHostByName(Inet6AddressImpl.java:111)
05-29 13:43:38.891  7631  7877 W System.err: 	at java.net.Inet6AddressImpl.lookupAllHostAddr(Inet6AddressImpl.java:90)
05-29 13:43:38.891  7631  7877 W System.err: 	at java.net.InetAddress.getAllByName(InetAddress.java:787)
05-29 13:43:38.892  7631  7877 W System.err: 	at com.android.okhttp.Dns$1.lookup(Dns.java:39)
05-29 13:43:38.892  7631  7877 W System.err: 	at com.android.okhttp.internal.http.RouteSelector.resetNextInetSocketAddress(RouteSelector.java:175)
05-29 13:43:38.892  7631  7877 W System.err: 	at com.android.okhttp.internal.http.RouteSelector.nextProxy(RouteSelector.java:141)
05-29 13:43:38.892  7631  7877 W System.err: 	at com.android.okhttp.internal.http.RouteSelector.next(RouteSelector.java:83)
05-29 13:43:38.892  7631  7877 W System.err: 	at com.android.okhttp.internal.http.StreamAllocation.findConnection(StreamAllocation.java:174)
05-29 13:43:38.892  7631  7877 W System.err: 	at com.android.okhttp.internal.http.StreamAllocation.findHealthyConnection(StreamAllocation.java:126)
05-29 13:43:38.892  7631  7877 W System.err: 	at com.android.okhttp.internal.http.StreamAllocation.newStream(StreamAllocation.java:95)
05-29 13:43:38.892  7631  7877 W System.err: 	at com.android.okhttp.internal.http.HttpEngine.connect(HttpEngine.java:281)
05-29 13:43:38.892  7631  7877 W System.err: 	at com.android.okhttp.internal.http.HttpEngine.sendRequest(HttpEngine.java:224)
05-29 13:43:38.892  7631  7877 W System.err: 	at com.android.okhttp.internal.huc.HttpURLConnectionImpl.execute(HttpURLConnectionImpl.java:461)
05-29 13:43:38.892  7631  7877 W System.err: 	at com.android.okhttp.internal.huc.HttpURLConnectionImpl.getResponse(HttpURLConnectionImpl.java:407)
05-29 13:43:38.892  7631  7877 W System.err: 	at com.android.okhttp.internal.huc.HttpURLConnectionImpl.getResponseCode(HttpURLConnectionImpl.java:538)
05-29 13:43:38.892  7631  7877 W System.err: 	at com.android.okhttp.internal.huc.DelegatingHttpsURLConnection.getResponseCode(DelegatingHttpsURLConnection.java:105)
05-29 13:43:38.892  7631  7877 W System.err: 	at com.android.okhttp.internal.huc.HttpsURLConnectionImpl.getResponseCode(Unknown Source:0)
05-29 13:43:38.892  7631  7877 W System.err: 	at com.networkbench.agent.impl.instrumentation.NBSHttpsURLConnectionExtension.getResponseCode(SourceFile:229)
05-29 13:43:38.892  7631  7877 W System.err: 	at com.qiyukf.basesdk.b.a.c.b.b(Unknown Source:13)
05-29 13:43:38.892  7631  7877 W System.err: 	at com.qiyukf.unicorn.f.b.a.b(Unknown Source:10)
05-29 13:43:38.892  7631  7877 W System.err: 	... 8 more
05-29 13:43:39.835  1927  2411 E ZLS-UPLOAD: /storage/emulated/0/Android/data/cn.zhimawu.shouyiren/files/cn.zhimawu.shouyiren/zls_uuid no exist
05-29 13:43:39.837  1927  2411 E ZLS-UPLOAD: /storage/emulated/0/Android/data/cn.zhimawu.shouyiren/files/cn.zhimawu.shouyiren/zls_uuid no exist
05-29 13:43:41.350  7197  7197 I app_process: type=1400 audit(0.0:4814): avc: denied { execute } for comm=4A69742074687265616420706F6F6C path=2F6465762F6173686D656D2F64616C76696B2D6A69742D636F64652D6361636865202864656C6574656429 dev="tmpfs" ino=87534 scontext=u:r:zygote:s0 tcontext=u:object_r:zygote_tmpfs:s0 tclass=file permissive=1
05-29 13:43:41.350  7197  7197 I app_process: type=1400 audit(0.0:4815): avc: denied { execmem } for comm=4A69742074687265616420706F6F6C scontext=u:r:zygote:s0 tcontext=u:r:zygote:s0 tclass=process permissive=1
