05-29 13:43:58.354  7631  7631 D JIGUANG-JCore: [PushReceiver] onReceive - cn.jpush.android.intent.ACTION_REPORT_HISTORY
05-29 13:43:58.355  7631  7734 D JIGUANG-JPush: [PushReceiverCore] onReceive - cn.jpush.android.intent.ACTION_REPORT_HISTORY
05-29 13:44:14.836   367   683 D WificondControl: Scan result ready event
05-29 13:44:14.838   367   576 W WifiConfigManager: Looking up network with invalid networkId -1
05-29 13:44:14.838   367   576 W WifiConfigManager: Looking up network with invalid networkId -1
05-29 13:44:18.818   367   486 E memtrack: Couldn't load memtrack module
05-29 13:44:18.818   367   486 W android.os.Debug: failed to get memory consumption info: -1
05-29 13:44:37.027  1471  8083 W System.err: java.net.UnknownHostException: Unable to resolve host "loc.map.baidu.com": No address associated with hostname
05-29 13:44:37.027  1471  8083 W System.err: 	at java.net.Inet6AddressImpl.lookupHostByName(Inet6AddressImpl.java:111)
05-29 13:44:37.027  1471  8083 W System.err: 	at java.net.Inet6AddressImpl.lookupAllHostAddr(Inet6AddressImpl.java:90)
05-29 13:44:37.027  1471  8083 W System.err: 	at java.net.InetAddress.getAllByName(InetAddress.java:787)
05-29 13:44:37.027  1471  8083 W System.err: 	at com.android.okhttp.Dns$1.lookup(Dns.java:39)
05-29 13:44:37.027  1471  8083 W System.err: 	at com.android.okhttp.internal.http.RouteSelector.resetNextInetSocketAddress(RouteSelector.java:175)
05-29 13:44:37.027  1471  8083 W System.err: 	at com.android.okhttp.internal.http.RouteSelector.nextProxy(RouteSelector.java:141)
05-29 13:44:37.027  1471  8083 W System.err: 	at com.android.okhttp.internal.http.RouteSelector.next(RouteSelector.java:83)
05-29 13:44:37.027  1471  8083 W System.err: 	at com.android.okhttp.internal.http.StreamAllocation.findConnection(StreamAllocation.java:174)
05-29 13:44:37.027  1471  8083 W System.err: 	at com.android.okhttp.internal.http.StreamAllocation.findHealthyConnection(StreamAllocation.java:126)
05-29 13:44:37.027  1471  8083 W System.err: 	at com.android.okhttp.internal.http.StreamAllocation.newStream(StreamAllocation.java:95)
05-29 13:44:37.027  1471  8083 W System.err: 	at com.android.okhttp.internal.http.HttpEngine.connect(HttpEngine.java:281)
05-29 13:44:37.027  1471  8083 W System.err: 	at com.android.okhttp.internal.http.HttpEngine.sendRequest(HttpEngine.java:224)
05-29 13:44:37.027  1471  8083 W System.err: 	at com.android.okhttp.internal.huc.HttpURLConnectionImpl.execute(HttpURLConnectionImpl.java:461)
05-29 13:44:37.027  1471  8083 W System.err: 	at com.android.okhttp.internal.huc.HttpURLConnectionImpl.connect(HttpURLConnectionImpl.java:127)
05-29 13:44:37.027  1471  8083 W System.err: 	at com.android.okhttp.internal.huc.HttpURLConnectionImpl.getOutputStream(HttpURLConnectionImpl.java:258)
05-29 13:44:37.027  1471  8083 W System.err: 	at com.android.okhttp.internal.huc.DelegatingHttpsURLConnection.getOutputStream(DelegatingHttpsURLConnection.java:218)
05-29 13:44:37.027  1471  8083 W System.err: 	at com.android.okhttp.internal.huc.HttpsURLConnectionImpl.getOutputStream(Unknown Source:0)
05-29 13:44:37.027  1471  8083 W System.err: 	at com.networkbench.agent.impl.instrumentation.NBSHttpsURLConnectionExtension.getOutputStream(SourceFile:395)
05-29 13:44:37.027  1471  8083 W System.err: 	at com.baidu.location.g.h.run(Unknown Source:205)
05-29 13:44:37.027  1471  8083 I baidu_location_service: https NetworkCommunicationException!
05-29 13:44:37.080   367  1136 D WificondControl: Scan result ready event
05-29 13:44:37.081   367   576 W WifiConfigManager: Looking up network with invalid networkId -1
05-29 13:44:37.081   367   576 W WifiConfigManager: Looking up network with invalid networkId -1
05-29 13:44:37.089  1927  2410 E ZLS-UPLOAD: /storage/emulated/0/Android/data/cn.zhimawu.shouyiren/files/cn.zhimawu.shouyiren/zls_uuid no exist
05-29 13:44:39.881  1927  2411 E ZLS-UPLOAD: /storage/emulated/0/Android/data/cn.zhimawu.shouyiren/files/cn.zhimawu.shouyiren/zls_uuid no exist
05-29 13:44:39.882  1927  2411 E ZLS-UPLOAD: /storage/emulated/0/Android/data/cn.zhimawu.shouyiren/files/cn.zhimawu.shouyiren/zls_uuid no exist
05-29 13:44:48.826   367   486 E memtrack: Couldn't load memtrack module
05-29 13:44:48.826   367   486 W android.os.Debug: failed to get memory consumption info: -1
05-29 13:44:58.934  7631  7877 V test    : 463/http request: https://nim.qiyukf.com/webapi/user/create.action?deviceid=6c05fbd51b2749df894ab524aeffe86a&appkey=b4efd9792bb291da0cbf8ef18f141381
05-29 13:44:58.941  7631  7877 W System.err: com.qiyukf.unicorn.f.b.b: post request error code is: 408
05-29 13:44:58.941  7631  7877 W System.err: 	at com.qiyukf.unicorn.f.b.a.b(Unknown Source:21)
05-29 13:44:58.941  7631  7877 W System.err: 	at com.qiyukf.unicorn.f.b.a.b(Unknown Source:4)
05-29 13:44:58.941  7631  7877 W System.err: 	at com.qiyukf.unicorn.f.c.a(Unknown Source:22)
05-29 13:44:58.941  7631  7877 W System.err: 	at com.qiyukf.unicorn.f.a$3.a(Unknown Source:6)
05-29 13:44:58.941  7631  7877 W System.err: 	at com.qiyukf.unicorn.j.a$1.run(Unknown Source:2)
05-29 13:44:58.941  7631  7877 W System.err: 	at android.os.Handler.handleCallback(Handler.java:789)
05-29 13:44:58.941  7631  7877 W System.err: 	at android.os.Handler.dispatchMessage(Handler.java:98)
05-29 13:44:58.941  7631  7877 W System.err: 	at android.os.Looper.loop(Looper.java:164)
05-29 13:44:58.941  7631  7877 W System.err: 	at android.os.HandlerThread.run(HandlerThread.java:65)
05-29 13:44:58.942  7631  7877 W System.err: Caused by: java.net.UnknownHostException: Unable to resolve host "nim.qiyukf.com": No address associated with hostname
05-29 13:44:58.942  7631  7877 W System.err: 	at java.net.Inet6AddressImpl.lookupHostByName(Inet6AddressImpl.java:111)
05-29 13:44:58.942  7631  7877 W System.err: 	at java.net.Inet6AddressImpl.lookupAllHostAddr(Inet6AddressImpl.java:90)
05-29 13:44:58.942  7631  7877 W System.err: 	at java.net.InetAddress.getAllByName(InetAddress.java:787)
05-29 13:44:58.942  7631  7877 W System.err: 	at com.android.okhttp.Dns$1.lookup(Dns.java:39)
05-29 13:44:58.942  7631  7877 W System.err: 	at com.android.okhttp.internal.http.RouteSelector.resetNextInetSocketAddress(RouteSelector.java:175)
05-29 13:44:58.942  7631  7877 W System.err: 	at com.android.okhttp.internal.http.RouteSelector.nextProxy(RouteSelector.java:141)
05-29 13:44:58.942  7631  7877 W System.err: 	at com.android.okhttp.internal.http.RouteSelector.next(RouteSelector.java:83)
05-29 13:44:58.942  7631  7877 W System.err: 	at com.android.okhttp.internal.http.StreamAllocation.findConnection(StreamAllocation.java:174)
05-29 13:44:58.942  7631  7877 W System.err: 	at com.android.okhttp.internal.http.StreamAllocation.findHealthyConnection(StreamAllocation.java:126)
05-29 13:44:58.942  7631  7877 W System.err: 	at com.android.okhttp.internal.http.StreamAllocation.newStream(StreamAllocation.java:95)
05-29 13:44:58.942  7631  7877 W System.err: 	at com.android.okhttp.internal.http.HttpEngine.connect(HttpEngine.java:281)
05-29 13:44:58.942  7631  7877 W System.err: 	at com.android.okhttp.internal.http.HttpEngine.sendRequest(HttpEngine.java:224)
05-29 13:44:58.942  7631  7877 W System.err: 	at com.android.okhttp.internal.huc.HttpURLConnectionImpl.execute(HttpURLConnectionImpl.java:461)
05-29 13:44:58.942  7631  7877 W System.err: 	at com.android.okhttp.internal.huc.HttpURLConnectionImpl.getResponse(HttpURLConnectionImpl.java:407)
05-29 13:44:58.942  7631  7877 W System.err: 	at com.android.okhttp.internal.huc.HttpURLConnectionImpl.getResponseCode(HttpURLConnectionImpl.java:538)
05-29 13:44:58.942  7631  7877 W System.err: 	at com.android.okhttp.internal.huc.DelegatingHttpsURLConnection.getResponseCode(DelegatingHttpsURLConnection.java:105)
05-29 13:44:58.942  7631  7877 W System.err: 	at com.android.okhttp.internal.huc.HttpsURLConnectionImpl.getResponseCode(Unknown Source:0)
05-29 13:44:58.942  7631  7877 W System.err: 	at com.networkbench.agent.impl.instrumentation.NBSHttpsURLConnectionExtension.getResponseCode(SourceFile:229)
05-29 13:44:58.942  7631  7877 W System.err: 	at com.qiyukf.basesdk.b.a.c.b.b(Unknown Source:13)
05-29 13:44:58.942  7631  7877 W System.err: 	at com.qiyukf.unicorn.f.b.a.b(Unknown Source:10)
05-29 13:44:58.942  7631  7877 W System.err: 	... 8 more
05-29 13:45:18.836   367   486 E memtrack: Couldn't load memtrack module
05-29 13:45:18.836   367   486 W android.os.Debug: failed to get memory consumption info: -1
05-29 13:45:25.872  1297  3281 V core    : 186/network is not available
05-29 13:45:36.616   367   486 I UsageStatsService: User[0] Flushing usage stats to disk
05-29 13:45:37.037  1471  8102 W System.err: java.net.UnknownHostException: Unable to resolve host "loc.map.baidu.com": No address associated with hostname
05-29 13:45:37.037  1471  8102 W System.err: 	at java.net.Inet6AddressImpl.lookupHostByName(Inet6AddressImpl.java:111)
05-29 13:45:37.037  1471  8102 W System.err: 	at java.net.Inet6AddressImpl.lookupAllHostAddr(Inet6AddressImpl.java:90)
05-29 13:45:37.037  1471  8102 W System.err: 	at java.net.InetAddress.getAllByName(InetAddress.java:787)
05-29 13:45:37.037  1471  8102 W System.err: 	at com.android.okhttp.Dns$1.lookup(Dns.java:39)
05-29 13:45:37.037  1471  8102 W System.err: 	at com.android.okhttp.internal.http.RouteSelector.resetNextInetSocketAddress(RouteSelector.java:175)
05-29 13:45:37.037  1471  8102 W System.err: 	at com.android.okhttp.internal.http.RouteSelector.nextProxy(RouteSelector.java:141)
05-29 13:45:37.037  1471  8102 W System.err: 	at com.android.okhttp.internal.http.RouteSelector.next(RouteSelector.java:83)
05-29 13:45:37.037  1471  8102 W System.err: 	at com.android.okhttp.internal.http.StreamAllocation.findConnection(StreamAllocation.java:174)
05-29 13:45:37.037  1471  8102 W System.err: 	at com.android.okhttp.internal.http.StreamAllocation.findHealthyConnection(StreamAllocation.java:126)
05-29 13:45:37.037  1471  8102 W System.err: 	at com.android.okhttp.internal.http.StreamAllocation.newStream(StreamAllocation.java:95)
05-29 13:45:37.038  1471  8102 W System.err: 	at com.android.okhttp.internal.http.HttpEngine.connect(HttpEngine.java:281)
05-29 13:45:37.038  1471  8102 W System.err: 	at com.android.okhttp.internal.http.HttpEngine.sendRequest(HttpEngine.java:224)
05-29 13:45:37.038  1471  8102 W System.err: 	at com.android.okhttp.internal.huc.HttpURLConnectionImpl.execute(HttpURLConnectionImpl.java:461)
05-29 13:45:37.038  1471  8102 W System.err: 	at com.android.okhttp.internal.huc.HttpURLConnectionImpl.connect(HttpURLConnectionImpl.java:127)
05-29 13:45:37.038  1471  8102 W System.err: 	at com.android.okhttp.internal.huc.HttpURLConnectionImpl.getOutputStream(HttpURLConnectionImpl.java:258)
05-29 13:45:37.038  1471  8102 W System.err: 	at com.android.okhttp.internal.huc.DelegatingHttpsURLConnection.getOutputStream(DelegatingHttpsURLConnection.java:218)
05-29 13:45:37.038  1471  8102 W System.err: 	at com.android.okhttp.internal.huc.HttpsURLConnectionImpl.getOutputStream(Unknown Source:0)
05-29 13:45:37.038  1471  8102 W System.err: 	at com.networkbench.agent.impl.instrumentation.NBSHttpsURLConnectionExtension.getOutputStream(SourceFile:395)
05-29 13:45:37.038  1471  8102 W System.err: 	at com.baidu.location.g.h.run(Unknown Source:205)
05-29 13:45:37.038  1471  8102 I baidu_location_service: https NetworkCommunicationException!
05-29 13:45:37.084   367   683 D WificondControl: Scan result ready event
05-29 13:45:37.086   367   576 W WifiConfigManager: Looking up network with invalid networkId -1
05-29 13:45:37.086   367   576 W WifiConfigManager: Looking up network with invalid networkId -1
05-29 13:45:39.926  1927  2411 E ZLS-UPLOAD: /storage/emulated/0/Android/data/cn.zhimawu.shouyiren/files/cn.zhimawu.shouyiren/zls_uuid no exist
05-29 13:45:39.927  1927  2411 E ZLS-UPLOAD: /storage/emulated/0/Android/data/cn.zhimawu.shouyiren/files/cn.zhimawu.shouyiren/zls_uuid no exist
05-29 13:46:13.240  1351  1730 D JIGUANG-JCore: [JiguangTcpManager] Action - restartNetworkingClient, pid:1351
05-29 13:46:13.240  1351  3687 I JIGUANG-JCore: [ReportHelper] periodTasks...
05-29 13:46:13.240  1351  1730 I JIGUANG-JCore: [JiguangTcpManager] No network connection. Give up to start connection thread.
05-29 13:46:13.241  1255  1255 D JIGUANG-JCore: [PushReceiver] onReceive - cn.jpush.android.intent.ACTION_REPORT_HISTORY
05-29 13:46:13.244  1255  1337 D JIGUANG-JPush: [PushReceiverCore] onReceive - cn.jpush.android.intent.ACTION_REPORT_HISTORY
05-29 13:46:13.265   367   379 I GnssLocationProvider: WakeLock acquired by sendMessage(SET_REQUEST, 0, com.android.server.location.GnssLocationProvider$GpsRequest@2b95896)
05-29 13:46:13.265   367   486 I GnssLocationProvider: WakeLock released by handleMessage(SET_REQUEST, 0, com.android.server.location.GnssLocationProvider$GpsRequest@2b95896)
05-29 13:46:28.951  7631  7877 V test    : 463/http request: https://nim.qiyukf.com/webapi/user/create.action?deviceid=2af51697a7fe4c6c912d80d89b66f560&appkey=b4efd9792bb291da0cbf8ef18f141381
05-29 13:46:28.956  7631  7877 W System.err: com.qiyukf.unicorn.f.b.b: post request error code is: 408
05-29 13:46:28.956  7631  7877 W System.err: 	at com.qiyukf.unicorn.f.b.a.b(Unknown Source:21)
05-29 13:46:28.956  7631  7877 W System.err: 	at com.qiyukf.unicorn.f.b.a.b(Unknown Source:4)
05-29 13:46:28.956  7631  7877 W System.err: 	at com.qiyukf.unicorn.f.c.a(Unknown Source:22)
05-29 13:46:28.956  7631  7877 W System.err: 	at com.qiyukf.unicorn.f.a$3.a(Unknown Source:6)
05-29 13:46:28.956  7631  7877 W System.err: 	at com.qiyukf.unicorn.j.a$1.run(Unknown Source:2)
05-29 13:46:28.956  7631  7877 W System.err: 	at android.os.Handler.handleCallback(Handler.java:789)
05-29 13:46:28.956  7631  7877 W System.err: 	at android.os.Handler.dispatchMessage(Handler.java:98)
05-29 13:46:28.956  7631  7877 W System.err: 	at android.os.Looper.loop(Looper.java:164)
05-29 13:46:28.956  7631  7877 W System.err: 	at android.os.HandlerThread.run(HandlerThread.java:65)
05-29 13:46:28.956  7631  7877 W System.err: Caused by: java.net.UnknownHostException: Unable to resolve host "nim.qiyukf.com": No address associated with hostname
05-29 13:46:28.956  7631  7877 W System.err: 	at java.net.Inet6AddressImpl.lookupHostByName(Inet6AddressImpl.java:111)
05-29 13:46:28.956  7631  7877 W System.err: 	at java.net.Inet6AddressImpl.lookupAllHostAddr(Inet6AddressImpl.java:90)
05-29 13:46:28.957  7631  7877 W System.err: 	at java.net.InetAddress.getAllByName(InetAddress.java:787)
05-29 13:46:28.957  7631  7877 W System.err: 	at com.android.okhttp.Dns$1.lookup(Dns.java:39)
05-29 13:46:28.957  7631  7877 W System.err: 	at com.android.okhttp.internal.http.RouteSelector.resetNextInetSocketAddress(RouteSelector.java:175)
05-29 13:46:28.957  7631  7877 W System.err: 	at com.android.okhttp.internal.http.RouteSelector.nextProxy(RouteSelector.java:141)
05-29 13:46:28.957  7631  7877 W System.err: 	at com.android.okhttp.internal.http.RouteSelector.next(RouteSelector.java:83)
05-29 13:46:28.957  7631  7877 W System.err: 	at com.android.okhttp.internal.http.StreamAllocation.findConnection(StreamAllocation.java:174)
05-29 13:46:28.957  7631  7877 W System.err: 	at com.android.okhttp.internal.http.StreamAllocation.findHealthyConnection(StreamAllocation.java:126)
05-29 13:46:28.957  7631  7877 W System.err: 	at com.android.okhttp.internal.http.StreamAllocation.newStream(StreamAllocation.java:95)
05-29 13:46:28.957  7631  7877 W System.err: 	at com.android.okhttp.internal.http.HttpEngine.connect(HttpEngine.java:281)
05-29 13:46:28.957  7631  7877 W System.err: 	at com.android.okhttp.internal.http.HttpEngine.sendRequest(HttpEngine.java:224)
05-29 13:46:28.957  7631  7877 W System.err: 	at com.android.okhttp.internal.huc.HttpURLConnectionImpl.execute(HttpURLConnectionImpl.java:461)
05-29 13:46:28.957  7631  7877 W System.err: 	at com.android.okhttp.internal.huc.HttpURLConnectionImpl.getResponse(HttpURLConnectionImpl.java:407)
05-29 13:46:28.957  7631  7877 W System.err: 	at com.android.okhttp.internal.huc.HttpURLConnectionImpl.getResponseCode(HttpURLConnectionImpl.java:538)
05-29 13:46:28.957  7631  7877 W System.err: 	at com.android.okhttp.internal.huc.DelegatingHttpsURLConnection.getResponseCode(DelegatingHttpsURLConnection.java:105)
05-29 13:46:28.957  7631  7877 W System.err: 	at com.android.okhttp.internal.huc.HttpsURLConnectionImpl.getResponseCode(Unknown Source:0)
05-29 13:46:28.957  7631  7877 W System.err: 	at com.networkbench.agent.impl.instrumentation.NBSHttpsURLConnectionExtension.getResponseCode(SourceFile:229)
05-29 13:46:28.957  7631  7877 W System.err: 	at com.qiyukf.basesdk.b.a.c.b.b(Unknown Source:13)
05-29 13:46:28.957  7631  7877 W System.err: 	at com.qiyukf.unicorn.f.b.a.b(Unknown Source:10)
05-29 13:46:28.957  7631  7877 W System.err: 	... 8 more
05-29 13:46:33.284   367  1128 I GnssLocationProvider: WakeLock acquired by sendMessage(SET_REQUEST, 0, com.android.server.location.GnssLocationProvider$GpsRequest@25bf1ed)
05-29 13:46:33.285   367   486 I GnssLocationProvider: WakeLock released by handleMessage(SET_REQUEST, 0, com.android.server.location.GnssLocationProvider$GpsRequest@25bf1ed)
05-29 13:46:37.045  1471  8122 W System.err: java.net.UnknownHostException: Unable to resolve host "loc.map.baidu.com": No address associated with hostname
05-29 13:46:37.045  1471  8122 W System.err: 	at java.net.Inet6AddressImpl.lookupHostByName(Inet6AddressImpl.java:111)
05-29 13:46:37.045  1471  8122 W System.err: 	at java.net.Inet6AddressImpl.lookupAllHostAddr(Inet6AddressImpl.java:90)
05-29 13:46:37.045  1471  8122 W System.err: 	at java.net.InetAddress.getAllByName(InetAddress.java:787)
05-29 13:46:37.045  1471  8122 W System.err: 	at com.android.okhttp.Dns$1.lookup(Dns.java:39)
05-29 13:46:37.045  1471  8122 W System.err: 	at com.android.okhttp.internal.http.RouteSelector.resetNextInetSocketAddress(RouteSelector.java:175)
05-29 13:46:37.045  1471  8122 W System.err: 	at com.android.okhttp.internal.http.RouteSelector.nextProxy(RouteSelector.java:141)
05-29 13:46:37.045  1471  8122 W System.err: 	at com.android.okhttp.internal.http.RouteSelector.next(RouteSelector.java:83)
05-29 13:46:37.045  1471  8122 W System.err: 	at com.android.okhttp.internal.http.StreamAllocation.findConnection(StreamAllocation.java:174)
05-29 13:46:37.045  1471  8122 W System.err: 	at com.android.okhttp.internal.http.StreamAllocation.findHealthyConnection(StreamAllocation.java:126)
05-29 13:46:37.045  1471  8122 W System.err: 	at com.android.okhttp.internal.http.StreamAllocation.newStream(StreamAllocation.java:95)
05-29 13:46:37.045  1471  8122 W System.err: 	at com.android.okhttp.internal.http.HttpEngine.connect(HttpEngine.java:281)
05-29 13:46:37.045  1471  8122 W System.err: 	at com.android.okhttp.internal.http.HttpEngine.sendRequest(HttpEngine.java:224)
05-29 13:46:37.045  1471  8122 W System.err: 	at com.android.okhttp.internal.huc.HttpURLConnectionImpl.execute(HttpURLConnectionImpl.java:461)
05-29 13:46:37.045  1471  8122 W System.err: 	at com.android.okhttp.internal.huc.HttpURLConnectionImpl.connect(HttpURLConnectionImpl.java:127)
05-29 13:46:37.045  1471  8122 W System.err: 	at com.android.okhttp.internal.huc.HttpURLConnectionImpl.getOutputStream(HttpURLConnectionImpl.java:258)
05-29 13:46:37.045  1471  8122 W System.err: 	at com.android.okhttp.internal.huc.DelegatingHttpsURLConnection.getOutputStream(DelegatingHttpsURLConnection.java:218)
05-29 13:46:37.045  1471  8122 W System.err: 	at com.android.okhttp.internal.huc.HttpsURLConnectionImpl.getOutputStream(Unknown Source:0)
05-29 13:46:37.045  1471  8122 W System.err: 	at com.networkbench.agent.impl.instrumentation.NBSHttpsURLConnectionExtension.getOutputStream(SourceFile:395)
05-29 13:46:37.045  1471  8122 W System.err: 	at com.baidu.location.g.h.run(Unknown Source:205)
05-29 13:46:37.045  1471  8122 I baidu_location_service: https NetworkCommunicationException!
05-29 13:46:37.084   367   379 D WificondControl: Scan result ready event
05-29 13:46:37.086   367   576 W WifiConfigManager: Looking up network with invalid networkId -1
05-29 13:46:37.086   367   576 W WifiConfigManager: Looking up network with invalid networkId -1
05-29 13:46:39.972  1927  2411 E ZLS-UPLOAD: /storage/emulated/0/Android/data/cn.zhimawu.shouyiren/files/cn.zhimawu.shouyiren/zls_uuid no exist
05-29 13:46:39.974  1927  2411 E ZLS-UPLOAD: /storage/emulated/0/Android/data/cn.zhimawu.shouyiren/files/cn.zhimawu.shouyiren/zls_uuid no exist
05-29 13:46:53.336  1927  2409 E ZLS-LOCATION: context : [false,true,0,NET_NO] ; config : [CACHE_GPS] ; event : WaitEventTimeUpEvent
05-29 13:47:08.372  1927  2409 E ZLS-UPLOAD: /storage/emulated/0/Android/data/cn.zhimawu.shouyiren/files/cn.zhimawu.shouyiren/zls_uuid no exist
05-29 13:47:18.869   367   486 E memtrack: Couldn't load memtrack module
05-29 13:47:18.869   367   486 W android.os.Debug: failed to get memory consumption info: -1
05-29 13:47:37.056  1471  8141 W System.err: java.net.UnknownHostException: Unable to resolve host "loc.map.baidu.com": No address associated with hostname
05-29 13:47:37.057  1471  8141 W System.err: 	at java.net.Inet6AddressImpl.lookupHostByName(Inet6AddressImpl.java:111)
05-29 13:47:37.057  1471  8141 W System.err: 	at java.net.Inet6AddressImpl.lookupAllHostAddr(Inet6AddressImpl.java:90)
05-29 13:47:37.057  1471  8141 W System.err: 	at java.net.InetAddress.getAllByName(InetAddress.java:787)
05-29 13:47:37.057  1471  8141 W System.err: 	at com.android.okhttp.Dns$1.lookup(Dns.java:39)
05-29 13:47:37.057  1471  8141 W System.err: 	at com.android.okhttp.internal.http.RouteSelector.resetNextInetSocketAddress(RouteSelector.java:175)
05-29 13:47:37.057  1471  8141 W System.err: 	at com.android.okhttp.internal.http.RouteSelector.nextProxy(RouteSelector.java:141)
05-29 13:47:37.057  1471  8141 W System.err: 	at com.android.okhttp.internal.http.RouteSelector.next(RouteSelector.java:83)
05-29 13:47:37.057  1471  8141 W System.err: 	at com.android.okhttp.internal.http.StreamAllocation.findConnection(StreamAllocation.java:174)
05-29 13:47:37.057  1471  8141 W System.err: 	at com.android.okhttp.internal.http.StreamAllocation.findHealthyConnection(StreamAllocation.java:126)
05-29 13:47:37.057  1471  8141 W System.err: 	at com.android.okhttp.internal.http.StreamAllocation.newStream(StreamAllocation.java:95)
05-29 13:47:37.057  1471  8141 W System.err: 	at com.android.okhttp.internal.http.HttpEngine.connect(HttpEngine.java:281)
05-29 13:47:37.057  1471  8141 W System.err: 	at com.android.okhttp.internal.http.HttpEngine.sendRequest(HttpEngine.java:224)
05-29 13:47:37.057  1471  8141 W System.err: 	at com.android.okhttp.internal.huc.HttpURLConnectionImpl.execute(HttpURLConnectionImpl.java:461)
05-29 13:47:37.057  1471  8141 W System.err: 	at com.android.okhttp.internal.huc.HttpURLConnectionImpl.connect(HttpURLConnectionImpl.java:127)
05-29 13:47:37.057  1471  8141 W System.err: 	at com.android.okhttp.internal.huc.HttpURLConnectionImpl.getOutputStream(HttpURLConnectionImpl.java:258)
05-29 13:47:37.057  1471  8141 W System.err: 	at com.android.okhttp.internal.huc.DelegatingHttpsURLConnection.getOutputStream(DelegatingHttpsURLConnection.java:218)
05-29 13:47:37.057  1471  8141 W System.err: 	at com.android.okhttp.internal.huc.HttpsURLConnectionImpl.getOutputStream(Unknown Source:0)
05-29 13:47:37.057  1471  8141 W System.err: 	at com.networkbench.agent.impl.instrumentation.NBSHttpsURLConnectionExtension.getOutputStream(SourceFile:395)
05-29 13:47:37.057  1471  8141 W System.err: 	at com.baidu.location.g.h.run(Unknown Source:205)
05-29 13:47:37.057  1471  8141 I baidu_location_service: https NetworkCommunicationException!
05-29 13:47:37.089   367  1179 D WificondControl: Scan result ready event
05-29 13:47:37.091   367   576 W WifiConfigManager: Looking up network with invalid networkId -1
05-29 13:47:37.094   367   576 W WifiConfigManager: Looking up network with invalid networkId -1
05-29 13:47:37.094   367   576 D WifiStateMachine: CMD_START_CONNECT sup state DisconnectedState my state DisconnectedState nid=0 roam=false
05-29 13:47:37.094   406   406 W wificond: Scan is not started. Ignore abort request
05-29 13:47:37.095   367   576 D SupplicantStaIfaceHal: connectToNetwork "AndroidWifi"NONE
05-29 13:47:37.095   367   576 I SupplicantStaIfaceHal: addSupplicantStaNetwork via HIDL
05-29 13:47:37.102   736   736 I wpa_supplicant: wlan0: SME: Trying to authenticate with 02:00:00:00:01:00 (SSID='AndroidWifi' freq=2447 MHz)
05-29 13:47:37.102   326   326 I hostapd : wlan1: STA 02:00:00:00:00:00 IEEE 802.11: authenticated
05-29 13:47:37.102   326   326 I hostapd : wlan1: STA 02:00:00:00:00:00 IEEE 802.11: authenticated
05-29 13:47:37.102   736   736 I wpa_supplicant: wlan0: Trying to associate with 02:00:00:00:01:00 (SSID='AndroidWifi' freq=2447 MHz)
05-29 13:47:37.104   326   326 I hostapd : wlan1: STA 02:00:00:00:00:00 IEEE 802.11: associated (aid 1)
05-29 13:47:37.104   326   326 I hostapd : wlan1: STA 02:00:00:00:00:00 IEEE 802.11: associated (aid 1)
05-29 13:47:37.104   326   326 I hostapd : wlan1: AP-STA-CONNECTED 02:00:00:00:00:00
05-29 13:47:37.105   736   736 I wpa_supplicant: wlan0: Associated with 02:00:00:00:01:00
05-29 13:47:37.105   736   736 I wpa_supplicant: wlan0: CTRL-EVENT-CONNECTED - Connection to 02:00:00:00:01:00 completed [id=0 id_str=%7B%22configKey%22%3A%22%5C%22AndroidWifi%5C%22NONE%22%2C%22creatorUid%22%3A%221000%22%7D]
05-29 13:47:37.105   736   736 I wpa_supplicant: wlan0: CTRL-EVENT-SUBNET-STATUS-UPDATE status=0
05-29 13:47:37.107  1927  2410 E ZLS-UPLOAD: /storage/emulated/0/Android/data/cn.zhimawu.shouyiren/files/cn.zhimawu.shouyiren/zls_uuid no exist
05-29 13:47:37.109   367   576 D ConnectivityService: registerNetworkAgent NetworkAgentInfo{ ni{[type: WIFI[], state: CONNECTING/CONNECTING, reason: (unspecified), extra: "AndroidWifi", failover: false, available: true, roaming: false, metered: false]}  network{140}  nethandle{601311857374}  lp{{LinkAddresses: []  Routes: [] DnsAddresses: [] Domains: null MTU: 0}}  nc{[ Transports: WIFI Capabilities: NOT_METERED&INTERNET&NOT_RESTRICTED&TRUSTED&NOT_VPN LinkUpBandwidth>=1048576Kbps LinkDnBandwidth>=1048576Kbps]}  Score{20}  everValidated{false}  lastValidated{false}  created{false} lingering{false} explicitlySelected{false} acceptUnvalidated{false} everCaptivePortalDetected{false} lastCaptivePortalDetected{false} }
05-29 13:47:37.110   367   580 D ConnectivityService: NetworkAgentInfo [WIFI () - 140] EVENT_NETWORK_INFO_CHANGED, going from null to CONNECTING
05-29 13:47:37.111   367   576 E SupplicantStaIfaceHal: ISupplicantStaIface.setPowerSave failed: FAILURE_UNKNOWN, 
05-29 13:47:37.111   367   576 E SupplicantStaIfaceHal: ISupplicantStaIface.setBtCoexistenceMode failed: FAILURE_UNKNOWN, 
05-29 13:47:37.112   367   576 E WifiVendorHal: getApfCapabilities(l.1497) failed {.code = ERROR_NOT_SUPPORTED, .description = }
05-29 13:47:37.114   367   576 E WifiVendorHal: configureNeighborDiscoveryOffload(l.2199) failed {.code = ERROR_NOT_SUPPORTED, .description = }
05-29 13:47:37.115   367   576 E SupplicantStaIfaceHal: ISupplicantStaIface.stopRxFilter failed: FAILURE_UNKNOWN, 
05-29 13:47:37.138   367   576 E SupplicantStaIfaceHal: ISupplicantStaIface.setBtCoexistenceMode failed: FAILURE_UNKNOWN, 
05-29 13:47:37.138   367   576 E SupplicantStaIfaceHal: ISupplicantStaIface.setSuspendModeEnabled failed: FAILURE_UNKNOWN, 
05-29 13:47:37.138   367  8148 D DhcpClient: Receive thread started
05-29 13:47:37.138   367   576 E SupplicantStaIfaceHal: ISupplicantStaIface.setSuspendModeEnabled failed: FAILURE_UNKNOWN, 
05-29 13:47:37.140   367  8146 D DhcpClient: Broadcasting DHCPDISCOVER
05-29 13:47:40.016  1927  2411 E ZLS-UPLOAD: /storage/emulated/0/Android/data/cn.zhimawu.shouyiren/files/cn.zhimawu.shouyiren/zls_uuid no exist
05-29 13:47:40.018  1927  2411 E ZLS-UPLOAD: /storage/emulated/0/Android/data/cn.zhimawu.shouyiren/files/cn.zhimawu.shouyiren/zls_uuid no exist
05-29 13:47:42.141   367  8146 D DhcpClient: Broadcasting DHCPDISCOVER
05-29 13:47:47.095   367   576 W AlarmManager: Unrecognized alarm listener com.android.server.wifi.WifiConfigStore$1@f19a5c7
05-29 13:47:47.095  1569  1569 D WakeupAlarmManager: cancel wakelock 
05-29 13:47:47.097  7783  7783 D WakeupAlarmManager: cancel wakelock 
05-29 13:47:47.101   367   576 D WifiConfigStore: Writing to stores completed in 6 ms.
05-29 13:47:47.142   367  8146 D DhcpClient: Broadcasting DHCPDISCOVER
05-29 13:47:54.968   367  8146 D DhcpClient: Broadcasting DHCPDISCOVER
05-29 13:48:05.885  1297  3281 V core    : 186/network is not available
05-29 13:48:05.889  1297  1304 I zygote  : Do full code cache collection, code=120KB, data=86KB
05-29 13:48:05.890  1297  1304 I zygote  : After code cache collection, code=95KB, data=57KB
05-29 13:48:08.998  7631  7877 V test    : 463/http request: https://nim.qiyukf.com/webapi/user/create.action?deviceid=259d9844b14848d884df3961e04eb8c9&appkey=b4efd9792bb291da0cbf8ef18f141381
05-29 13:48:09.004  7631  7877 W System.err: com.qiyukf.unicorn.f.b.b: post request error code is: 408
05-29 13:48:09.004  7631  7877 W System.err: 	at com.qiyukf.unicorn.f.b.a.b(Unknown Source:21)
05-29 13:48:09.004  7631  7877 W System.err: 	at com.qiyukf.unicorn.f.b.a.b(Unknown Source:4)
05-29 13:48:09.004  7631  7877 W System.err: 	at com.qiyukf.unicorn.f.c.a(Unknown Source:22)
05-29 13:48:09.004  7631  7877 W System.err: 	at com.qiyukf.unicorn.f.a$3.a(Unknown Source:6)
05-29 13:48:09.004  7631  7877 W System.err: 	at com.qiyukf.unicorn.j.a$1.run(Unknown Source:2)
05-29 13:48:09.004  7631  7877 W System.err: 	at android.os.Handler.handleCallback(Handler.java:789)
05-29 13:48:09.004  7631  7877 W System.err: 	at android.os.Handler.dispatchMessage(Handler.java:98)
05-29 13:48:09.004  7631  7877 W System.err: 	at android.os.Looper.loop(Looper.java:164)
05-29 13:48:09.004  7631  7877 W System.err: 	at android.os.HandlerThread.run(HandlerThread.java:65)
05-29 13:48:09.004  7631  7877 W System.err: Caused by: java.net.UnknownHostException: Unable to resolve host "nim.qiyukf.com": No address associated with hostname
05-29 13:48:09.004  7631  7877 W System.err: 	at java.net.Inet6AddressImpl.lookupHostByName(Inet6AddressImpl.java:111)
05-29 13:48:09.004  7631  7877 W System.err: 	at java.net.Inet6AddressImpl.lookupAllHostAddr(Inet6AddressImpl.java:90)
05-29 13:48:09.004  7631  7877 W System.err: 	at java.net.InetAddress.getAllByName(InetAddress.java:787)
05-29 13:48:09.004  7631  7877 W System.err: 	at com.android.okhttp.Dns$1.lookup(Dns.java:39)
05-29 13:48:09.004  7631  7877 W System.err: 	at com.android.okhttp.internal.http.RouteSelector.resetNextInetSocketAddress(RouteSelector.java:175)
05-29 13:48:09.004  7631  7877 W System.err: 	at com.android.okhttp.internal.http.RouteSelector.nextProxy(RouteSelector.java:141)
05-29 13:48:09.004  7631  7877 W System.err: 	at com.android.okhttp.internal.http.RouteSelector.next(RouteSelector.java:83)
05-29 13:48:09.004  7631  7877 W System.err: 	at com.android.okhttp.internal.http.StreamAllocation.findConnection(StreamAllocation.java:174)
05-29 13:48:09.004  7631  7877 W System.err: 	at com.android.okhttp.internal.http.StreamAllocation.findHealthyConnection(StreamAllocation.java:126)
05-29 13:48:09.004  7631  7877 W System.err: 	at com.android.okhttp.internal.http.StreamAllocation.newStream(StreamAllocation.java:95)
05-29 13:48:09.004  7631  7877 W System.err: 	at com.android.okhttp.internal.http.HttpEngine.connect(HttpEngine.java:281)
05-29 13:48:09.005  7631  7877 W System.err: 	at com.android.okhttp.internal.http.HttpEngine.sendRequest(HttpEngine.java:224)
05-29 13:48:09.005  7631  7877 W System.err: 	at com.android.okhttp.internal.huc.HttpURLConnectionImpl.execute(HttpURLConnectionImpl.java:461)
05-29 13:48:09.005  7631  7877 W System.err: 	at com.android.okhttp.internal.huc.HttpURLConnectionImpl.getResponse(HttpURLConnectionImpl.java:407)
05-29 13:48:09.005  7631  7877 W System.err: 	at com.android.okhttp.internal.huc.HttpURLConnectionImpl.getResponseCode(HttpURLConnectionImpl.java:538)
05-29 13:48:09.005  7631  7877 W System.err: 	at com.android.okhttp.internal.huc.DelegatingHttpsURLConnection.getResponseCode(DelegatingHttpsURLConnection.java:105)
05-29 13:48:09.005  7631  7877 W System.err: 	at com.android.okhttp.internal.huc.HttpsURLConnectionImpl.getResponseCode(Unknown Source:0)
05-29 13:48:09.005  7631  7877 W System.err: 	at com.networkbench.agent.impl.instrumentation.NBSHttpsURLConnectionExtension.getResponseCode(SourceFile:229)
05-29 13:48:09.005  7631  7877 W System.err: 	at com.qiyukf.basesdk.b.a.c.b.b(Unknown Source:13)
05-29 13:48:09.005  7631  7877 W System.err: 	at com.qiyukf.unicorn.f.b.a.b(Unknown Source:10)
05-29 13:48:09.005  7631  7877 W System.err: 	... 8 more
05-29 13:48:10.801   367  8146 D DhcpClient: Broadcasting DHCPDISCOVER
05-29 13:48:13.113   367   577 D DhcpClient: doQuit
05-29 13:48:13.114   367  8148 D DhcpClient: Receive thread stopped
05-29 13:48:13.115   326   326 I hostapd : wlan1: AP-STA-DISCONNECTED 02:00:00:00:00:00
05-29 13:48:13.115   736   736 I wpa_supplicant: wlan0: CTRL-EVENT-DISCONNECTED bssid=02:00:00:00:01:00 reason=3 locally_generated=1
05-29 13:48:13.115   736   736 E wpa_supplicant: nl80211: Failed to open /proc/sys/net/ipv4/conf/wlan0/drop_unicast_in_l2_multicast: No such file or directory
05-29 13:48:13.116   736   736 E wpa_supplicant: nl80211: Failed to set IPv4 unicast in multicast filter
05-29 13:48:13.118   367  8146 D DhcpClient: onQuitting
05-29 13:48:13.118   736   736 E wpa_supplicant: nl80211: Failed to open /proc/sys/net/ipv4/conf/wlan0/drop_unicast_in_l2_multicast: No such file or directory
05-29 13:48:13.118   736   736 E wpa_supplicant: nl80211: Failed to set IPv4 unicast in multicast filter
05-29 13:48:13.120   318   348 E Netd    : Failed to destroy IPv6 sockets on fe80::ff:fe00:0: No such file or directory
05-29 13:48:13.120   318   348 E Netd    : Error destroying sockets: Unknown error -2
05-29 13:48:13.120   318   356 D CommandListener: Clearing all IP addresses on wlan0
05-29 13:48:13.129   367   576 E WifiVendorHal: getTxPktFates(l.1941) failed {.code = ERROR_NOT_SUPPORTED, .description = }
05-29 13:48:13.130   367   576 E WifiVendorHal: getRxPktFates(l.1981) failed {.code = ERROR_NOT_SUPPORTED, .description = }
05-29 13:48:13.130   367   576 E WifiVendorHal: stopRssiMonitoring(l.2115) failed {.code = ERROR_NOT_AVAILABLE, .description = }
05-29 13:48:13.131   367   576 E SupplicantStaIfaceHal: ISupplicantStaIface.setPowerSave failed: FAILURE_UNKNOWN, 
05-29 13:48:13.131   367   576 E SupplicantStaIfaceHal: ISupplicantStaIface.setBtCoexistenceMode failed: FAILURE_UNKNOWN, 
05-29 13:48:13.131   367   580 D ConnectivityService: NetworkAgentInfo [WIFI () - 140] EVENT_NETWORK_INFO_CHANGED, going from CONNECTING to DISCONNECTED
05-29 13:48:13.131   367   580 D ConnectivityService: NetworkAgentInfo [WIFI () - 140] got DISCONNECTED, was satisfying 0
05-29 13:48:13.136   367   576 E SupplicantStaIfaceHal: ISupplicantStaIface.setCountryCode failed: FAILURE_UNKNOWN, 
05-29 13:48:13.136   367   576 D WifiCountryCode: Failed to set country code to: US
05-29 13:48:13.136   367   576 D WifiStateMachine: Start Disconnecting Watchdog 41
05-29 13:48:13.137   367   576 E WifiVendorHal: stopRssiMonitoring(l.2115) failed {.code = ERROR_NOT_AVAILABLE, .description = }
05-29 13:48:13.138   367   576 E SupplicantStaIfaceHal: ISupplicantStaIface.setPowerSave failed: FAILURE_UNKNOWN, 
05-29 13:48:13.138   367   576 E SupplicantStaIfaceHal: ISupplicantStaIface.setBtCoexistenceMode failed: FAILURE_UNKNOWN, 
05-29 13:48:13.139   367   576 I WifiStateMachine: disconnectedstate enter
05-29 13:48:13.140   367   576 D WifiNetworkAgent: NetworkAgent: NetworkAgent channel lost
05-29 13:48:16.744   367  1146 D WificondControl: Scan result ready event
05-29 13:48:16.747   367   576 W WifiConfigManager: Looking up network with invalid networkId -1
05-29 13:48:16.748   367   576 W WifiConfigManager: Looking up network with invalid networkId -1
05-29 13:48:16.748   367   576 D WifiStateMachine: CMD_START_CONNECT sup state DisconnectedState my state DisconnectedState nid=0 roam=false
05-29 13:48:16.748   406   406 W wificond: Scan is not started. Ignore abort request
05-29 13:48:16.748   367   576 D SupplicantStaIfaceHal: connectToNetwork "AndroidWifi"NONE
05-29 13:48:16.748   367   576 D SupplicantStaIfaceHal: Network is already saved, will not trigger remove and add operation.
05-29 13:48:16.749   736   736 I wpa_supplicant: wlan0: SME: Trying to authenticate with 02:00:00:00:01:00 (SSID='AndroidWifi' freq=2447 MHz)
05-29 13:48:16.749   326   326 I hostapd : wlan1: STA 02:00:00:00:00:00 IEEE 802.11: authenticated
05-29 13:48:16.749   326   326 I hostapd : wlan1: STA 02:00:00:00:00:00 IEEE 802.11: authenticated
05-29 13:48:16.749   736   736 I wpa_supplicant: wlan0: Trying to associate with 02:00:00:00:01:00 (SSID='AndroidWifi' freq=2447 MHz)
05-29 13:48:16.752   326   326 I hostapd : wlan1: STA 02:00:00:00:00:00 IEEE 802.11: associated (aid 1)
05-29 13:48:16.752   326   326 I hostapd : wlan1: STA 02:00:00:00:00:00 IEEE 802.11: associated (aid 1)
05-29 13:48:16.752   326   326 I hostapd : wlan1: AP-STA-CONNECTED 02:00:00:00:00:00
05-29 13:48:16.753   736   736 I wpa_supplicant: wlan0: Associated with 02:00:00:00:01:00
05-29 13:48:16.753   736   736 I wpa_supplicant: wlan0: CTRL-EVENT-CONNECTED - Connection to 02:00:00:00:01:00 completed [id=0 id_str=%7B%22configKey%22%3A%22%5C%22AndroidWifi%5C%22NONE%22%2C%22creatorUid%22%3A%221000%22%7D]
05-29 13:48:16.753   736   736 I wpa_supplicant: wlan0: CTRL-EVENT-SUBNET-STATUS-UPDATE status=0
05-29 13:48:16.756   367   576 D ConnectivityService: registerNetworkAgent NetworkAgentInfo{ ni{[type: WIFI[], state: CONNECTING/CONNECTING, reason: (unspecified), extra: "AndroidWifi", failover: false, available: true, roaming: false, metered: false]}  network{141}  nethandle{605606824670}  lp{{LinkAddresses: []  Routes: [] DnsAddresses: [] Domains: null MTU: 0}}  nc{[ Transports: WIFI Capabilities: NOT_METERED&INTERNET&NOT_RESTRICTED&TRUSTED&NOT_VPN LinkUpBandwidth>=1048576Kbps LinkDnBandwidth>=1048576Kbps]}  Score{20}  everValidated{false}  lastValidated{false}  created{false} lingering{false} explicitlySelected{false} acceptUnvalidated{false} everCaptivePortalDetected{false} lastCaptivePortalDetected{false} }
05-29 13:48:16.756   367   580 D ConnectivityService: NetworkAgentInfo [WIFI () - 141] EVENT_NETWORK_INFO_CHANGED, going from null to CONNECTING
05-29 13:48:16.759   367   576 E SupplicantStaIfaceHal: ISupplicantStaIface.setPowerSave failed: FAILURE_UNKNOWN, 
05-29 13:48:16.760   367   576 E SupplicantStaIfaceHal: ISupplicantStaIface.setBtCoexistenceMode failed: FAILURE_UNKNOWN, 
05-29 13:48:16.760   367   576 E WifiVendorHal: getApfCapabilities(l.1497) failed {.code = ERROR_NOT_SUPPORTED, .description = }
05-29 13:48:16.762   367   576 E WifiVendorHal: configureNeighborDiscoveryOffload(l.2199) failed {.code = ERROR_NOT_SUPPORTED, .description = }
05-29 13:48:16.762   367   576 E SupplicantStaIfaceHal: ISupplicantStaIface.stopRxFilter failed: FAILURE_UNKNOWN, 
05-29 13:48:16.780   367  8163 D DhcpClient: Receive thread started
05-29 13:48:16.781   367   576 E SupplicantStaIfaceHal: ISupplicantStaIface.setBtCoexistenceMode failed: FAILURE_UNKNOWN, 
05-29 13:48:16.781   367   576 E SupplicantStaIfaceHal: ISupplicantStaIface.setSuspendModeEnabled failed: FAILURE_UNKNOWN, 
05-29 13:48:16.782   367  8161 D DhcpClient: Broadcasting DHCPDISCOVER
05-29 13:48:21.782   367  8161 D DhcpClient: Broadcasting DHCPDISCOVER
05-29 13:48:23.135   367   576 W AlarmManager: Unrecognized alarm listener com.android.server.wifi.WifiConfigStore$1@f19a5c7
05-29 13:48:23.141   367   576 D WifiConfigStore: Writing to stores completed in 6 ms.
05-29 13:48:26.782   367  8161 D DhcpClient: Broadcasting DHCPDISCOVER
05-29 13:48:35.310   367  8161 D DhcpClient: Broadcasting DHCPDISCOVER
05-29 13:48:37.058  1471  8172 W System.err: java.net.UnknownHostException: Unable to resolve host "loc.map.baidu.com": No address associated with hostname
05-29 13:48:37.058  1471  8172 W System.err: 	at java.net.Inet6AddressImpl.lookupHostByName(Inet6AddressImpl.java:111)
05-29 13:48:37.058  1471  8172 W System.err: 	at java.net.Inet6AddressImpl.lookupAllHostAddr(Inet6AddressImpl.java:90)
05-29 13:48:37.058  1471  8172 W System.err: 	at java.net.InetAddress.getAllByName(InetAddress.java:787)
05-29 13:48:37.058  1471  8172 W System.err: 	at com.android.okhttp.Dns$1.lookup(Dns.java:39)
05-29 13:48:37.058  1471  8172 W System.err: 	at com.android.okhttp.internal.http.RouteSelector.resetNextInetSocketAddress(RouteSelector.java:175)
05-29 13:48:37.058  1471  8172 W System.err: 	at com.android.okhttp.internal.http.RouteSelector.nextProxy(RouteSelector.java:141)
05-29 13:48:37.058  1471  8172 W System.err: 	at com.android.okhttp.internal.http.RouteSelector.next(RouteSelector.java:83)
05-29 13:48:37.058  1471  8172 W System.err: 	at com.android.okhttp.internal.http.StreamAllocation.findConnection(StreamAllocation.java:174)
05-29 13:48:37.058  1471  8172 W System.err: 	at com.android.okhttp.internal.http.StreamAllocation.findHealthyConnection(StreamAllocation.java:126)
05-29 13:48:37.058  1471  8172 W System.err: 	at com.android.okhttp.internal.http.StreamAllocation.newStream(StreamAllocation.java:95)
05-29 13:48:37.058  1471  8172 W System.err: 	at com.android.okhttp.internal.http.HttpEngine.connect(HttpEngine.java:281)
05-29 13:48:37.058  1471  8172 W System.err: 	at com.android.okhttp.internal.http.HttpEngine.sendRequest(HttpEngine.java:224)
05-29 13:48:37.058  1471  8172 W System.err: 	at com.android.okhttp.internal.huc.HttpURLConnectionImpl.execute(HttpURLConnectionImpl.java:461)
05-29 13:48:37.058  1471  8172 W System.err: 	at com.android.okhttp.internal.huc.HttpURLConnectionImpl.connect(HttpURLConnectionImpl.java:127)
05-29 13:48:37.058  1471  8172 W System.err: 	at com.android.okhttp.internal.huc.HttpURLConnectionImpl.getOutputStream(HttpURLConnectionImpl.java:258)
05-29 13:48:37.058  1471  8172 W System.err: 	at com.android.okhttp.internal.huc.DelegatingHttpsURLConnection.getOutputStream(DelegatingHttpsURLConnection.java:218)
05-29 13:48:37.058  1471  8172 W System.err: 	at com.android.okhttp.internal.huc.HttpsURLConnectionImpl.getOutputStream(Unknown Source:0)
05-29 13:48:37.058  1471  8172 W System.err: 	at com.networkbench.agent.impl.instrumentation.NBSHttpsURLConnectionExtension.getOutputStream(SourceFile:395)
05-29 13:48:37.058  1471  8172 W System.err: 	at com.baidu.location.g.h.run(Unknown Source:205)
05-29 13:48:37.059  1471  8172 I baidu_location_service: https NetworkCommunicationException!
05-29 13:48:37.099   367   576 E WifiVendorHal: getTxPktFates(l.1941) failed {.code = ERROR_NOT_SUPPORTED, .description = }
05-29 13:48:37.099   367   576 E WifiVendorHal: getRxPktFates(l.1981) failed {.code = ERROR_NOT_SUPPORTED, .description = }
05-29 13:48:40.054  1927  2411 E ZLS-UPLOAD: /storage/emulated/0/Android/data/cn.zhimawu.shouyiren/files/cn.zhimawu.shouyiren/zls_uuid no exist
05-29 13:48:40.057  1927  2411 E ZLS-UPLOAD: /storage/emulated/0/Android/data/cn.zhimawu.shouyiren/files/cn.zhimawu.shouyiren/zls_uuid no exist
05-29 13:48:48.454  7631  7631 D JIGUANG-JCore: [PushReceiver] onReceive - cn.jpush.android.intent.ACTION_REPORT_HISTORY
05-29 13:48:48.454  7631  7734 D JIGUANG-JPush: [PushReceiverCore] onReceive - cn.jpush.android.intent.ACTION_REPORT_HISTORY
05-29 13:48:51.156   367  8161 D DhcpClient: Broadcasting DHCPDISCOVER
05-29 13:48:52.761   367   577 D DhcpClient: doQuit
05-29 13:48:52.762   367  8161 D DhcpClient: onQuitting
05-29 13:48:52.763   736   736 I wpa_supplicant: wlan0: CTRL-EVENT-DISCONNECTED bssid=02:00:00:00:01:00 reason=3 locally_generated=1
05-29 13:48:52.763   736   736 E wpa_supplicant: nl80211: Failed to open /proc/sys/net/ipv4/conf/wlan0/drop_unicast_in_l2_multicast: No such file or directory
05-29 13:48:52.763   736   736 E wpa_supplicant: nl80211: Failed to set IPv4 unicast in multicast filter
05-29 13:48:52.763   326   326 I hostapd : wlan1: AP-STA-DISCONNECTED 02:00:00:00:00:00
05-29 13:48:52.763   736   736 E wpa_supplicant: nl80211: Failed to open /proc/sys/net/ipv4/conf/wlan0/drop_unicast_in_l2_multicast: No such file or directory
05-29 13:48:52.763   736   736 E wpa_supplicant: nl80211: Failed to set IPv4 unicast in multicast filter
05-29 13:48:52.764   318   356 D CommandListener: Clearing all IP addresses on wlan0
05-29 13:48:52.764   318   348 E Netd    : Failed to destroy IPv6 sockets on fe80::ff:fe00:0: No such file or directory
05-29 13:48:52.764   318   348 E Netd    : Error destroying sockets: Unknown error -2
05-29 13:48:52.776   367  8163 D DhcpClient: Receive thread stopped
05-29 13:48:52.782   367   576 E WifiVendorHal: getTxPktFates(l.1941) failed {.code = ERROR_NOT_SUPPORTED, .description = }
05-29 13:48:52.782   367   576 E WifiVendorHal: getRxPktFates(l.1981) failed {.code = ERROR_NOT_SUPPORTED, .description = }
05-29 13:48:52.782   367   576 E WifiVendorHal: stopRssiMonitoring(l.2115) failed {.code = ERROR_NOT_AVAILABLE, .description = }
05-29 13:48:52.783   367   576 E SupplicantStaIfaceHal: ISupplicantStaIface.setPowerSave failed: FAILURE_UNKNOWN, 
05-29 13:48:52.784   367   576 E SupplicantStaIfaceHal: ISupplicantStaIface.setBtCoexistenceMode failed: FAILURE_UNKNOWN, 
05-29 13:48:52.784   367   580 D ConnectivityService: NetworkAgentInfo [WIFI () - 141] EVENT_NETWORK_INFO_CHANGED, going from CONNECTING to DISCONNECTED
05-29 13:48:52.784   367   580 D ConnectivityService: NetworkAgentInfo [WIFI () - 141] got DISCONNECTED, was satisfying 0
05-29 13:48:52.788   367   576 E SupplicantStaIfaceHal: ISupplicantStaIface.setCountryCode failed: FAILURE_UNKNOWN, 
05-29 13:48:52.788   367   576 D WifiCountryCode: Failed to set country code to: US
05-29 13:48:52.788   367   576 D WifiStateMachine: Start Disconnecting Watchdog 42
05-29 13:48:52.788   367   576 E WifiVendorHal: stopRssiMonitoring(l.2115) failed {.code = ERROR_NOT_AVAILABLE, .description = }
05-29 13:48:52.790   367   576 E SupplicantStaIfaceHal: ISupplicantStaIface.setPowerSave failed: FAILURE_UNKNOWN, 
05-29 13:48:52.790   367   576 E SupplicantStaIfaceHal: ISupplicantStaIface.setBtCoexistenceMode failed: FAILURE_UNKNOWN, 
05-29 13:48:52.790   367   576 I WifiStateMachine: disconnectedstate enter
05-29 13:48:52.791   367   576 D WifiNetworkAgent: NetworkAgent: NetworkAgent channel lost
05-29 13:48:56.389   367  1146 D WificondControl: Scan result ready event
05-29 13:48:56.390   367   576 W WifiConfigManager: Looking up network with invalid networkId -1
05-29 13:48:56.391   367   576 W WifiConfigManager: Looking up network with invalid networkId -1
05-29 13:48:56.391   367   576 D WifiStateMachine: CMD_START_CONNECT sup state DisconnectedState my state DisconnectedState nid=0 roam=false
05-29 13:48:56.391   406   406 W wificond: Scan is not started. Ignore abort request
05-29 13:48:56.391   367   576 D SupplicantStaIfaceHal: connectToNetwork "AndroidWifi"NONE
05-29 13:48:56.391   367   576 D SupplicantStaIfaceHal: Network is already saved, will not trigger remove and add operation.
05-29 13:48:56.392   736   736 I wpa_supplicant: wlan0: SME: Trying to authenticate with 02:00:00:00:01:00 (SSID='AndroidWifi' freq=2447 MHz)
05-29 13:48:56.393   326   326 I hostapd : wlan1: STA 02:00:00:00:00:00 IEEE 802.11: authenticated
05-29 13:48:56.393   326   326 I hostapd : wlan1: STA 02:00:00:00:00:00 IEEE 802.11: authenticated
05-29 13:48:56.393   736   736 I wpa_supplicant: wlan0: Trying to associate with 02:00:00:00:01:00 (SSID='AndroidWifi' freq=2447 MHz)
05-29 13:48:56.396   326   326 I hostapd : wlan1: STA 02:00:00:00:00:00 IEEE 802.11: associated (aid 1)
05-29 13:48:56.396   326   326 I hostapd : wlan1: STA 02:00:00:00:00:00 IEEE 802.11: associated (aid 1)
05-29 13:48:56.396   326   326 I hostapd : wlan1: AP-STA-CONNECTED 02:00:00:00:00:00
05-29 13:48:56.397   736   736 I wpa_supplicant: wlan0: Associated with 02:00:00:00:01:00
05-29 13:48:56.397   736   736 I wpa_supplicant: wlan0: CTRL-EVENT-CONNECTED - Connection to 02:00:00:00:01:00 completed [id=0 id_str=%7B%22configKey%22%3A%22%5C%22AndroidWifi%5C%22NONE%22%2C%22creatorUid%22%3A%221000%22%7D]
05-29 13:48:56.397   736   736 I wpa_supplicant: wlan0: CTRL-EVENT-SUBNET-STATUS-UPDATE status=0
05-29 13:48:56.399   367   576 D ConnectivityService: registerNetworkAgent NetworkAgentInfo{ ni{[type: WIFI[], state: CONNECTING/CONNECTING, reason: (unspecified), extra: "AndroidWifi", failover: false, available: true, roaming: false, metered: false]}  network{142}  nethandle{609901791966}  lp{{LinkAddresses: []  Routes: [] DnsAddresses: [] Domains: null MTU: 0}}  nc{[ Transports: WIFI Capabilities: NOT_METERED&INTERNET&NOT_RESTRICTED&TRUSTED&NOT_VPN LinkUpBandwidth>=1048576Kbps LinkDnBandwidth>=1048576Kbps]}  Score{20}  everValidated{false}  lastValidated{false}  created{false} lingering{false} explicitlySelected{false} acceptUnvalidated{false} everCaptivePortalDetected{false} lastCaptivePortalDetected{false} }
05-29 13:48:56.399   367   580 D ConnectivityService: NetworkAgentInfo [WIFI () - 142] EVENT_NETWORK_INFO_CHANGED, going from null to CONNECTING
05-29 13:48:56.400   367   576 E SupplicantStaIfaceHal: ISupplicantStaIface.setPowerSave failed: FAILURE_UNKNOWN, 
05-29 13:48:56.401   367   576 E SupplicantStaIfaceHal: ISupplicantStaIface.setBtCoexistenceMode failed: FAILURE_UNKNOWN, 
05-29 13:48:56.401   367   576 E WifiVendorHal: getApfCapabilities(l.1497) failed {.code = ERROR_NOT_SUPPORTED, .description = }
05-29 13:48:56.403   367   576 E WifiVendorHal: configureNeighborDiscoveryOffload(l.2199) failed {.code = ERROR_NOT_SUPPORTED, .description = }
05-29 13:48:56.404   367   576 E SupplicantStaIfaceHal: ISupplicantStaIface.stopRxFilter failed: FAILURE_UNKNOWN, 
05-29 13:48:56.421   367  8186 D DhcpClient: Receive thread started
